Archive member included to satisfy reference by file (symbol)

c:/program files (x86)/7.0/toolchain/arm/arm-gnu-toolchain/bin/../lib/gcc/arm-none-eabi/6.3.1/thumb/v7e-m\libgcc.a(_arm_addsubdf3.o)
                              src/main.o (__aeabi_dsub)
c:/program files (x86)/7.0/toolchain/arm/arm-gnu-toolchain/bin/../lib/gcc/arm-none-eabi/6.3.1/thumb/v7e-m\libgcc.a(_arm_muldivdf3.o)
                              src/main.o (__aeabi_dmul)
c:/program files (x86)/7.0/toolchain/arm/arm-gnu-toolchain/bin/../lib/gcc/arm-none-eabi/6.3.1/thumb/v7e-m\libgcc.a(_arm_fixdfsi.o)
                              src/main.o (__aeabi_d2iz)
c:/program files (x86)/7.0/toolchain/arm/arm-gnu-toolchain/bin/../lib/gcc/arm-none-eabi/6.3.1/thumb/v7e-m\libgcc.a(_arm_truncdfsf2.o)
                              src/main.o (__aeabi_d2f)
c:/program files (x86)/7.0/toolchain/arm/arm-gnu-toolchain/bin/../lib/gcc/arm-none-eabi/6.3.1/thumb/v7e-m\libgcc.a(_aeabi_uldivmod.o)
                              src/oled/ssd1306.o (__aeabi_uldivmod)
c:/program files (x86)/7.0/toolchain/arm/arm-gnu-toolchain/bin/../lib/gcc/arm-none-eabi/6.3.1/thumb/v7e-m\libgcc.a(_udivmoddi4.o)
                              c:/program files (x86)/7.0/toolchain/arm/arm-gnu-toolchain/bin/../lib/gcc/arm-none-eabi/6.3.1/thumb/v7e-m\libgcc.a(_aeabi_uldivmod.o) (__udivmoddi4)
c:/program files (x86)/7.0/toolchain/arm/arm-gnu-toolchain/bin/../lib/gcc/arm-none-eabi/6.3.1/thumb/v7e-m\libgcc.a(_dvmd_tls.o)
                              c:/program files (x86)/7.0/toolchain/arm/arm-gnu-toolchain/bin/../lib/gcc/arm-none-eabi/6.3.1/thumb/v7e-m\libgcc.a(_aeabi_uldivmod.o) (__aeabi_ldiv0)
c:/program files (x86)/7.0/toolchain/arm/arm-gnu-toolchain/bin/../lib/gcc/arm-none-eabi/6.3.1/../../../../arm-none-eabi/lib/thumb/v7e-m\libc.a(lib_a-exit.o)
                              c:/program files (x86)/7.0/toolchain/arm/arm-gnu-toolchain/bin/../lib/gcc/arm-none-eabi/6.3.1/../../../../arm-none-eabi/lib/thumb/v7e-m/crt0.o (exit)
c:/program files (x86)/7.0/toolchain/arm/arm-gnu-toolchain/bin/../lib/gcc/arm-none-eabi/6.3.1/../../../../arm-none-eabi/lib/thumb/v7e-m\libc.a(lib_a-impure.o)
                              c:/program files (x86)/7.0/toolchain/arm/arm-gnu-toolchain/bin/../lib/gcc/arm-none-eabi/6.3.1/../../../../arm-none-eabi/lib/thumb/v7e-m\libc.a(lib_a-exit.o) (_global_impure_ptr)
c:/program files (x86)/7.0/toolchain/arm/arm-gnu-toolchain/bin/../lib/gcc/arm-none-eabi/6.3.1/../../../../arm-none-eabi/lib/thumb/v7e-m\libc.a(lib_a-init.o)
                              c:/program files (x86)/7.0/toolchain/arm/arm-gnu-toolchain/bin/../lib/gcc/arm-none-eabi/6.3.1/../../../../arm-none-eabi/lib/thumb/v7e-m/crt0.o (__libc_init_array)
c:/program files (x86)/7.0/toolchain/arm/arm-gnu-toolchain/bin/../lib/gcc/arm-none-eabi/6.3.1/../../../../arm-none-eabi/lib/thumb/v7e-m\libc.a(lib_a-memset.o)
                              c:/program files (x86)/7.0/toolchain/arm/arm-gnu-toolchain/bin/../lib/gcc/arm-none-eabi/6.3.1/../../../../arm-none-eabi/lib/thumb/v7e-m/crt0.o (memset)
c:/program files (x86)/7.0/toolchain/arm/arm-gnu-toolchain/bin/../lib/gcc/arm-none-eabi/6.3.1/../../../../arm-none-eabi/lib/thumb/v7e-m\libc.a(lib_a-__call_atexit.o)
                              c:/program files (x86)/7.0/toolchain/arm/arm-gnu-toolchain/bin/../lib/gcc/arm-none-eabi/6.3.1/../../../../arm-none-eabi/lib/thumb/v7e-m\libc.a(lib_a-exit.o) (__call_exitprocs)
c:/program files (x86)/7.0/toolchain/arm/arm-gnu-toolchain/bin/../lib/gcc/arm-none-eabi/6.3.1/../../../../arm-none-eabi/lib/thumb/v7e-m\libc.a(lib_a-atexit.o)
                              c:/program files (x86)/7.0/toolchain/arm/arm-gnu-toolchain/bin/../lib/gcc/arm-none-eabi/6.3.1/../../../../arm-none-eabi/lib/thumb/v7e-m\libc.a(lib_a-__call_atexit.o) (atexit)
c:/program files (x86)/7.0/toolchain/arm/arm-gnu-toolchain/bin/../lib/gcc/arm-none-eabi/6.3.1/../../../../arm-none-eabi/lib/thumb/v7e-m\libc.a(lib_a-fini.o)
                              c:/program files (x86)/7.0/toolchain/arm/arm-gnu-toolchain/bin/../lib/gcc/arm-none-eabi/6.3.1/../../../../arm-none-eabi/lib/thumb/v7e-m\libc.a(lib_a-__call_atexit.o) (__libc_fini_array)
c:/program files (x86)/7.0/toolchain/arm/arm-gnu-toolchain/bin/../lib/gcc/arm-none-eabi/6.3.1/../../../../arm-none-eabi/lib/thumb/v7e-m\libc.a(lib_a-lock.o)
                              c:/program files (x86)/7.0/toolchain/arm/arm-gnu-toolchain/bin/../lib/gcc/arm-none-eabi/6.3.1/../../../../arm-none-eabi/lib/thumb/v7e-m\libc.a(lib_a-__call_atexit.o) (__retarget_lock_acquire_recursive)
c:/program files (x86)/7.0/toolchain/arm/arm-gnu-toolchain/bin/../lib/gcc/arm-none-eabi/6.3.1/../../../../arm-none-eabi/lib/thumb/v7e-m\libc.a(lib_a-__atexit.o)
                              c:/program files (x86)/7.0/toolchain/arm/arm-gnu-toolchain/bin/../lib/gcc/arm-none-eabi/6.3.1/../../../../arm-none-eabi/lib/thumb/v7e-m\libc.a(lib_a-atexit.o) (__register_exitproc)

Allocating common symbols
Common symbol       size              file

[...]
Memory Configuration

Name             Origin             Length             Attributes
rom              0x00400000         0x00200000         xr
ram              0x20400000         0x00060000         xrw
*default*        0x00000000         0xffffffff

Linker script and memory map

LOAD c:/program files (x86)/7.0/toolchain/arm/arm-gnu-toolchain/bin/../lib/gcc/arm-none-eabi/6.3.1/thumb/v7e-m/crti.o
LOAD c:/program files (x86)/7.0/toolchain/arm/arm-gnu-toolchain/bin/../lib/gcc/arm-none-eabi/6.3.1/thumb/v7e-m/crtbegin.o
LOAD c:/program files (x86)/7.0/toolchain/arm/arm-gnu-toolchain/bin/../lib/gcc/arm-none-eabi/6.3.1/../../../../arm-none-eabi/lib/thumb/v7e-m/crt0.o
LOAD src/ASF/sam/drivers/rtc/rtc.o
LOAD src/ASF/sam/drivers/rtt/rtt.o
LOAD src/ASF/sam/drivers/spi/spi.o
LOAD src/ASF/sam/drivers/tc/tc.o
LOAD src/helpers.o
LOAD src/oled/gfx_mono_framebuffer.o
LOAD src/oled/gfx_mono_generic.o
LOAD src/oled/gfx_mono_text.o
LOAD src/oled/gfx_mono_ug_2832hsweg04.o
LOAD src/oled/ssd1306.o
LOAD src/oled/sysfont.o
LOAD src/ASF/common/services/delay/sam/cycle_counter.o
LOAD src/ASF/common/services/clock/same70/sysclk.o
LOAD src/ASF/common/utils/interrupt/interrupt_sam_nvic.o
LOAD src/ASF/sam/boards/same70_xplained/init.o
LOAD src/ASF/sam/drivers/mpu/mpu.o
LOAD src/ASF/sam/drivers/pio/pio.o
LOAD src/ASF/sam/drivers/pio/pio_handler.o
LOAD src/ASF/sam/drivers/pmc/pmc.o
LOAD src/ASF/sam/drivers/pmc/sleep.o
LOAD src/ASF/sam/utils/cmsis/same70/source/templates/gcc/startup_same70.o
LOAD src/ASF/sam/utils/cmsis/same70/source/templates/system_same70.o
LOAD src/ASF/sam/utils/syscalls/gcc/syscalls.o
LOAD src/main.o
START GROUP
LOAD ../src/ASF/thirdparty/CMSIS/Lib/GCC\libarm_cortexM7lfsp_math_softfp.a
LOAD c:/program files (x86)/7.0/toolchain/arm/arm-gnu-toolchain/bin/../lib/gcc/arm-none-eabi/6.3.1/../../../../arm-none-eabi/lib/thumb/v7e-m\libm.a
END GROUP
START GROUP
LOAD c:/program files (x86)/7.0/toolchain/arm/arm-gnu-toolchain/bin/../lib/gcc/arm-none-eabi/6.3.1/thumb/v7e-m\libgcc.a
LOAD c:/program files (x86)/7.0/toolchain/arm/arm-gnu-toolchain/bin/../lib/gcc/arm-none-eabi/6.3.1/../../../../arm-none-eabi/lib/thumb/v7e-m\libc.a
END GROUP
LOAD c:/program files (x86)/7.0/toolchain/arm/arm-gnu-toolchain/bin/../lib/gcc/arm-none-eabi/6.3.1/thumb/v7e-m/crtend.o
LOAD c:/program files (x86)/7.0/toolchain/arm/arm-gnu-toolchain/bin/../lib/gcc/arm-none-eabi/6.3.1/thumb/v7e-m/crtn.o
                0x00002000                STACK_SIZE = DEFINED (STACK_SIZE)?STACK_SIZE:0x2000
                0x2045fffc                __ram_end__ = ((ORIGIN (ram) + LENGTH (ram)) - 0x4)
                0x00000200                HEAP_SIZE = DEFINED (HEAP_SIZE)?HEAP_SIZE:0x200

.text           0x00400000     0x4824
                0x00400000                . = ALIGN (0x4)
                0x00400000                _sfixed = .
 *(.vectors .vectors.*)
 .vectors       0x00400000      0x140 src/ASF/sam/utils/cmsis/same70/source/templates/gcc/startup_same70.o
                0x00400000                exception_table
 *(.text .text.* .gnu.linkonce.t.*)
 .text          0x00400140       0x6c c:/program files (x86)/7.0/toolchain/arm/arm-gnu-toolchain/bin/../lib/gcc/arm-none-eabi/6.3.1/thumb/v7e-m/crtbegin.o
 .text.rtt_init
                0x004001ac       0x30 src/ASF/sam/drivers/rtt/rtt.o
                0x004001ac                rtt_init
 .text.rtt_sel_source
                0x004001dc       0x58 src/ASF/sam/drivers/rtt/rtt.o
                0x004001dc                rtt_sel_source
 .text.rtt_enable_interrupt
                0x00400234       0x38 src/ASF/sam/drivers/rtt/rtt.o
                0x00400234                rtt_enable_interrupt
 .text.rtt_disable_interrupt
                0x0040026c       0x40 src/ASF/sam/drivers/rtt/rtt.o
                0x0040026c                rtt_disable_interrupt
 .text.rtt_read_timer_value
                0x004002ac       0x2e src/ASF/sam/drivers/rtt/rtt.o
                0x004002ac                rtt_read_timer_value
 .text.rtt_get_status
                0x004002da       0x18 src/ASF/sam/drivers/rtt/rtt.o
                0x004002da                rtt_get_status
 *fill*         0x004002f2        0x2 
 .text.rtt_write_alarm_time
                0x004002f4       0x5c src/ASF/sam/drivers/rtt/rtt.o
                0x004002f4                rtt_write_alarm_time
 .text.spi_get_peripheral_select_mode
                0x00400350       0x26 src/ASF/sam/drivers/spi/spi.o
 *fill*         0x00400376        0x2 
 .text.sysclk_enable_peripheral_clock
                0x00400378       0x1c src/ASF/sam/drivers/spi/spi.o
 .text.spi_enable_clock
                0x00400394       0x3c src/ASF/sam/drivers/spi/spi.o
                0x00400394                spi_enable_clock
 .text.spi_set_peripheral_chip_select_value
                0x004003d0       0x34 src/ASF/sam/drivers/spi/spi.o
                0x004003d0                spi_set_peripheral_chip_select_value
 .text.spi_write
                0x00400404       0x80 src/ASF/sam/drivers/spi/spi.o
                0x00400404                spi_write
 .text.spi_set_clock_polarity
                0x00400484       0x50 src/ASF/sam/drivers/spi/spi.o
                0x00400484                spi_set_clock_polarity
 .text.spi_set_clock_phase
                0x004004d4       0x50 src/ASF/sam/drivers/spi/spi.o
                0x004004d4                spi_set_clock_phase
 .text.spi_configure_cs_behavior
                0x00400524       0xa6 src/ASF/sam/drivers/spi/spi.o
                0x00400524                spi_configure_cs_behavior
 .text.spi_set_bits_per_transfer
                0x004005ca       0x4a src/ASF/sam/drivers/spi/spi.o
                0x004005ca                spi_set_bits_per_transfer
 .text.spi_calc_baudrate_div
                0x00400614       0x3c src/ASF/sam/drivers/spi/spi.o
                0x00400614                spi_calc_baudrate_div
 .text.spi_set_baudrate_div
                0x00400650       0x5e src/ASF/sam/drivers/spi/spi.o
                0x00400650                spi_set_baudrate_div
 *fill*         0x004006ae        0x2 
 .text.NVIC_EnableIRQ
                0x004006b0       0x34 src/helpers.o
 .text.NVIC_DisableIRQ
                0x004006e4       0x34 src/helpers.o
 .text.NVIC_ClearPendingIRQ
                0x00400718       0x34 src/helpers.o
 .text.NVIC_SetPriority
                0x0040074c       0x54 src/helpers.o
 .text.RTT_init
                0x004007a0       0xd8 src/helpers.o
                0x004007a0                RTT_init
 .text.config_button
                0x00400878       0xac src/helpers.o
                0x00400878                config_button
 .text.gfx_mono_set_framebuffer
                0x00400924       0x20 src/oled/gfx_mono_framebuffer.o
                0x00400924                gfx_mono_set_framebuffer
 .text.gfx_mono_framebuffer_put_byte
                0x00400944       0x38 src/oled/gfx_mono_framebuffer.o
                0x00400944                gfx_mono_framebuffer_put_byte
 .text.gfx_mono_framebuffer_get_byte
                0x0040097c       0x34 src/oled/gfx_mono_framebuffer.o
                0x0040097c                gfx_mono_framebuffer_get_byte
 .text.gfx_mono_generic_draw_horizontal_line
                0x004009b0      0x130 src/oled/gfx_mono_generic.o
                0x004009b0                gfx_mono_generic_draw_horizontal_line
 .text.gfx_mono_generic_draw_filled_rect
                0x00400ae0       0x50 src/oled/gfx_mono_generic.o
                0x00400ae0                gfx_mono_generic_draw_filled_rect
 .text.gfx_mono_draw_char_progmem
                0x00400b30       0xe0 src/oled/gfx_mono_text.o
 .text.gfx_mono_draw_char
                0x00400c10       0x54 src/oled/gfx_mono_text.o
                0x00400c10                gfx_mono_draw_char
 .text.gfx_mono_draw_string
                0x00400c64       0x6c src/oled/gfx_mono_text.o
                0x00400c64                gfx_mono_draw_string
 .text.ssd1306_set_page_address
                0x00400cd0       0x2c src/oled/gfx_mono_ug_2832hsweg04.o
 .text.ssd1306_set_column_address
                0x00400cfc       0x40 src/oled/gfx_mono_ug_2832hsweg04.o
 .text.ssd1306_set_display_start_line_address
                0x00400d3c       0x2c src/oled/gfx_mono_ug_2832hsweg04.o
 .text.gfx_mono_ssd1306_init
                0x00400d68       0x64 src/oled/gfx_mono_ug_2832hsweg04.o
                0x00400d68                gfx_mono_ssd1306_init
 .text.gfx_mono_ssd1306_draw_pixel
                0x00400dcc       0x9c src/oled/gfx_mono_ug_2832hsweg04.o
                0x00400dcc                gfx_mono_ssd1306_draw_pixel
 .text.gfx_mono_ssd1306_put_byte
                0x00400e68       0x84 src/oled/gfx_mono_ug_2832hsweg04.o
                0x00400e68                gfx_mono_ssd1306_put_byte
 .text.gfx_mono_ssd1306_get_byte
                0x00400eec       0x2c src/oled/gfx_mono_ug_2832hsweg04.o
                0x00400eec                gfx_mono_ssd1306_get_byte
 .text.osc_get_rate
                0x00400f18       0x74 src/oled/ssd1306.o
 .text.sysclk_get_main_hz
                0x00400f8c       0x20 src/oled/ssd1306.o
 .text.sysclk_get_cpu_hz
                0x00400fac       0x14 src/oled/ssd1306.o
 .text.sysclk_get_peripheral_hz
                0x00400fc0       0x14 src/oled/ssd1306.o
 .text.ioport_enable_pin
                0x00400fd4       0x4c src/oled/ssd1306.o
 .text.ioport_set_pin_mode
                0x00401020      0x11c src/oled/ssd1306.o
 .text.ioport_set_pin_dir
                0x0040113c       0x88 src/oled/ssd1306.o
 .text.ioport_set_pin_level
                0x004011c4       0x6c src/oled/ssd1306.o
 .text.spi_reset
                0x00401230       0x1a src/oled/ssd1306.o
 .text.spi_enable
                0x0040124a       0x1a src/oled/ssd1306.o
 .text.spi_disable
                0x00401264       0x1a src/oled/ssd1306.o
 .text.spi_set_master_mode
                0x0040127e       0x20 src/oled/ssd1306.o
 .text.spi_set_fixed_peripheral_select
                0x0040129e       0x20 src/oled/ssd1306.o
 .text.spi_disable_mode_fault_detect
                0x004012be       0x20 src/oled/ssd1306.o
 .text.spi_disable_loopback
                0x004012de       0x20 src/oled/ssd1306.o
 *fill*         0x004012fe        0x2 
 .text.ssd1306_hard_reset
                0x00401300       0x54 src/oled/ssd1306.o
 .text.ssd1306_display_on
                0x00401354       0x14 src/oled/ssd1306.o
 .text.ssd1306_set_contrast
                0x00401368       0x28 src/oled/ssd1306.o
 .text.ssd1306_display_invert_disable
                0x00401390       0x14 src/oled/ssd1306.o
 .text.ssd1306_interface_init
                0x004013a4      0x180 src/oled/ssd1306.o
 .text.ssd1306_init
                0x00401524       0xb0 src/oled/ssd1306.o
                0x00401524                ssd1306_init
 .text.ssd1306_write_command
                0x004015d4       0xa4 src/oled/ssd1306.o
                0x004015d4                ssd1306_write_command
 .text.ssd1306_write_data
                0x00401678       0xa4 src/oled/ssd1306.o
                0x00401678                ssd1306_write_data
 .text.osc_enable
                0x0040171c       0x88 src/ASF/common/services/clock/same70/sysclk.o
 .text.osc_is_ready
                0x004017a4       0x70 src/ASF/common/services/clock/same70/sysclk.o
 .text.osc_get_rate
                0x00401814       0x74 src/ASF/common/services/clock/same70/sysclk.o
 .text.osc_wait_ready
                0x00401888       0x2c src/ASF/common/services/clock/same70/sysclk.o
 .text.pll_config_init
                0x004018b4       0x6c src/ASF/common/services/clock/same70/sysclk.o
 .text.pll_enable
                0x00401920       0x40 src/ASF/common/services/clock/same70/sysclk.o
 .text.pll_is_locked
                0x00401960       0x2c src/ASF/common/services/clock/same70/sysclk.o
 .text.pll_enable_source
                0x0040198c       0x38 src/ASF/common/services/clock/same70/sysclk.o
 .text.pll_wait_for_lock
                0x004019c4       0x24 src/ASF/common/services/clock/same70/sysclk.o
 .text.sysclk_get_main_hz
                0x004019e8       0x20 src/ASF/common/services/clock/same70/sysclk.o
 .text.sysclk_get_cpu_hz
                0x00401a08       0x14 src/ASF/common/services/clock/same70/sysclk.o
 .text.sysclk_init
                0x00401a1c       0x7c src/ASF/common/services/clock/same70/sysclk.o
                0x00401a1c                sysclk_init
 .text.SCB_EnableICache
                0x00401a98       0x38 src/ASF/sam/boards/same70_xplained/init.o
 .text.SCB_EnableDCache
                0x00401ad0       0xa4 src/ASF/sam/boards/same70_xplained/init.o
 .text.sysclk_enable_peripheral_clock
                0x00401b74       0x1c src/ASF/sam/boards/same70_xplained/init.o
 .text.ioport_init
                0x00401b90       0x2c src/ASF/sam/boards/same70_xplained/init.o
 .text.ioport_set_pin_mode
                0x00401bbc      0x11c src/ASF/sam/boards/same70_xplained/init.o
 .text.ioport_set_pin_dir
                0x00401cd8       0x88 src/ASF/sam/boards/same70_xplained/init.o
 .text.ioport_set_pin_level
                0x00401d60       0x6c src/ASF/sam/boards/same70_xplained/init.o
 .text.ioport_set_pin_sense_mode
                0x00401dcc       0xd0 src/ASF/sam/boards/same70_xplained/init.o
 .text.tcm_disable
                0x00401e9c       0x44 src/ASF/sam/boards/same70_xplained/init.o
 .text.board_init
                0x00401ee0       0x84 src/ASF/sam/boards/same70_xplained/init.o
                0x00401ee0                board_init
 .text.pio_pull_up
                0x00401f64       0x2c src/ASF/sam/drivers/pio/pio.o
                0x00401f64                pio_pull_up
 .text.pio_set_debounce_filter
                0x00401f90       0x38 src/ASF/sam/drivers/pio/pio.o
                0x00401f90                pio_set_debounce_filter
 .text.pio_set  0x00401fc8       0x1c src/ASF/sam/drivers/pio/pio.o
                0x00401fc8                pio_set
 .text.pio_clear
                0x00401fe4       0x1c src/ASF/sam/drivers/pio/pio.o
                0x00401fe4                pio_clear
 .text.pio_get  0x00402000       0x46 src/ASF/sam/drivers/pio/pio.o
                0x00402000                pio_get
 .text.pio_set_peripheral
                0x00402046      0x110 src/ASF/sam/drivers/pio/pio.o
                0x00402046                pio_set_peripheral
 *fill*         0x00402156        0x2 
 .text.pio_set_input
                0x00402158       0x80 src/ASF/sam/drivers/pio/pio.o
                0x00402158                pio_set_input
 .text.pio_set_output
                0x004021d8       0x64 src/ASF/sam/drivers/pio/pio.o
                0x004021d8                pio_set_output
 .text.pio_configure
                0x0040223c       0xcc src/ASF/sam/drivers/pio/pio.o
                0x0040223c                pio_configure
 .text.pio_configure_interrupt
                0x00402308       0x6c src/ASF/sam/drivers/pio/pio.o
                0x00402308                pio_configure_interrupt
 .text.pio_enable_interrupt
                0x00402374       0x1c src/ASF/sam/drivers/pio/pio.o
                0x00402374                pio_enable_interrupt
 .text.pio_disable_interrupt
                0x00402390       0x1c src/ASF/sam/drivers/pio/pio.o
                0x00402390                pio_disable_interrupt
 .text.pio_get_interrupt_status
                0x004023ac       0x18 src/ASF/sam/drivers/pio/pio.o
                0x004023ac                pio_get_interrupt_status
 .text.pio_get_interrupt_mask
                0x004023c4       0x18 src/ASF/sam/drivers/pio/pio.o
                0x004023c4                pio_get_interrupt_mask
 .text.pio_handler_process
                0x004023dc       0xb4 src/ASF/sam/drivers/pio/pio_handler.o
                0x004023dc                pio_handler_process
 .text.pio_handler_set
                0x00402490       0xa0 src/ASF/sam/drivers/pio/pio_handler.o
                0x00402490                pio_handler_set
 .text.PIOA_Handler
                0x00402530       0x18 src/ASF/sam/drivers/pio/pio_handler.o
                0x00402530                PIOA_Handler
 .text.PIOB_Handler
                0x00402548       0x18 src/ASF/sam/drivers/pio/pio_handler.o
                0x00402548                PIOB_Handler
 .text.PIOC_Handler
                0x00402560       0x18 src/ASF/sam/drivers/pio/pio_handler.o
                0x00402560                PIOC_Handler
 .text.PIOD_Handler
                0x00402578       0x18 src/ASF/sam/drivers/pio/pio_handler.o
                0x00402578                PIOD_Handler
 .text.PIOE_Handler
                0x00402590       0x18 src/ASF/sam/drivers/pio/pio_handler.o
                0x00402590                PIOE_Handler
 .text.pmc_mck_set_division
                0x004025a8       0x7c src/ASF/sam/drivers/pmc/pmc.o
                0x004025a8                pmc_mck_set_division
 .text.pmc_switch_mck_to_pllack
                0x00402624       0x84 src/ASF/sam/drivers/pmc/pmc.o
                0x00402624                pmc_switch_mck_to_pllack
 .text.pmc_switch_sclk_to_32kxtal
                0x004026a8       0x38 src/ASF/sam/drivers/pmc/pmc.o
                0x004026a8                pmc_switch_sclk_to_32kxtal
 .text.pmc_osc_is_ready_32kxtal
                0x004026e0       0x34 src/ASF/sam/drivers/pmc/pmc.o
                0x004026e0                pmc_osc_is_ready_32kxtal
 .text.pmc_switch_mainck_to_fastrc
                0x00402714       0x70 src/ASF/sam/drivers/pmc/pmc.o
                0x00402714                pmc_switch_mainck_to_fastrc
 .text.pmc_switch_mainck_to_xtal
                0x00402784       0x78 src/ASF/sam/drivers/pmc/pmc.o
                0x00402784                pmc_switch_mainck_to_xtal
 .text.pmc_osc_is_ready_mainck
                0x004027fc       0x1c src/ASF/sam/drivers/pmc/pmc.o
                0x004027fc                pmc_osc_is_ready_mainck
 .text.pmc_disable_pllack
                0x00402818       0x1c src/ASF/sam/drivers/pmc/pmc.o
                0x00402818                pmc_disable_pllack
 .text.pmc_is_locked_pllack
                0x00402834       0x1c src/ASF/sam/drivers/pmc/pmc.o
                0x00402834                pmc_is_locked_pllack
 .text.pmc_is_locked_upll
                0x00402850       0x1c src/ASF/sam/drivers/pmc/pmc.o
                0x00402850                pmc_is_locked_upll
 .text.pmc_enable_periph_clk
                0x0040286c       0x84 src/ASF/sam/drivers/pmc/pmc.o
                0x0040286c                pmc_enable_periph_clk
 .text.cpu_irq_save
                0x004028f0       0x38 src/ASF/sam/utils/cmsis/same70/source/templates/gcc/startup_same70.o
 .text.cpu_irq_is_enabled_flags
                0x00402928       0x20 src/ASF/sam/utils/cmsis/same70/source/templates/gcc/startup_same70.o
 .text.cpu_irq_restore
                0x00402948       0x30 src/ASF/sam/utils/cmsis/same70/source/templates/gcc/startup_same70.o
 .text.Reset_Handler
                0x00402978       0xb0 src/ASF/sam/utils/cmsis/same70/source/templates/gcc/startup_same70.o
                0x00402978                Reset_Handler
 .text.Dummy_Handler
                0x00402a28        0x6 src/ASF/sam/utils/cmsis/same70/source/templates/gcc/startup_same70.o
                0x00402a28                DACC_Handler
                0x00402a28                DebugMon_Handler
                0x00402a28                UART3_Handler
                0x00402a28                UART2_Handler
                0x00402a28                TRNG_Handler
                0x00402a28                HardFault_Handler
                0x00402a28                TC2_Handler
                0x00402a28                SysTick_Handler
                0x00402a28                AFEC1_Handler
                0x00402a28                PendSV_Handler
                0x00402a28                NMI_Handler
                0x00402a28                TC7_Handler
                0x00402a28                QSPI_Handler
                0x00402a28                ISI_Handler
                0x00402a28                TC9_Handler
                0x00402a28                RSWDT_Handler
                0x00402a28                MCAN1_Handler
                0x00402a28                USART0_Handler
                0x00402a28                USBHS_Handler
                0x00402a28                RTC_Handler
                0x00402a28                UsageFault_Handler
                0x00402a28                TC6_Handler
                0x00402a28                WDT_Handler
                0x00402a28                TC4_Handler
                0x00402a28                TC1_Handler
                0x00402a28                HSMCI_Handler
                0x00402a28                UART1_Handler
                0x00402a28                TC3_Handler
                0x00402a28                Dummy_Handler
                0x00402a28                TWIHS1_Handler
                0x00402a28                XDMAC_Handler
                0x00402a28                UART4_Handler
                0x00402a28                PWM1_Handler
                0x00402a28                USART1_Handler
                0x00402a28                PWM0_Handler
                0x00402a28                AFEC0_Handler
                0x00402a28                TC11_Handler
                0x00402a28                SSC_Handler
                0x00402a28                ACC_Handler
                0x00402a28                PMC_Handler
                0x00402a28                GMAC_Handler
                0x00402a28                MemManage_Handler
                0x00402a28                SUPC_Handler
                0x00402a28                SVC_Handler
                0x00402a28                TC8_Handler
                0x00402a28                EFC_Handler
                0x00402a28                USART2_Handler
                0x00402a28                SDRAMC_Handler
                0x00402a28                SPI1_Handler
                0x00402a28                MCAN0_Handler
                0x00402a28                TC10_Handler
                0x00402a28                TWIHS2_Handler
                0x00402a28                UART0_Handler
                0x00402a28                BusFault_Handler
                0x00402a28                RSTC_Handler
                0x00402a28                TC0_Handler
                0x00402a28                TC5_Handler
                0x00402a28                AES_Handler
                0x00402a28                ICM_Handler
                0x00402a28                TWIHS0_Handler
                0x00402a28                SPI0_Handler
 *fill*         0x00402a2e        0x2 
 .text.SystemCoreClockUpdate
                0x00402a30      0x168 src/ASF/sam/utils/cmsis/same70/source/templates/system_same70.o
                0x00402a30                SystemCoreClockUpdate
 .text.system_init_flash
                0x00402b98       0xb0 src/ASF/sam/utils/cmsis/same70/source/templates/system_same70.o
                0x00402b98                system_init_flash
 .text.osc_get_rate
                0x00402c48       0x74 src/main.o
 .text.sysclk_get_main_hz
                0x00402cbc       0x20 src/main.o
 .text.sysclk_get_cpu_hz
                0x00402cdc       0x14 src/main.o
 .text.but1_callback
                0x00402cf0       0x18 src/main.o
                0x00402cf0                but1_callback
 .text.echo_callback
                0x00402d08       0x64 src/main.o
                0x00402d08                echo_callback
 .text.erase_oled
                0x00402d6c       0x2c src/main.o
                0x00402d6c                erase_oled
 .text.get_time_rtt
                0x00402d98       0x18 src/main.o
 .text.pulse    0x00402db0       0x8c src/main.o
                0x00402db0                pulse
 .text.RTT_Handler
                0x00402e3c       0x20 src/main.o
                0x00402e3c                RTT_Handler
 .text.io_init  0x00402e5c       0x6c src/main.o
                0x00402e5c                io_init
 .text.main     0x00402ec8      0x1cc src/main.o
                0x00402ec8                main
 .text          0x00403094      0x370 c:/program files (x86)/7.0/toolchain/arm/arm-gnu-toolchain/bin/../lib/gcc/arm-none-eabi/6.3.1/thumb/v7e-m\libgcc.a(_arm_addsubdf3.o)
                0x00403094                __aeabi_drsub
                0x0040309c                __aeabi_dsub
                0x0040309c                __subdf3
                0x004030a0                __aeabi_dadd
                0x004030a0                __adddf3
                0x00403318                __floatunsidf
                0x00403318                __aeabi_ui2d
                0x00403338                __floatsidf
                0x00403338                __aeabi_i2d
                0x0040335c                __aeabi_f2d
                0x0040335c                __extendsfdf2
                0x00403398                __floatundidf
                0x00403398                __aeabi_ul2d
                0x004033a8                __floatdidf
                0x004033a8                __aeabi_l2d
 .text          0x00403404      0x424 c:/program files (x86)/7.0/toolchain/arm/arm-gnu-toolchain/bin/../lib/gcc/arm-none-eabi/6.3.1/thumb/v7e-m\libgcc.a(_arm_muldivdf3.o)
                0x00403404                __aeabi_dmul
                0x00403404                __muldf3
                0x00403658                __divdf3
                0x00403658                __aeabi_ddiv
 .text          0x00403828       0x50 c:/program files (x86)/7.0/toolchain/arm/arm-gnu-toolchain/bin/../lib/gcc/arm-none-eabi/6.3.1/thumb/v7e-m\libgcc.a(_arm_fixdfsi.o)
                0x00403828                __aeabi_d2iz
                0x00403828                __fixdfsi
 .text          0x00403878       0xa0 c:/program files (x86)/7.0/toolchain/arm/arm-gnu-toolchain/bin/../lib/gcc/arm-none-eabi/6.3.1/thumb/v7e-m\libgcc.a(_arm_truncdfsf2.o)
                0x00403878                __truncdfsf2
                0x00403878                __aeabi_d2f
 .text          0x00403918       0x30 c:/program files (x86)/7.0/toolchain/arm/arm-gnu-toolchain/bin/../lib/gcc/arm-none-eabi/6.3.1/thumb/v7e-m\libgcc.a(_aeabi_uldivmod.o)
                0x00403918                __aeabi_uldivmod
 .text          0x00403948      0x2dc c:/program files (x86)/7.0/toolchain/arm/arm-gnu-toolchain/bin/../lib/gcc/arm-none-eabi/6.3.1/thumb/v7e-m\libgcc.a(_udivmoddi4.o)
                0x00403948                __udivmoddi4
 .text          0x00403c24        0x4 c:/program files (x86)/7.0/toolchain/arm/arm-gnu-toolchain/bin/../lib/gcc/arm-none-eabi/6.3.1/thumb/v7e-m\libgcc.a(_dvmd_tls.o)
                0x00403c24                __aeabi_idiv0
                0x00403c24                __aeabi_ldiv0
 .text.__libc_init_array
                0x00403c28       0x50 c:/program files (x86)/7.0/toolchain/arm/arm-gnu-toolchain/bin/../lib/gcc/arm-none-eabi/6.3.1/../../../../arm-none-eabi/lib/thumb/v7e-m\libc.a(lib_a-init.o)
                0x00403c28                __libc_init_array
 .text.startup.register_fini
                0x00403c78       0x14 c:/program files (x86)/7.0/toolchain/arm/arm-gnu-toolchain/bin/../lib/gcc/arm-none-eabi/6.3.1/../../../../arm-none-eabi/lib/thumb/v7e-m\libc.a(lib_a-__call_atexit.o)
 .text.atexit   0x00403c8c        0xc c:/program files (x86)/7.0/toolchain/arm/arm-gnu-toolchain/bin/../lib/gcc/arm-none-eabi/6.3.1/../../../../arm-none-eabi/lib/thumb/v7e-m\libc.a(lib_a-atexit.o)
                0x00403c8c                atexit
 .text.__libc_fini_array
                0x00403c98       0x34 c:/program files (x86)/7.0/toolchain/arm/arm-gnu-toolchain/bin/../lib/gcc/arm-none-eabi/6.3.1/../../../../arm-none-eabi/lib/thumb/v7e-m\libc.a(lib_a-fini.o)
                0x00403c98                __libc_fini_array
 .text.__retarget_lock_acquire_recursive
                0x00403ccc        0x4 c:/program files (x86)/7.0/toolchain/arm/arm-gnu-toolchain/bin/../lib/gcc/arm-none-eabi/6.3.1/../../../../arm-none-eabi/lib/thumb/v7e-m\libc.a(lib_a-lock.o)
                0x00403ccc                __retarget_lock_acquire_recursive
 .text.__retarget_lock_release_recursive
                0x00403cd0        0x4 c:/program files (x86)/7.0/toolchain/arm/arm-gnu-toolchain/bin/../lib/gcc/arm-none-eabi/6.3.1/../../../../arm-none-eabi/lib/thumb/v7e-m\libc.a(lib_a-lock.o)
                0x00403cd0                __retarget_lock_release_recursive
 .text.__register_exitproc
                0x00403cd4       0xc4 c:/program files (x86)/7.0/toolchain/arm/arm-gnu-toolchain/bin/../lib/gcc/arm-none-eabi/6.3.1/../../../../arm-none-eabi/lib/thumb/v7e-m\libc.a(lib_a-__atexit.o)
                0x00403cd4                __register_exitproc
 *(.glue_7t)
 .glue_7t       0x00403d98        0x0 linker stubs
 *(.glue_7)
 .glue_7        0x00403d98        0x0 linker stubs
 *(.rodata .rodata* .gnu.linkonce.r.*)
 .rodata.sysfont_glyphs
                0x00403d98      0xa48 src/oled/sysfont.o
 .rodata        0x004047e0       0x1a src/main.o
 *fill*         0x004047fa        0x2 
 .rodata._global_impure_ptr
                0x004047fc        0x4 c:/program files (x86)/7.0/toolchain/arm/arm-gnu-toolchain/bin/../lib/gcc/arm-none-eabi/6.3.1/../../../../arm-none-eabi/lib/thumb/v7e-m\libc.a(lib_a-impure.o)
                0x004047fc                _global_impure_ptr
 *(.ARM.extab* .gnu.linkonce.armextab.*)
                0x00404800                . = ALIGN (0x4)
 *(.init)
 .init          0x00404800        0x4 c:/program files (x86)/7.0/toolchain/arm/arm-gnu-toolchain/bin/../lib/gcc/arm-none-eabi/6.3.1/thumb/v7e-m/crti.o
                0x00404800                _init
 .init          0x00404804        0x8 c:/program files (x86)/7.0/toolchain/arm/arm-gnu-toolchain/bin/../lib/gcc/arm-none-eabi/6.3.1/thumb/v7e-m/crtn.o
                0x0040480c                . = ALIGN (0x4)
                0x0040480c                __preinit_array_start = .
 *(.preinit_array)
                0x0040480c                __preinit_array_end = .
                0x0040480c                . = ALIGN (0x4)
                0x0040480c                __init_array_start = .
 *(SORT(.init_array.*))
 .init_array.00000
                0x0040480c        0x4 c:/program files (x86)/7.0/toolchain/arm/arm-gnu-toolchain/bin/../lib/gcc/arm-none-eabi/6.3.1/../../../../arm-none-eabi/lib/thumb/v7e-m\libc.a(lib_a-__call_atexit.o)
 *(.init_array)
 .init_array    0x00404810        0x4 c:/program files (x86)/7.0/toolchain/arm/arm-gnu-toolchain/bin/../lib/gcc/arm-none-eabi/6.3.1/thumb/v7e-m/crtbegin.o
                0x00404814                __init_array_end = .
                0x00404814                . = ALIGN (0x4)
 *crtbegin.o(.ctors)
 *(EXCLUDE_FILE(*crtend.o) .ctors)
 *(SORT(.ctors.*))
 *crtend.o(.ctors)
                0x00404814                . = ALIGN (0x4)
 *(.fini)
 .fini          0x00404814        0x4 c:/program files (x86)/7.0/toolchain/arm/arm-gnu-toolchain/bin/../lib/gcc/arm-none-eabi/6.3.1/thumb/v7e-m/crti.o
                0x00404814                _fini
 .fini          0x00404818        0x8 c:/program files (x86)/7.0/toolchain/arm/arm-gnu-toolchain/bin/../lib/gcc/arm-none-eabi/6.3.1/thumb/v7e-m/crtn.o
                0x00404820                . = ALIGN (0x4)
                0x00404820                __fini_array_start = .
 *(.fini_array)
 .fini_array    0x00404820        0x4 c:/program files (x86)/7.0/toolchain/arm/arm-gnu-toolchain/bin/../lib/gcc/arm-none-eabi/6.3.1/thumb/v7e-m/crtbegin.o
 *(SORT(.fini_array.*))
                0x00404824                __fini_array_end = .
 *crtbegin.o(.dtors)
 *(EXCLUDE_FILE(*crtend.o) .dtors)
 *(SORT(.dtors.*))
 *crtend.o(.dtors)
                0x00404824                . = ALIGN (0x4)
                0x00404824                _efixed = .
                [!provide]                PROVIDE (__exidx_start, .)

.vfp11_veneer   0x00404824        0x0
 .vfp11_veneer  0x00404824        0x0 linker stubs

.v4_bx          0x00404824        0x0
 .v4_bx         0x00404824        0x0 linker stubs

.iplt           0x00404824        0x0
 .iplt          0x00404824        0x0 c:/program files (x86)/7.0/toolchain/arm/arm-gnu-toolchain/bin/../lib/gcc/arm-none-eabi/6.3.1/thumb/v7e-m/crtbegin.o

.ARM.exidx      0x00404824        0x8
 *(.ARM.exidx* .gnu.linkonce.armexidx.*)
 .ARM.exidx     0x00404824        0x8 c:/program files (x86)/7.0/toolchain/arm/arm-gnu-toolchain/bin/../lib/gcc/arm-none-eabi/6.3.1/thumb/v7e-m\libgcc.a(_udivmoddi4.o)
                [!provide]                PROVIDE (__exidx_end, .)

.eh_frame       0x0040482c        0x0
 .eh_frame      0x0040482c        0x0 c:/program files (x86)/7.0/toolchain/arm/arm-gnu-toolchain/bin/../lib/gcc/arm-none-eabi/6.3.1/thumb/v7e-m/crtbegin.o

.rel.dyn        0x0040482c        0x0
 .rel.iplt      0x0040482c        0x0 c:/program files (x86)/7.0/toolchain/arm/arm-gnu-toolchain/bin/../lib/gcc/arm-none-eabi/6.3.1/thumb/v7e-m/crtbegin.o

.jcr            0x0040482c        0x0
 .jcr           0x0040482c        0x0 c:/program files (x86)/7.0/toolchain/arm/arm-gnu-toolchain/bin/../lib/gcc/arm-none-eabi/6.3.1/thumb/v7e-m/crtbegin.o

.igot.plt       0x0040482c        0x0
 .igot.plt      0x0040482c        0x0 c:/program files (x86)/7.0/toolchain/arm/arm-gnu-toolchain/bin/../lib/gcc/arm-none-eabi/6.3.1/thumb/v7e-m/crtbegin.o
                0x0040482c                . = ALIGN (0x4)
                0x0040482c                _etext = .

.relocate       0x20400000      0x454 load address 0x0040482c
                0x20400000                . = ALIGN (0x4)
                0x20400000                _srelocate = .
 *(.ramfunc .ramfunc.*)
 .ramfunc       0x20400000        0xa src/ASF/common/services/delay/sam/cycle_counter.o
                0x20400000                portable_delay_cycles
 *(.data .data.*)
 *fill*         0x2040000a        0x2 
 .data.sysfont  0x2040000c        0xc src/oled/sysfont.o
                0x2040000c                sysfont
 .data.g_interrupt_enabled
                0x20400018        0x1 src/ASF/common/utils/interrupt/interrupt_sam_nvic.o
                0x20400018                g_interrupt_enabled
 *fill*         0x20400019        0x3 
 .data.SystemCoreClock
                0x2040001c        0x4 src/ASF/sam/utils/cmsis/same70/source/templates/system_same70.o
                0x2040001c                SystemCoreClock
 .data.freq     0x20400020        0x4 src/main.o
                0x20400020                freq
 *fill*         0x20400024        0x4 
 .data.impure_data
                0x20400028      0x428 c:/program files (x86)/7.0/toolchain/arm/arm-gnu-toolchain/bin/../lib/gcc/arm-none-eabi/6.3.1/../../../../arm-none-eabi/lib/thumb/v7e-m\libc.a(lib_a-impure.o)
 .data.__atexit_recursive_mutex
                0x20400450        0x4 c:/program files (x86)/7.0/toolchain/arm/arm-gnu-toolchain/bin/../lib/gcc/arm-none-eabi/6.3.1/../../../../arm-none-eabi/lib/thumb/v7e-m\libc.a(lib_a-__call_atexit.o)
                0x20400450                __atexit_recursive_mutex
                0x20400454                . = ALIGN (0x4)
                0x20400454                _erelocate = .

.bss            0x20400454      0x2cc load address 0x00404c80
                0x20400454                . = ALIGN (0x4)
                0x20400454                _sbss = .
                0x20400454                _szero = .
 *(.bss .bss.*)
 .bss           0x20400454       0x1c c:/program files (x86)/7.0/toolchain/arm/arm-gnu-toolchain/bin/../lib/gcc/arm-none-eabi/6.3.1/thumb/v7e-m/crtbegin.o
 .bss.g_wobits_in_rtt_mr
                0x20400470        0x4 src/ASF/sam/drivers/rtt/rtt.o
 .bss.fbpointer
                0x20400474        0x4 src/oled/gfx_mono_framebuffer.o
 .bss.framebuffer
                0x20400478      0x200 src/oled/gfx_mono_ug_2832hsweg04.o
 .bss.gs_interrupt_sources
                0x20400678       0x70 src/ASF/sam/drivers/pio/pio_handler.o
 .bss.gs_ul_nb_sources
                0x204006e8        0x4 src/ASF/sam/drivers/pio/pio_handler.o
 .bss.rtt_time  0x204006ec        0x4 src/main.o
                0x204006ec                rtt_time
 *(COMMON)
 COMMON         0x204006f0        0xa src/main.o
                0x204006f0                but1_flag
                0x204006f4                start_counter
                0x204006f8                echo_flag
                0x204006f9                rtt_start
 *fill*         0x204006fa        0x2 
 COMMON         0x204006fc       0x21 c:/program files (x86)/7.0/toolchain/arm/arm-gnu-toolchain/bin/../lib/gcc/arm-none-eabi/6.3.1/../../../../arm-none-eabi/lib/thumb/v7e-m\libc.a(lib_a-lock.o)
                0x204006fc                __lock___atexit_recursive_mutex
                0x20400700                __lock___arc4random_mutex
                0x20400704                __lock___env_recursive_mutex
                0x20400708                __lock___sinit_recursive_mutex
                0x2040070c                __lock___malloc_recursive_mutex
                0x20400710                __lock___at_quick_exit_mutex
                0x20400714                __lock___dd_hash_mutex
                0x20400718                __lock___tz_mutex
                0x2040071c                __lock___sfp_recursive_mutex
                0x20400720                . = ALIGN (0x4)
 *fill*         0x2040071d        0x3 
                0x20400720                _ebss = .
                0x20400720                _ezero = .

.stack          0x20400720     0x2000 load address 0x00404f4c
                0x20400720                . = ALIGN (0x8)
                0x20400720                _sstack = .
                0x20402720                . = (. + STACK_SIZE)
 *fill*         0x20400720     0x2000 
                0x20402720                . = ALIGN (0x8)
                0x20402720                _estack = .

.heap           0x20402720      0x200 load address 0x00406f4c
                0x20402720                . = ALIGN (0x8)
                0x20402720                _sheap = .
                0x20402920                . = (. + HEAP_SIZE)
 *fill*         0x20402720      0x200 
                0x20402920                . = ALIGN (0x8)
                0x20402920                _eheap = .
                0x20402920                . = ALIGN (0x4)
                0x20402920                _end = .
                0x2045ffff                _ram_end_ = ((ORIGIN (ram) + LENGTH (ram)) - 0x1)
OUTPUT(OLED1.elf elf32-littlearm)

.ARM.attributes
                0x00000000       0x2e
 .ARM.attributes
                0x00000000       0x1e c:/program files (x86)/7.0/toolchain/arm/arm-gnu-toolchain/bin/../lib/gcc/arm-none-eabi/6.3.1/thumb/v7e-m/crti.o
 .ARM.attributes
                0x0000001e       0x2e c:/program files (x86)/7.0/toolchain/arm/arm-gnu-toolchain/bin/../lib/gcc/arm-none-eabi/6.3.1/thumb/v7e-m/crtbegin.o
 .ARM.attributes
                0x0000004c       0x37 src/ASF/sam/drivers/rtt/rtt.o
 .ARM.attributes
                0x00000083       0x37 src/ASF/sam/drivers/spi/spi.o
 .ARM.attributes
                0x000000ba       0x37 src/helpers.o
 .ARM.attributes
                0x000000f1       0x37 src/oled/gfx_mono_framebuffer.o
 .ARM.attributes
                0x00000128       0x37 src/oled/gfx_mono_generic.o
 .ARM.attributes
                0x0000015f       0x37 src/oled/gfx_mono_text.o
 .ARM.attributes
                0x00000196       0x37 src/oled/gfx_mono_ug_2832hsweg04.o
 .ARM.attributes
                0x000001cd       0x37 src/oled/ssd1306.o
 .ARM.attributes
                0x00000204       0x37 src/oled/sysfont.o
 .ARM.attributes
                0x0000023b       0x37 src/ASF/common/services/delay/sam/cycle_counter.o
 .ARM.attributes
                0x00000272       0x37 src/ASF/common/services/clock/same70/sysclk.o
 .ARM.attributes
                0x000002a9       0x37 src/ASF/common/utils/interrupt/interrupt_sam_nvic.o
 .ARM.attributes
                0x000002e0       0x37 src/ASF/sam/boards/same70_xplained/init.o
 .ARM.attributes
                0x00000317       0x37 src/ASF/sam/drivers/pio/pio.o
 .ARM.attributes
                0x0000034e       0x37 src/ASF/sam/drivers/pio/pio_handler.o
 .ARM.attributes
                0x00000385       0x37 src/ASF/sam/drivers/pmc/pmc.o
 .ARM.attributes
                0x000003bc       0x37 src/ASF/sam/utils/cmsis/same70/source/templates/gcc/startup_same70.o
 .ARM.attributes
                0x000003f3       0x37 src/ASF/sam/utils/cmsis/same70/source/templates/system_same70.o
 .ARM.attributes
                0x0000042a       0x37 src/main.o
 .ARM.attributes
                0x00000461       0x1e c:/program files (x86)/7.0/toolchain/arm/arm-gnu-toolchain/bin/../lib/gcc/arm-none-eabi/6.3.1/thumb/v7e-m\libgcc.a(_arm_addsubdf3.o)
 .ARM.attributes
                0x0000047f       0x1e c:/program files (x86)/7.0/toolchain/arm/arm-gnu-toolchain/bin/../lib/gcc/arm-none-eabi/6.3.1/thumb/v7e-m\libgcc.a(_arm_muldivdf3.o)
 .ARM.attributes
                0x0000049d       0x1e c:/program files (x86)/7.0/toolchain/arm/arm-gnu-toolchain/bin/../lib/gcc/arm-none-eabi/6.3.1/thumb/v7e-m\libgcc.a(_arm_fixdfsi.o)
 .ARM.attributes
                0x000004bb       0x1e c:/program files (x86)/7.0/toolchain/arm/arm-gnu-toolchain/bin/../lib/gcc/arm-none-eabi/6.3.1/thumb/v7e-m\libgcc.a(_arm_truncdfsf2.o)
 .ARM.attributes
                0x000004d9       0x1e c:/program files (x86)/7.0/toolchain/arm/arm-gnu-toolchain/bin/../lib/gcc/arm-none-eabi/6.3.1/thumb/v7e-m\libgcc.a(_aeabi_uldivmod.o)
 .ARM.attributes
                0x000004f7       0x2e c:/program files (x86)/7.0/toolchain/arm/arm-gnu-toolchain/bin/../lib/gcc/arm-none-eabi/6.3.1/thumb/v7e-m\libgcc.a(_udivmoddi4.o)
 .ARM.attributes
                0x00000525       0x1e c:/program files (x86)/7.0/toolchain/arm/arm-gnu-toolchain/bin/../lib/gcc/arm-none-eabi/6.3.1/thumb/v7e-m\libgcc.a(_dvmd_tls.o)
 .ARM.attributes
                0x00000543       0x2e c:/program files (x86)/7.0/toolchain/arm/arm-gnu-toolchain/bin/../lib/gcc/arm-none-eabi/6.3.1/../../../../arm-none-eabi/lib/thumb/v7e-m\libc.a(lib_a-impure.o)
 .ARM.attributes
                0x00000571       0x2e c:/program files (x86)/7.0/toolchain/arm/arm-gnu-toolchain/bin/../lib/gcc/arm-none-eabi/6.3.1/../../../../arm-none-eabi/lib/thumb/v7e-m\libc.a(lib_a-init.o)
 .ARM.attributes
                0x0000059f       0x2e c:/program files (x86)/7.0/toolchain/arm/arm-gnu-toolchain/bin/../lib/gcc/arm-none-eabi/6.3.1/../../../../arm-none-eabi/lib/thumb/v7e-m\libc.a(lib_a-__call_atexit.o)
 .ARM.attributes
                0x000005cd       0x2e c:/program files (x86)/7.0/toolchain/arm/arm-gnu-toolchain/bin/../lib/gcc/arm-none-eabi/6.3.1/../../../../arm-none-eabi/lib/thumb/v7e-m\libc.a(lib_a-atexit.o)
 .ARM.attributes
                0x000005fb       0x2e c:/program files (x86)/7.0/toolchain/arm/arm-gnu-toolchain/bin/../lib/gcc/arm-none-eabi/6.3.1/../../../../arm-none-eabi/lib/thumb/v7e-m\libc.a(lib_a-fini.o)
 .ARM.attributes
                0x00000629       0x2e c:/program files (x86)/7.0/toolchain/arm/arm-gnu-toolchain/bin/../lib/gcc/arm-none-eabi/6.3.1/../../../../arm-none-eabi/lib/thumb/v7e-m\libc.a(lib_a-lock.o)
 .ARM.attributes
                0x00000657       0x2e c:/program files (x86)/7.0/toolchain/arm/arm-gnu-toolchain/bin/../lib/gcc/arm-none-eabi/6.3.1/../../../../arm-none-eabi/lib/thumb/v7e-m\libc.a(lib_a-__atexit.o)
 .ARM.attributes
                0x00000685       0x1e c:/program files (x86)/7.0/toolchain/arm/arm-gnu-toolchain/bin/../lib/gcc/arm-none-eabi/6.3.1/thumb/v7e-m/crtn.o

.comment        0x00000000       0x59
 .comment       0x00000000       0x59 src/ASF/sam/drivers/rtt/rtt.o
                                 0x5a (size before relaxing)
 .comment       0x00000059       0x5a src/ASF/sam/drivers/spi/spi.o
 .comment       0x00000059       0x5a src/helpers.o
 .comment       0x00000059       0x5a src/oled/gfx_mono_framebuffer.o
 .comment       0x00000059       0x5a src/oled/gfx_mono_generic.o
 .comment       0x00000059       0x5a src/oled/gfx_mono_text.o
 .comment       0x00000059       0x5a src/oled/gfx_mono_ug_2832hsweg04.o
 .comment       0x00000059       0x5a src/oled/ssd1306.o
 .comment       0x00000059       0x5a src/oled/sysfont.o
 .comment       0x00000059       0x5a src/ASF/common/services/delay/sam/cycle_counter.o
 .comment       0x00000059       0x5a src/ASF/common/services/clock/same70/sysclk.o
 .comment       0x00000059       0x5a src/ASF/common/utils/interrupt/interrupt_sam_nvic.o
 .comment       0x00000059       0x5a src/ASF/sam/boards/same70_xplained/init.o
 .comment       0x00000059       0x5a src/ASF/sam/drivers/pio/pio.o
 .comment       0x00000059       0x5a src/ASF/sam/drivers/pio/pio_handler.o
 .comment       0x00000059       0x5a src/ASF/sam/drivers/pmc/pmc.o
 .comment       0x00000059       0x5a src/ASF/sam/utils/cmsis/same70/source/templates/gcc/startup_same70.o
 .comment       0x00000059       0x5a src/ASF/sam/utils/cmsis/same70/source/templates/system_same70.o
 .comment       0x00000059       0x5a src/main.o

.debug_info     0x00000000    0x168fd
 .debug_info    0x00000000      0xcaf src/ASF/sam/drivers/rtt/rtt.o
 .debug_info    0x00000caf     0x10ff src/ASF/sam/drivers/spi/spi.o
 .debug_info    0x00001dae     0x1ea6 src/helpers.o
 .debug_info    0x00003c54      0xd75 src/oled/gfx_mono_framebuffer.o
 .debug_info    0x000049c9     0x114a src/oled/gfx_mono_generic.o
 .debug_info    0x00005b13      0xeb8 src/oled/gfx_mono_text.o
 .debug_info    0x000069cb      0xf32 src/oled/gfx_mono_ug_2832hsweg04.o
 .debug_info    0x000078fd     0x1c29 src/oled/ssd1306.o
 .debug_info    0x00009526      0xb06 src/oled/sysfont.o
 .debug_info    0x0000a02c      0xa45 src/ASF/common/services/delay/sam/cycle_counter.o
 .debug_info    0x0000aa71     0x12d4 src/ASF/common/services/clock/same70/sysclk.o
 .debug_info    0x0000bd45      0xb06 src/ASF/common/utils/interrupt/interrupt_sam_nvic.o
 .debug_info    0x0000c84b     0x1c75 src/ASF/sam/boards/same70_xplained/init.o
 .debug_info    0x0000e4c0     0x1cbf src/ASF/sam/drivers/pio/pio.o
 .debug_info    0x0001017f     0x1a18 src/ASF/sam/drivers/pio/pio_handler.o
 .debug_info    0x00011b97     0x1df9 src/ASF/sam/drivers/pmc/pmc.o
 .debug_info    0x00013990     0x157c src/ASF/sam/utils/cmsis/same70/source/templates/gcc/startup_same70.o
 .debug_info    0x00014f0c      0x55f src/ASF/sam/utils/cmsis/same70/source/templates/system_same70.o
 .debug_info    0x0001546b     0x1492 src/main.o

.debug_abbrev   0x00000000     0x3025
 .debug_abbrev  0x00000000      0x203 src/ASF/sam/drivers/rtt/rtt.o
 .debug_abbrev  0x00000203      0x2c2 src/ASF/sam/drivers/spi/spi.o
 .debug_abbrev  0x000004c5      0x2b2 src/helpers.o
 .debug_abbrev  0x00000777      0x217 src/oled/gfx_mono_framebuffer.o
 .debug_abbrev  0x0000098e      0x26b src/oled/gfx_mono_generic.o
 .debug_abbrev  0x00000bf9      0x281 src/oled/gfx_mono_text.o
 .debug_abbrev  0x00000e7a      0x2b6 src/oled/gfx_mono_ug_2832hsweg04.o
 .debug_abbrev  0x00001130      0x3de src/oled/ssd1306.o
 .debug_abbrev  0x0000150e      0x1b6 src/oled/sysfont.o
 .debug_abbrev  0x000016c4      0x1b3 src/ASF/common/services/delay/sam/cycle_counter.o
 .debug_abbrev  0x00001877      0x296 src/ASF/common/services/clock/same70/sysclk.o
 .debug_abbrev  0x00001b0d      0x214 src/ASF/common/utils/interrupt/interrupt_sam_nvic.o
 .debug_abbrev  0x00001d21      0x3eb src/ASF/sam/boards/same70_xplained/init.o
 .debug_abbrev  0x0000210c      0x296 src/ASF/sam/drivers/pio/pio.o
 .debug_abbrev  0x000023a2      0x2c9 src/ASF/sam/drivers/pio/pio_handler.o
 .debug_abbrev  0x0000266b      0x2c5 src/ASF/sam/drivers/pmc/pmc.o
 .debug_abbrev  0x00002930      0x2e8 src/ASF/sam/utils/cmsis/same70/source/templates/gcc/startup_same70.o
 .debug_abbrev  0x00002c18      0x102 src/ASF/sam/utils/cmsis/same70/source/templates/system_same70.o
 .debug_abbrev  0x00002d1a      0x30b src/main.o

.debug_loc      0x00000000     0x584c
 .debug_loc     0x00000000      0x330 src/ASF/sam/drivers/rtt/rtt.o
 .debug_loc     0x00000330      0x630 src/ASF/sam/drivers/spi/spi.o
 .debug_loc     0x00000960      0x388 src/helpers.o
 .debug_loc     0x00000ce8      0x2bc src/oled/gfx_mono_framebuffer.o
 .debug_loc     0x00000fa4      0x280 src/oled/gfx_mono_generic.o
 .debug_loc     0x00001224      0x1f8 src/oled/gfx_mono_text.o
 .debug_loc     0x0000141c      0x3c0 src/oled/gfx_mono_ug_2832hsweg04.o
 .debug_loc     0x000017dc      0x6e8 src/oled/ssd1306.o
 .debug_loc     0x00001ec4      0x4a0 src/ASF/common/services/clock/same70/sysclk.o
 .debug_loc     0x00002364       0xa0 src/ASF/common/utils/interrupt/interrupt_sam_nvic.o
 .debug_loc     0x00002404      0x2fc src/ASF/sam/boards/same70_xplained/init.o
 .debug_loc     0x00002700     0x1174 src/ASF/sam/drivers/pio/pio.o
 .debug_loc     0x00003874      0x38c src/ASF/sam/drivers/pio/pio_handler.o
 .debug_loc     0x00003c00     0x172c src/ASF/sam/drivers/pmc/pmc.o
 .debug_loc     0x0000532c      0x16c src/ASF/sam/utils/cmsis/same70/source/templates/gcc/startup_same70.o
 .debug_loc     0x00005498       0xe4 src/ASF/sam/utils/cmsis/same70/source/templates/system_same70.o
 .debug_loc     0x0000557c      0x2d0 src/main.o

.debug_aranges  0x00000000      0xa78
 .debug_aranges
                0x00000000       0x60 src/ASF/sam/drivers/rtt/rtt.o
 .debug_aranges
                0x00000060       0xa8 src/ASF/sam/drivers/spi/spi.o
 .debug_aranges
                0x00000108       0x70 src/helpers.o
 .debug_aranges
                0x00000178       0x58 src/oled/gfx_mono_framebuffer.o
 .debug_aranges
                0x000001d0       0x58 src/oled/gfx_mono_generic.o
 .debug_aranges
                0x00000228       0x48 src/oled/gfx_mono_text.o
 .debug_aranges
                0x00000270       0x78 src/oled/gfx_mono_ug_2832hsweg04.o
 .debug_aranges
                0x000002e8       0xd0 src/oled/ssd1306.o
 .debug_aranges
                0x000003b8       0x18 src/oled/sysfont.o
 .debug_aranges
                0x000003d0       0x20 src/ASF/common/services/delay/sam/cycle_counter.o
 .debug_aranges
                0x000003f0       0x98 src/ASF/common/services/clock/same70/sysclk.o
 .debug_aranges
                0x00000488       0x28 src/ASF/common/utils/interrupt/interrupt_sam_nvic.o
 .debug_aranges
                0x000004b0       0x68 src/ASF/sam/boards/same70_xplained/init.o
 .debug_aranges
                0x00000518      0x1a8 src/ASF/sam/drivers/pio/pio.o
 .debug_aranges
                0x000006c0       0x80 src/ASF/sam/drivers/pio/pio_handler.o
 .debug_aranges
                0x00000740      0x250 src/ASF/sam/drivers/pmc/pmc.o
 .debug_aranges
                0x00000990       0x40 src/ASF/sam/utils/cmsis/same70/source/templates/gcc/startup_same70.o
 .debug_aranges
                0x000009d0       0x30 src/ASF/sam/utils/cmsis/same70/source/templates/system_same70.o
 .debug_aranges
                0x00000a00       0x78 src/main.o

.debug_ranges   0x00000000      0xa00
 .debug_ranges  0x00000000       0x50 src/ASF/sam/drivers/rtt/rtt.o
 .debug_ranges  0x00000050       0x98 src/ASF/sam/drivers/spi/spi.o
 .debug_ranges  0x000000e8       0x60 src/helpers.o
 .debug_ranges  0x00000148       0x48 src/oled/gfx_mono_framebuffer.o
 .debug_ranges  0x00000190       0x48 src/oled/gfx_mono_generic.o
 .debug_ranges  0x000001d8       0x38 src/oled/gfx_mono_text.o
 .debug_ranges  0x00000210       0x68 src/oled/gfx_mono_ug_2832hsweg04.o
 .debug_ranges  0x00000278      0x108 src/oled/ssd1306.o
 .debug_ranges  0x00000380       0x10 src/ASF/common/services/delay/sam/cycle_counter.o
 .debug_ranges  0x00000390       0x88 src/ASF/common/services/clock/same70/sysclk.o
 .debug_ranges  0x00000418       0x18 src/ASF/common/utils/interrupt/interrupt_sam_nvic.o
 .debug_ranges  0x00000430       0xd0 src/ASF/sam/boards/same70_xplained/init.o
 .debug_ranges  0x00000500      0x198 src/ASF/sam/drivers/pio/pio.o
 .debug_ranges  0x00000698       0x70 src/ASF/sam/drivers/pio/pio_handler.o
 .debug_ranges  0x00000708      0x240 src/ASF/sam/drivers/pmc/pmc.o
 .debug_ranges  0x00000948       0x30 src/ASF/sam/utils/cmsis/same70/source/templates/gcc/startup_same70.o
 .debug_ranges  0x00000978       0x20 src/ASF/sam/utils/cmsis/same70/source/templates/system_same70.o
 .debug_ranges  0x00000998       0x68 src/main.o

.debug_macro    0x00000000     0x9f65
 .debug_macro   0x00000000      0x660 src/ASF/sam/drivers/rtt/rtt.o
 .debug_macro   0x00000660      0x6d9 src/ASF/sam/drivers/spi/spi.o
 .debug_macro   0x00000d39       0x10 src/ASF/sam/drivers/spi/spi.o
 .debug_macro   0x00000d49       0x3a src/ASF/sam/drivers/spi/spi.o
 .debug_macro   0x00000d83      0x2c6 src/ASF/sam/drivers/spi/spi.o
 .debug_macro   0x00001049      0xa96 src/ASF/sam/drivers/spi/spi.o
 .debug_macro   0x00001adf       0x70 src/ASF/sam/drivers/spi/spi.o
 .debug_macro   0x00001b4f       0x64 src/ASF/sam/drivers/spi/spi.o
 .debug_macro   0x00001bb3       0x5f src/ASF/sam/drivers/spi/spi.o
 .debug_macro   0x00001c12       0xac src/ASF/sam/drivers/spi/spi.o
 .debug_macro   0x00001cbe      0x799 src/helpers.o
 .debug_macro   0x00002457       0x50 src/helpers.o
 .debug_macro   0x000024a7       0x28 src/helpers.o
 .debug_macro   0x000024cf       0x23 src/helpers.o
 .debug_macro   0x000024f2       0x94 src/helpers.o
 .debug_macro   0x00002586       0x40 src/helpers.o
 .debug_macro   0x000025c6       0x88 src/helpers.o
 .debug_macro   0x0000264e      0x1ce src/helpers.o
 .debug_macro   0x0000281c       0x34 src/helpers.o
 .debug_macro   0x00002850       0x16 src/helpers.o
 .debug_macro   0x00002866       0x1c src/helpers.o
 .debug_macro   0x00002882       0x16 src/helpers.o
 .debug_macro   0x00002898      0x7e6 src/oled/gfx_mono_framebuffer.o
 .debug_macro   0x0000307e       0x22 src/oled/gfx_mono_framebuffer.o
 .debug_macro   0x000030a0       0x7b src/oled/gfx_mono_framebuffer.o
 .debug_macro   0x0000311b       0x28 src/oled/gfx_mono_framebuffer.o
 .debug_macro   0x00003143       0xd1 src/oled/gfx_mono_framebuffer.o
 .debug_macro   0x00003214       0x8b src/oled/gfx_mono_framebuffer.o
 .debug_macro   0x0000329f      0x7e6 src/oled/gfx_mono_generic.o
 .debug_macro   0x00003a85      0x7ff src/oled/gfx_mono_text.o
 .debug_macro   0x00004284      0x7ea src/oled/gfx_mono_ug_2832hsweg04.o
 .debug_macro   0x00004a6e       0x28 src/oled/gfx_mono_ug_2832hsweg04.o
 .debug_macro   0x00004a96      0x7c0 src/oled/ssd1306.o
 .debug_macro   0x00005256      0x69c src/oled/sysfont.o
 .debug_macro   0x000058f2       0x3a src/oled/sysfont.o
 .debug_macro   0x0000592c      0x665 src/ASF/common/services/delay/sam/cycle_counter.o
 .debug_macro   0x00005f91       0x22 src/ASF/common/services/delay/sam/cycle_counter.o
 .debug_macro   0x00005fb3      0x6d1 src/ASF/common/services/clock/same70/sysclk.o
 .debug_macro   0x00006684      0x2c0 src/ASF/common/services/clock/same70/sysclk.o
 .debug_macro   0x00006944      0x655 src/ASF/common/utils/interrupt/interrupt_sam_nvic.o
 .debug_macro   0x00006f99      0x70b src/ASF/sam/boards/same70_xplained/init.o
 .debug_macro   0x000076a4       0x82 src/ASF/sam/boards/same70_xplained/init.o
 .debug_macro   0x00007726      0x66b src/ASF/sam/drivers/pio/pio.o
 .debug_macro   0x00007d91       0x8e src/ASF/sam/drivers/pio/pio.o
 .debug_macro   0x00007e1f      0x676 src/ASF/sam/drivers/pio/pio_handler.o
 .debug_macro   0x00008495      0x66b src/ASF/sam/drivers/pmc/pmc.o
 .debug_macro   0x00008b00       0x6a src/ASF/sam/drivers/pmc/pmc.o
 .debug_macro   0x00008b6a      0x664 src/ASF/sam/utils/cmsis/same70/source/templates/gcc/startup_same70.o
 .debug_macro   0x000091ce       0x10 src/ASF/sam/utils/cmsis/same70/source/templates/gcc/startup_same70.o
 .debug_macro   0x000091de      0x455 src/ASF/sam/utils/cmsis/same70/source/templates/system_same70.o
 .debug_macro   0x00009633      0x838 src/main.o
 .debug_macro   0x00009e6b       0xfa src/main.o

.debug_line     0x00000000     0xf19c
 .debug_line    0x00000000      0xa47 src/ASF/sam/drivers/rtt/rtt.o
 .debug_line    0x00000a47      0xc69 src/ASF/sam/drivers/spi/spi.o
 .debug_line    0x000016b0      0xe47 src/helpers.o
 .debug_line    0x000024f7      0xe62 src/oled/gfx_mono_framebuffer.o
 .debug_line    0x00003359      0xf27 src/oled/gfx_mono_generic.o
 .debug_line    0x00004280      0xe85 src/oled/gfx_mono_text.o
 .debug_line    0x00005105      0xf0f src/oled/gfx_mono_ug_2832hsweg04.o
 .debug_line    0x00006014      0xfce src/oled/ssd1306.o
 .debug_line    0x00006fe2      0x9e7 src/oled/sysfont.o
 .debug_line    0x000079c9      0x9b9 src/ASF/common/services/delay/sam/cycle_counter.o
 .debug_line    0x00008382      0xc33 src/ASF/common/services/clock/same70/sysclk.o
 .debug_line    0x00008fb5      0x9d5 src/ASF/common/utils/interrupt/interrupt_sam_nvic.o
 .debug_line    0x0000998a      0xd2f src/ASF/sam/boards/same70_xplained/init.o
 .debug_line    0x0000a6b9      0xde3 src/ASF/sam/drivers/pio/pio.o
 .debug_line    0x0000b49c      0xae4 src/ASF/sam/drivers/pio/pio_handler.o
 .debug_line    0x0000bf80     0x10a8 src/ASF/sam/drivers/pmc/pmc.o
 .debug_line    0x0000d028      0xa8c src/ASF/sam/utils/cmsis/same70/source/templates/gcc/startup_same70.o
 .debug_line    0x0000dab4      0x7ec src/ASF/sam/utils/cmsis/same70/source/templates/system_same70.o
 .debug_line    0x0000e2a0      0xefc src/main.o

.debug_str      0x00000000    0x8fcf0
 .debug_str     0x00000000    0x81981 src/ASF/sam/drivers/rtt/rtt.o
                              0x82002 (size before relaxing)
 .debug_str     0x00081981     0x4610 src/ASF/sam/drivers/spi/spi.o
                              0x86517 (size before relaxing)
 .debug_str     0x00085f91     0x23b1 src/helpers.o
                              0x8868b (size before relaxing)
 .debug_str     0x00088342     0x1198 src/oled/gfx_mono_framebuffer.o
                              0x88c13 (size before relaxing)
 .debug_str     0x000894da      0x25c src/oled/gfx_mono_generic.o
                              0x88d57 (size before relaxing)
 .debug_str     0x00089736      0x266 src/oled/gfx_mono_text.o
                              0x88d32 (size before relaxing)
 .debug_str     0x0008999c      0x11c src/oled/gfx_mono_ug_2832hsweg04.o
                              0x88cf3 (size before relaxing)
 .debug_str     0x00089ab8      0x2d0 src/oled/ssd1306.o
                              0x8892b (size before relaxing)
 .debug_str     0x00089d88     0x3ee1 src/oled/sysfont.o
                              0x86149 (size before relaxing)
 .debug_str     0x0008dc69       0x35 src/ASF/common/services/delay/sam/cycle_counter.o
                              0x8207d (size before relaxing)
 .debug_str     0x0008dc9e      0x44d src/ASF/common/services/clock/same70/sysclk.o
                              0x865fe (size before relaxing)
 .debug_str     0x0008e0eb       0x94 src/ASF/common/utils/interrupt/interrupt_sam_nvic.o
                              0x81f4d (size before relaxing)
 .debug_str     0x0008e17f      0x3a5 src/ASF/sam/boards/same70_xplained/init.o
                              0x8708b (size before relaxing)
 .debug_str     0x0008e524      0x527 src/ASF/sam/drivers/pio/pio.o
                              0x82aa3 (size before relaxing)
 .debug_str     0x0008ea4b       0xe7 src/ASF/sam/drivers/pio/pio_handler.o
                              0x82bc5 (size before relaxing)
 .debug_str     0x0008eb32      0x62b src/ASF/sam/drivers/pmc/pmc.o
                              0x82c07 (size before relaxing)
 .debug_str     0x0008f15d      0x64c src/ASF/sam/utils/cmsis/same70/source/templates/gcc/startup_same70.o
                              0x8271a (size before relaxing)
 .debug_str     0x0008f7a9      0x137 src/ASF/sam/utils/cmsis/same70/source/templates/system_same70.o
                              0x72826 (size before relaxing)
 .debug_str     0x0008f8e0      0x410 src/main.o
                              0x8d24a (size before relaxing)

.debug_frame    0x00000000     0x2d18
 .debug_frame   0x00000000      0x174 src/ASF/sam/drivers/rtt/rtt.o
 .debug_frame   0x00000174      0x2c8 src/ASF/sam/drivers/spi/spi.o
 .debug_frame   0x0000043c      0x1b8 src/helpers.o
 .debug_frame   0x000005f4      0x148 src/oled/gfx_mono_framebuffer.o
 .debug_frame   0x0000073c      0x150 src/oled/gfx_mono_generic.o
 .debug_frame   0x0000088c       0xfc src/oled/gfx_mono_text.o
 .debug_frame   0x00000988      0x1dc src/oled/gfx_mono_ug_2832hsweg04.o
 .debug_frame   0x00000b64      0x360 src/oled/ssd1306.o
 .debug_frame   0x00000ec4       0x20 src/ASF/common/services/delay/sam/cycle_counter.o
 .debug_frame   0x00000ee4      0x240 src/ASF/common/services/clock/same70/sysclk.o
 .debug_frame   0x00001124       0x58 src/ASF/common/utils/interrupt/interrupt_sam_nvic.o
 .debug_frame   0x0000117c      0x174 src/ASF/sam/boards/same70_xplained/init.o
 .debug_frame   0x000012f0      0x7c0 src/ASF/sam/drivers/pio/pio.o
 .debug_frame   0x00001ab0      0x1d0 src/ASF/sam/drivers/pio/pio_handler.o
 .debug_frame   0x00001c80      0xa60 src/ASF/sam/drivers/pmc/pmc.o
 .debug_frame   0x000026e0       0xbc src/ASF/sam/utils/cmsis/same70/source/templates/gcc/startup_same70.o
 .debug_frame   0x0000279c       0x78 src/ASF/sam/utils/cmsis/same70/source/templates/system_same70.o
 .debug_frame   0x00002814      0x1a0 src/main.o
 .debug_frame   0x000029b4       0xac c:/program files (x86)/7.0/toolchain/arm/arm-gnu-toolchain/bin/../lib/gcc/arm-none-eabi/6.3.1/thumb/v7e-m\libgcc.a(_arm_addsubdf3.o)
 .debug_frame   0x00002a60       0x50 c:/program files (x86)/7.0/toolchain/arm/arm-gnu-toolchain/bin/../lib/gcc/arm-none-eabi/6.3.1/thumb/v7e-m\libgcc.a(_arm_muldivdf3.o)
 .debug_frame   0x00002ab0       0x24 c:/program files (x86)/7.0/toolchain/arm/arm-gnu-toolchain/bin/../lib/gcc/arm-none-eabi/6.3.1/thumb/v7e-m\libgcc.a(_arm_fixdfsi.o)
 .debug_frame   0x00002ad4       0x24 c:/program files (x86)/7.0/toolchain/arm/arm-gnu-toolchain/bin/../lib/gcc/arm-none-eabi/6.3.1/thumb/v7e-m\libgcc.a(_arm_truncdfsf2.o)
 .debug_frame   0x00002af8       0x2c c:/program files (x86)/7.0/toolchain/arm/arm-gnu-toolchain/bin/../lib/gcc/arm-none-eabi/6.3.1/thumb/v7e-m\libgcc.a(_aeabi_uldivmod.o)
 .debug_frame   0x00002b24       0x34 c:/program files (x86)/7.0/toolchain/arm/arm-gnu-toolchain/bin/../lib/gcc/arm-none-eabi/6.3.1/thumb/v7e-m\libgcc.a(_udivmoddi4.o)
 .debug_frame   0x00002b58       0x2c c:/program files (x86)/7.0/toolchain/arm/arm-gnu-toolchain/bin/../lib/gcc/arm-none-eabi/6.3.1/../../../../arm-none-eabi/lib/thumb/v7e-m\libc.a(lib_a-init.o)
 .debug_frame   0x00002b84       0x5c c:/program files (x86)/7.0/toolchain/arm/arm-gnu-toolchain/bin/../lib/gcc/arm-none-eabi/6.3.1/../../../../arm-none-eabi/lib/thumb/v7e-m\libc.a(lib_a-__call_atexit.o)
 .debug_frame   0x00002be0       0x20 c:/program files (x86)/7.0/toolchain/arm/arm-gnu-toolchain/bin/../lib/gcc/arm-none-eabi/6.3.1/../../../../arm-none-eabi/lib/thumb/v7e-m\libc.a(lib_a-atexit.o)
 .debug_frame   0x00002c00       0x34 c:/program files (x86)/7.0/toolchain/arm/arm-gnu-toolchain/bin/../lib/gcc/arm-none-eabi/6.3.1/../../../../arm-none-eabi/lib/thumb/v7e-m\libc.a(lib_a-fini.o)
 .debug_frame   0x00002c34       0xb0 c:/program files (x86)/7.0/toolchain/arm/arm-gnu-toolchain/bin/../lib/gcc/arm-none-eabi/6.3.1/../../../../arm-none-eabi/lib/thumb/v7e-m\libc.a(lib_a-lock.o)
 .debug_frame   0x00002ce4       0x34 c:/program files (x86)/7.0/toolchain/arm/arm-gnu-toolchain/bin/../lib/gcc/arm-none-eabi/6.3.1/../../../../arm-none-eabi/lib/thumb/v7e-m\libc.a(lib_a-__atexit.o)

Cross Reference Table

Symbol                                            File
ACC_Handler                                       src/ASF/sam/utils/cmsis/same70/source/templates/gcc/startup_same70.o
AES_Handler                                       src/ASF/sam/utils/cmsis/same70/source/templates/gcc/startup_same70.o
AFEC0_Handler                                     src/ASF/sam/utils/cmsis/same70/source/templates/gcc/startup_same70.o
AFEC1_Handler                                     src/ASF/sam/utils/cmsis/same70/source/templates/gcc/startup_same70.o
BusFault_Handler                                  src/ASF/sam/utils/cmsis/same70/source/templates/gcc/startup_same70.o
DACC_Handler                                      src/ASF/sam/utils/cmsis/same70/source/templates/gcc/startup_same70.o
DebugMon_Handler                                  src/ASF/sam/utils/cmsis/same70/source/templates/gcc/startup_same70.o
Dummy_Handler                                     src/ASF/sam/utils/cmsis/same70/source/templates/gcc/startup_same70.o
EFC_Handler                                       src/ASF/sam/utils/cmsis/same70/source/templates/gcc/startup_same70.o
GMAC_Handler                                      src/ASF/sam/utils/cmsis/same70/source/templates/gcc/startup_same70.o
HSMCI_Handler                                     src/ASF/sam/utils/cmsis/same70/source/templates/gcc/startup_same70.o
HardFault_Handler                                 src/ASF/sam/utils/cmsis/same70/source/templates/gcc/startup_same70.o
ICM_Handler                                       src/ASF/sam/utils/cmsis/same70/source/templates/gcc/startup_same70.o
ISI_Handler                                       src/ASF/sam/utils/cmsis/same70/source/templates/gcc/startup_same70.o
MCAN0_Handler                                     src/ASF/sam/utils/cmsis/same70/source/templates/gcc/startup_same70.o
MCAN1_Handler                                     src/ASF/sam/utils/cmsis/same70/source/templates/gcc/startup_same70.o
MemManage_Handler                                 src/ASF/sam/utils/cmsis/same70/source/templates/gcc/startup_same70.o
NMI_Handler                                       src/ASF/sam/utils/cmsis/same70/source/templates/gcc/startup_same70.o
PIOA_Handler                                      src/ASF/sam/drivers/pio/pio_handler.o
PIOB_Handler                                      src/ASF/sam/drivers/pio/pio_handler.o
PIOC_Handler                                      src/ASF/sam/drivers/pio/pio_handler.o
PIOD_Handler                                      src/ASF/sam/drivers/pio/pio_handler.o
PIOE_Handler                                      src/ASF/sam/drivers/pio/pio_handler.o
PMC_Handler                                       src/ASF/sam/utils/cmsis/same70/source/templates/gcc/startup_same70.o
PWM0_Handler                                      src/ASF/sam/utils/cmsis/same70/source/templates/gcc/startup_same70.o
PWM1_Handler                                      src/ASF/sam/utils/cmsis/same70/source/templates/gcc/startup_same70.o
PendSV_Handler                                    src/ASF/sam/utils/cmsis/same70/source/templates/gcc/startup_same70.o
QSPI_Handler                                      src/ASF/sam/utils/cmsis/same70/source/templates/gcc/startup_same70.o
RSTC_Handler                                      src/ASF/sam/utils/cmsis/same70/source/templates/gcc/startup_same70.o
RSWDT_Handler                                     src/ASF/sam/utils/cmsis/same70/source/templates/gcc/startup_same70.o
RTC_Handler                                       src/ASF/sam/utils/cmsis/same70/source/templates/gcc/startup_same70.o
RTC_init                                          src/helpers.o
RTT_Handler                                       src/main.o
                                                  src/ASF/sam/utils/cmsis/same70/source/templates/gcc/startup_same70.o
RTT_init                                          src/helpers.o
                                                  src/main.o
Reset_Handler                                     src/ASF/sam/utils/cmsis/same70/source/templates/gcc/startup_same70.o
SDRAMC_Handler                                    src/ASF/sam/utils/cmsis/same70/source/templates/gcc/startup_same70.o
SPI0_Handler                                      src/ASF/sam/utils/cmsis/same70/source/templates/gcc/startup_same70.o
SPI1_Handler                                      src/ASF/sam/utils/cmsis/same70/source/templates/gcc/startup_same70.o
SSC_Handler                                       src/ASF/sam/utils/cmsis/same70/source/templates/gcc/startup_same70.o
SUPC_Handler                                      src/ASF/sam/utils/cmsis/same70/source/templates/gcc/startup_same70.o
SVC_Handler                                       src/ASF/sam/utils/cmsis/same70/source/templates/gcc/startup_same70.o
SysTick_Handler                                   src/ASF/sam/utils/cmsis/same70/source/templates/gcc/startup_same70.o
SystemCoreClock                                   src/ASF/sam/utils/cmsis/same70/source/templates/system_same70.o
SystemCoreClockUpdate                             src/ASF/sam/utils/cmsis/same70/source/templates/system_same70.o
                                                  src/ASF/common/services/clock/same70/sysclk.o
SystemInit                                        src/ASF/sam/utils/cmsis/same70/source/templates/system_same70.o
TC0_Handler                                       src/ASF/sam/utils/cmsis/same70/source/templates/gcc/startup_same70.o
TC10_Handler                                      src/ASF/sam/utils/cmsis/same70/source/templates/gcc/startup_same70.o
TC11_Handler                                      src/ASF/sam/utils/cmsis/same70/source/templates/gcc/startup_same70.o
TC1_Handler                                       src/ASF/sam/utils/cmsis/same70/source/templates/gcc/startup_same70.o
TC2_Handler                                       src/ASF/sam/utils/cmsis/same70/source/templates/gcc/startup_same70.o
TC3_Handler                                       src/ASF/sam/utils/cmsis/same70/source/templates/gcc/startup_same70.o
TC4_Handler                                       src/ASF/sam/utils/cmsis/same70/source/templates/gcc/startup_same70.o
TC5_Handler                                       src/ASF/sam/utils/cmsis/same70/source/templates/gcc/startup_same70.o
TC6_Handler                                       src/ASF/sam/utils/cmsis/same70/source/templates/gcc/startup_same70.o
TC7_Handler                                       src/ASF/sam/utils/cmsis/same70/source/templates/gcc/startup_same70.o
TC8_Handler                                       src/ASF/sam/utils/cmsis/same70/source/templates/gcc/startup_same70.o
TC9_Handler                                       src/ASF/sam/utils/cmsis/same70/source/templates/gcc/startup_same70.o
TC_init                                           src/helpers.o
TRNG_Handler                                      src/ASF/sam/utils/cmsis/same70/source/templates/gcc/startup_same70.o
TWIHS0_Handler                                    src/ASF/sam/utils/cmsis/same70/source/templates/gcc/startup_same70.o
TWIHS1_Handler                                    src/ASF/sam/utils/cmsis/same70/source/templates/gcc/startup_same70.o
TWIHS2_Handler                                    src/ASF/sam/utils/cmsis/same70/source/templates/gcc/startup_same70.o
UART0_Handler                                     src/ASF/sam/utils/cmsis/same70/source/templates/gcc/startup_same70.o
UART1_Handler                                     src/ASF/sam/utils/cmsis/same70/source/templates/gcc/startup_same70.o
UART2_Handler                                     src/ASF/sam/utils/cmsis/same70/source/templates/gcc/startup_same70.o
UART3_Handler                                     src/ASF/sam/utils/cmsis/same70/source/templates/gcc/startup_same70.o
UART4_Handler                                     src/ASF/sam/utils/cmsis/same70/source/templates/gcc/startup_same70.o
USART0_Handler                                    src/ASF/sam/utils/cmsis/same70/source/templates/gcc/startup_same70.o
USART1_Handler                                    src/ASF/sam/utils/cmsis/same70/source/templates/gcc/startup_same70.o
USART2_Handler                                    src/ASF/sam/utils/cmsis/same70/source/templates/gcc/startup_same70.o
USBHS_Handler                                     src/ASF/sam/utils/cmsis/same70/source/templates/gcc/startup_same70.o
UsageFault_Handler                                src/ASF/sam/utils/cmsis/same70/source/templates/gcc/startup_same70.o
WDT_Handler                                       src/ASF/sam/utils/cmsis/same70/source/templates/gcc/startup_same70.o
XDMAC_Handler                                     src/ASF/sam/utils/cmsis/same70/source/templates/gcc/startup_same70.o
_Jv_RegisterClasses                               c:/program files (x86)/7.0/toolchain/arm/arm-gnu-toolchain/bin/../lib/gcc/arm-none-eabi/6.3.1/thumb/v7e-m/crtbegin.o
__adddf3                                          c:/program files (x86)/7.0/toolchain/arm/arm-gnu-toolchain/bin/../lib/gcc/arm-none-eabi/6.3.1/thumb/v7e-m\libgcc.a(_arm_addsubdf3.o)
__aeabi_d2f                                       c:/program files (x86)/7.0/toolchain/arm/arm-gnu-toolchain/bin/../lib/gcc/arm-none-eabi/6.3.1/thumb/v7e-m\libgcc.a(_arm_truncdfsf2.o)
                                                  src/main.o
__aeabi_d2iz                                      c:/program files (x86)/7.0/toolchain/arm/arm-gnu-toolchain/bin/../lib/gcc/arm-none-eabi/6.3.1/thumb/v7e-m\libgcc.a(_arm_fixdfsi.o)
                                                  src/main.o
__aeabi_dadd                                      c:/program files (x86)/7.0/toolchain/arm/arm-gnu-toolchain/bin/../lib/gcc/arm-none-eabi/6.3.1/thumb/v7e-m\libgcc.a(_arm_addsubdf3.o)
                                                  src/main.o
__aeabi_ddiv                                      c:/program files (x86)/7.0/toolchain/arm/arm-gnu-toolchain/bin/../lib/gcc/arm-none-eabi/6.3.1/thumb/v7e-m\libgcc.a(_arm_muldivdf3.o)
                                                  src/main.o
__aeabi_dmul                                      c:/program files (x86)/7.0/toolchain/arm/arm-gnu-toolchain/bin/../lib/gcc/arm-none-eabi/6.3.1/thumb/v7e-m\libgcc.a(_arm_muldivdf3.o)
                                                  src/main.o
__aeabi_drsub                                     c:/program files (x86)/7.0/toolchain/arm/arm-gnu-toolchain/bin/../lib/gcc/arm-none-eabi/6.3.1/thumb/v7e-m\libgcc.a(_arm_addsubdf3.o)
__aeabi_dsub                                      c:/program files (x86)/7.0/toolchain/arm/arm-gnu-toolchain/bin/../lib/gcc/arm-none-eabi/6.3.1/thumb/v7e-m\libgcc.a(_arm_addsubdf3.o)
                                                  src/main.o
__aeabi_f2d                                       c:/program files (x86)/7.0/toolchain/arm/arm-gnu-toolchain/bin/../lib/gcc/arm-none-eabi/6.3.1/thumb/v7e-m\libgcc.a(_arm_addsubdf3.o)
                                                  src/main.o
__aeabi_i2d                                       c:/program files (x86)/7.0/toolchain/arm/arm-gnu-toolchain/bin/../lib/gcc/arm-none-eabi/6.3.1/thumb/v7e-m\libgcc.a(_arm_addsubdf3.o)
                                                  src/main.o
__aeabi_idiv0                                     c:/program files (x86)/7.0/toolchain/arm/arm-gnu-toolchain/bin/../lib/gcc/arm-none-eabi/6.3.1/thumb/v7e-m\libgcc.a(_dvmd_tls.o)
__aeabi_l2d                                       c:/program files (x86)/7.0/toolchain/arm/arm-gnu-toolchain/bin/../lib/gcc/arm-none-eabi/6.3.1/thumb/v7e-m\libgcc.a(_arm_addsubdf3.o)
__aeabi_ldiv0                                     c:/program files (x86)/7.0/toolchain/arm/arm-gnu-toolchain/bin/../lib/gcc/arm-none-eabi/6.3.1/thumb/v7e-m\libgcc.a(_dvmd_tls.o)
                                                  c:/program files (x86)/7.0/toolchain/arm/arm-gnu-toolchain/bin/../lib/gcc/arm-none-eabi/6.3.1/thumb/v7e-m\libgcc.a(_aeabi_uldivmod.o)
__aeabi_ui2d                                      c:/program files (x86)/7.0/toolchain/arm/arm-gnu-toolchain/bin/../lib/gcc/arm-none-eabi/6.3.1/thumb/v7e-m\libgcc.a(_arm_addsubdf3.o)
                                                  src/main.o
__aeabi_ul2d                                      c:/program files (x86)/7.0/toolchain/arm/arm-gnu-toolchain/bin/../lib/gcc/arm-none-eabi/6.3.1/thumb/v7e-m\libgcc.a(_arm_addsubdf3.o)
__aeabi_uldivmod                                  c:/program files (x86)/7.0/toolchain/arm/arm-gnu-toolchain/bin/../lib/gcc/arm-none-eabi/6.3.1/thumb/v7e-m\libgcc.a(_aeabi_uldivmod.o)
                                                  src/main.o
                                                  src/oled/ssd1306.o
__atexit_recursive_mutex                          c:/program files (x86)/7.0/toolchain/arm/arm-gnu-toolchain/bin/../lib/gcc/arm-none-eabi/6.3.1/../../../../arm-none-eabi/lib/thumb/v7e-m\libc.a(lib_a-__call_atexit.o)
                                                  c:/program files (x86)/7.0/toolchain/arm/arm-gnu-toolchain/bin/../lib/gcc/arm-none-eabi/6.3.1/../../../../arm-none-eabi/lib/thumb/v7e-m\libc.a(lib_a-__atexit.o)
__bss_end__                                       c:/program files (x86)/7.0/toolchain/arm/arm-gnu-toolchain/bin/../lib/gcc/arm-none-eabi/6.3.1/../../../../arm-none-eabi/lib/thumb/v7e-m/crt0.o
__bss_start__                                     c:/program files (x86)/7.0/toolchain/arm/arm-gnu-toolchain/bin/../lib/gcc/arm-none-eabi/6.3.1/../../../../arm-none-eabi/lib/thumb/v7e-m/crt0.o
__call_exitprocs                                  c:/program files (x86)/7.0/toolchain/arm/arm-gnu-toolchain/bin/../lib/gcc/arm-none-eabi/6.3.1/../../../../arm-none-eabi/lib/thumb/v7e-m\libc.a(lib_a-__call_atexit.o)
                                                  c:/program files (x86)/7.0/toolchain/arm/arm-gnu-toolchain/bin/../lib/gcc/arm-none-eabi/6.3.1/../../../../arm-none-eabi/lib/thumb/v7e-m\libc.a(lib_a-exit.o)
__deregister_frame_info                           c:/program files (x86)/7.0/toolchain/arm/arm-gnu-toolchain/bin/../lib/gcc/arm-none-eabi/6.3.1/thumb/v7e-m/crtbegin.o
__divdf3                                          c:/program files (x86)/7.0/toolchain/arm/arm-gnu-toolchain/bin/../lib/gcc/arm-none-eabi/6.3.1/thumb/v7e-m\libgcc.a(_arm_muldivdf3.o)
__dso_handle                                      c:/program files (x86)/7.0/toolchain/arm/arm-gnu-toolchain/bin/../lib/gcc/arm-none-eabi/6.3.1/thumb/v7e-m/crtbegin.o
__extendsfdf2                                     c:/program files (x86)/7.0/toolchain/arm/arm-gnu-toolchain/bin/../lib/gcc/arm-none-eabi/6.3.1/thumb/v7e-m\libgcc.a(_arm_addsubdf3.o)
__fini_array_end                                  c:/program files (x86)/7.0/toolchain/arm/arm-gnu-toolchain/bin/../lib/gcc/arm-none-eabi/6.3.1/../../../../arm-none-eabi/lib/thumb/v7e-m\libc.a(lib_a-fini.o)
__fini_array_start                                c:/program files (x86)/7.0/toolchain/arm/arm-gnu-toolchain/bin/../lib/gcc/arm-none-eabi/6.3.1/../../../../arm-none-eabi/lib/thumb/v7e-m\libc.a(lib_a-fini.o)
__fixdfsi                                         c:/program files (x86)/7.0/toolchain/arm/arm-gnu-toolchain/bin/../lib/gcc/arm-none-eabi/6.3.1/thumb/v7e-m\libgcc.a(_arm_fixdfsi.o)
__floatdidf                                       c:/program files (x86)/7.0/toolchain/arm/arm-gnu-toolchain/bin/../lib/gcc/arm-none-eabi/6.3.1/thumb/v7e-m\libgcc.a(_arm_addsubdf3.o)
__floatsidf                                       c:/program files (x86)/7.0/toolchain/arm/arm-gnu-toolchain/bin/../lib/gcc/arm-none-eabi/6.3.1/thumb/v7e-m\libgcc.a(_arm_addsubdf3.o)
__floatundidf                                     c:/program files (x86)/7.0/toolchain/arm/arm-gnu-toolchain/bin/../lib/gcc/arm-none-eabi/6.3.1/thumb/v7e-m\libgcc.a(_arm_addsubdf3.o)
__floatunsidf                                     c:/program files (x86)/7.0/toolchain/arm/arm-gnu-toolchain/bin/../lib/gcc/arm-none-eabi/6.3.1/thumb/v7e-m\libgcc.a(_arm_addsubdf3.o)
__init_array_end                                  c:/program files (x86)/7.0/toolchain/arm/arm-gnu-toolchain/bin/../lib/gcc/arm-none-eabi/6.3.1/../../../../arm-none-eabi/lib/thumb/v7e-m\libc.a(lib_a-init.o)
__init_array_start                                c:/program files (x86)/7.0/toolchain/arm/arm-gnu-toolchain/bin/../lib/gcc/arm-none-eabi/6.3.1/../../../../arm-none-eabi/lib/thumb/v7e-m\libc.a(lib_a-init.o)
__libc_fini                                       c:/program files (x86)/7.0/toolchain/arm/arm-gnu-toolchain/bin/../lib/gcc/arm-none-eabi/6.3.1/../../../../arm-none-eabi/lib/thumb/v7e-m\libc.a(lib_a-__call_atexit.o)
__libc_fini_array                                 c:/program files (x86)/7.0/toolchain/arm/arm-gnu-toolchain/bin/../lib/gcc/arm-none-eabi/6.3.1/../../../../arm-none-eabi/lib/thumb/v7e-m\libc.a(lib_a-fini.o)
                                                  c:/program files (x86)/7.0/toolchain/arm/arm-gnu-toolchain/bin/../lib/gcc/arm-none-eabi/6.3.1/../../../../arm-none-eabi/lib/thumb/v7e-m\libc.a(lib_a-__call_atexit.o)
                                                  c:/program files (x86)/7.0/toolchain/arm/arm-gnu-toolchain/bin/../lib/gcc/arm-none-eabi/6.3.1/../../../../arm-none-eabi/lib/thumb/v7e-m/crt0.o
__libc_init_array                                 c:/program files (x86)/7.0/toolchain/arm/arm-gnu-toolchain/bin/../lib/gcc/arm-none-eabi/6.3.1/../../../../arm-none-eabi/lib/thumb/v7e-m\libc.a(lib_a-init.o)
                                                  src/ASF/sam/utils/cmsis/same70/source/templates/gcc/startup_same70.o
                                                  c:/program files (x86)/7.0/toolchain/arm/arm-gnu-toolchain/bin/../lib/gcc/arm-none-eabi/6.3.1/../../../../arm-none-eabi/lib/thumb/v7e-m/crt0.o
__lock___arc4random_mutex                         c:/program files (x86)/7.0/toolchain/arm/arm-gnu-toolchain/bin/../lib/gcc/arm-none-eabi/6.3.1/../../../../arm-none-eabi/lib/thumb/v7e-m\libc.a(lib_a-lock.o)
__lock___at_quick_exit_mutex                      c:/program files (x86)/7.0/toolchain/arm/arm-gnu-toolchain/bin/../lib/gcc/arm-none-eabi/6.3.1/../../../../arm-none-eabi/lib/thumb/v7e-m\libc.a(lib_a-lock.o)
__lock___atexit_recursive_mutex                   c:/program files (x86)/7.0/toolchain/arm/arm-gnu-toolchain/bin/../lib/gcc/arm-none-eabi/6.3.1/../../../../arm-none-eabi/lib/thumb/v7e-m\libc.a(lib_a-lock.o)
                                                  c:/program files (x86)/7.0/toolchain/arm/arm-gnu-toolchain/bin/../lib/gcc/arm-none-eabi/6.3.1/../../../../arm-none-eabi/lib/thumb/v7e-m\libc.a(lib_a-__call_atexit.o)
__lock___dd_hash_mutex                            c:/program files (x86)/7.0/toolchain/arm/arm-gnu-toolchain/bin/../lib/gcc/arm-none-eabi/6.3.1/../../../../arm-none-eabi/lib/thumb/v7e-m\libc.a(lib_a-lock.o)
__lock___env_recursive_mutex                      c:/program files (x86)/7.0/toolchain/arm/arm-gnu-toolchain/bin/../lib/gcc/arm-none-eabi/6.3.1/../../../../arm-none-eabi/lib/thumb/v7e-m\libc.a(lib_a-lock.o)
__lock___malloc_recursive_mutex                   c:/program files (x86)/7.0/toolchain/arm/arm-gnu-toolchain/bin/../lib/gcc/arm-none-eabi/6.3.1/../../../../arm-none-eabi/lib/thumb/v7e-m\libc.a(lib_a-lock.o)
__lock___sfp_recursive_mutex                      c:/program files (x86)/7.0/toolchain/arm/arm-gnu-toolchain/bin/../lib/gcc/arm-none-eabi/6.3.1/../../../../arm-none-eabi/lib/thumb/v7e-m\libc.a(lib_a-lock.o)
__lock___sinit_recursive_mutex                    c:/program files (x86)/7.0/toolchain/arm/arm-gnu-toolchain/bin/../lib/gcc/arm-none-eabi/6.3.1/../../../../arm-none-eabi/lib/thumb/v7e-m\libc.a(lib_a-lock.o)
__lock___tz_mutex                                 c:/program files (x86)/7.0/toolchain/arm/arm-gnu-toolchain/bin/../lib/gcc/arm-none-eabi/6.3.1/../../../../arm-none-eabi/lib/thumb/v7e-m\libc.a(lib_a-lock.o)
__muldf3                                          c:/program files (x86)/7.0/toolchain/arm/arm-gnu-toolchain/bin/../lib/gcc/arm-none-eabi/6.3.1/thumb/v7e-m\libgcc.a(_arm_muldivdf3.o)
__preinit_array_end                               c:/program files (x86)/7.0/toolchain/arm/arm-gnu-toolchain/bin/../lib/gcc/arm-none-eabi/6.3.1/../../../../arm-none-eabi/lib/thumb/v7e-m\libc.a(lib_a-init.o)
__preinit_array_start                             c:/program files (x86)/7.0/toolchain/arm/arm-gnu-toolchain/bin/../lib/gcc/arm-none-eabi/6.3.1/../../../../arm-none-eabi/lib/thumb/v7e-m\libc.a(lib_a-init.o)
__ram_end__                                       src/ASF/sam/utils/syscalls/gcc/syscalls.o
__register_exitproc                               c:/program files (x86)/7.0/toolchain/arm/arm-gnu-toolchain/bin/../lib/gcc/arm-none-eabi/6.3.1/../../../../arm-none-eabi/lib/thumb/v7e-m\libc.a(lib_a-__atexit.o)
                                                  c:/program files (x86)/7.0/toolchain/arm/arm-gnu-toolchain/bin/../lib/gcc/arm-none-eabi/6.3.1/../../../../arm-none-eabi/lib/thumb/v7e-m\libc.a(lib_a-atexit.o)
__register_frame_info                             c:/program files (x86)/7.0/toolchain/arm/arm-gnu-toolchain/bin/../lib/gcc/arm-none-eabi/6.3.1/thumb/v7e-m/crtbegin.o
__retarget_lock_acquire                           c:/program files (x86)/7.0/toolchain/arm/arm-gnu-toolchain/bin/../lib/gcc/arm-none-eabi/6.3.1/../../../../arm-none-eabi/lib/thumb/v7e-m\libc.a(lib_a-lock.o)
__retarget_lock_acquire_recursive                 c:/program files (x86)/7.0/toolchain/arm/arm-gnu-toolchain/bin/../lib/gcc/arm-none-eabi/6.3.1/../../../../arm-none-eabi/lib/thumb/v7e-m\libc.a(lib_a-lock.o)
                                                  c:/program files (x86)/7.0/toolchain/arm/arm-gnu-toolchain/bin/../lib/gcc/arm-none-eabi/6.3.1/../../../../arm-none-eabi/lib/thumb/v7e-m\libc.a(lib_a-__atexit.o)
                                                  c:/program files (x86)/7.0/toolchain/arm/arm-gnu-toolchain/bin/../lib/gcc/arm-none-eabi/6.3.1/../../../../arm-none-eabi/lib/thumb/v7e-m\libc.a(lib_a-__call_atexit.o)
__retarget_lock_close                             c:/program files (x86)/7.0/toolchain/arm/arm-gnu-toolchain/bin/../lib/gcc/arm-none-eabi/6.3.1/../../../../arm-none-eabi/lib/thumb/v7e-m\libc.a(lib_a-lock.o)
__retarget_lock_close_recursive                   c:/program files (x86)/7.0/toolchain/arm/arm-gnu-toolchain/bin/../lib/gcc/arm-none-eabi/6.3.1/../../../../arm-none-eabi/lib/thumb/v7e-m\libc.a(lib_a-lock.o)
__retarget_lock_init                              c:/program files (x86)/7.0/toolchain/arm/arm-gnu-toolchain/bin/../lib/gcc/arm-none-eabi/6.3.1/../../../../arm-none-eabi/lib/thumb/v7e-m\libc.a(lib_a-lock.o)
__retarget_lock_init_recursive                    c:/program files (x86)/7.0/toolchain/arm/arm-gnu-toolchain/bin/../lib/gcc/arm-none-eabi/6.3.1/../../../../arm-none-eabi/lib/thumb/v7e-m\libc.a(lib_a-lock.o)
__retarget_lock_release                           c:/program files (x86)/7.0/toolchain/arm/arm-gnu-toolchain/bin/../lib/gcc/arm-none-eabi/6.3.1/../../../../arm-none-eabi/lib/thumb/v7e-m\libc.a(lib_a-lock.o)
__retarget_lock_release_recursive                 c:/program files (x86)/7.0/toolchain/arm/arm-gnu-toolchain/bin/../lib/gcc/arm-none-eabi/6.3.1/../../../../arm-none-eabi/lib/thumb/v7e-m\libc.a(lib_a-lock.o)
                                                  c:/program files (x86)/7.0/toolchain/arm/arm-gnu-toolchain/bin/../lib/gcc/arm-none-eabi/6.3.1/../../../../arm-none-eabi/lib/thumb/v7e-m\libc.a(lib_a-__atexit.o)
                                                  c:/program files (x86)/7.0/toolchain/arm/arm-gnu-toolchain/bin/../lib/gcc/arm-none-eabi/6.3.1/../../../../arm-none-eabi/lib/thumb/v7e-m\libc.a(lib_a-__call_atexit.o)
__retarget_lock_try_acquire                       c:/program files (x86)/7.0/toolchain/arm/arm-gnu-toolchain/bin/../lib/gcc/arm-none-eabi/6.3.1/../../../../arm-none-eabi/lib/thumb/v7e-m\libc.a(lib_a-lock.o)
__retarget_lock_try_acquire_recursive             c:/program files (x86)/7.0/toolchain/arm/arm-gnu-toolchain/bin/../lib/gcc/arm-none-eabi/6.3.1/../../../../arm-none-eabi/lib/thumb/v7e-m\libc.a(lib_a-lock.o)
__stack                                           c:/program files (x86)/7.0/toolchain/arm/arm-gnu-toolchain/bin/../lib/gcc/arm-none-eabi/6.3.1/../../../../arm-none-eabi/lib/thumb/v7e-m/crt0.o
__subdf3                                          c:/program files (x86)/7.0/toolchain/arm/arm-gnu-toolchain/bin/../lib/gcc/arm-none-eabi/6.3.1/thumb/v7e-m\libgcc.a(_arm_addsubdf3.o)
__truncdfsf2                                      c:/program files (x86)/7.0/toolchain/arm/arm-gnu-toolchain/bin/../lib/gcc/arm-none-eabi/6.3.1/thumb/v7e-m\libgcc.a(_arm_truncdfsf2.o)
__udivmoddi4                                      c:/program files (x86)/7.0/toolchain/arm/arm-gnu-toolchain/bin/../lib/gcc/arm-none-eabi/6.3.1/thumb/v7e-m\libgcc.a(_udivmoddi4.o)
                                                  c:/program files (x86)/7.0/toolchain/arm/arm-gnu-toolchain/bin/../lib/gcc/arm-none-eabi/6.3.1/thumb/v7e-m\libgcc.a(_aeabi_uldivmod.o)
_close                                            src/ASF/sam/utils/syscalls/gcc/syscalls.o
_end                                              src/ASF/sam/utils/syscalls/gcc/syscalls.o
_erelocate                                        src/ASF/sam/utils/cmsis/same70/source/templates/gcc/startup_same70.o
_estack                                           src/ASF/sam/utils/cmsis/same70/source/templates/gcc/startup_same70.o
_etext                                            src/ASF/sam/utils/cmsis/same70/source/templates/gcc/startup_same70.o
_exit                                             src/ASF/sam/utils/syscalls/gcc/syscalls.o
                                                  c:/program files (x86)/7.0/toolchain/arm/arm-gnu-toolchain/bin/../lib/gcc/arm-none-eabi/6.3.1/../../../../arm-none-eabi/lib/thumb/v7e-m\libc.a(lib_a-exit.o)
_ezero                                            src/ASF/sam/utils/cmsis/same70/source/templates/gcc/startup_same70.o
_fini                                             c:/program files (x86)/7.0/toolchain/arm/arm-gnu-toolchain/bin/../lib/gcc/arm-none-eabi/6.3.1/thumb/v7e-m/crti.o
                                                  c:/program files (x86)/7.0/toolchain/arm/arm-gnu-toolchain/bin/../lib/gcc/arm-none-eabi/6.3.1/../../../../arm-none-eabi/lib/thumb/v7e-m\libc.a(lib_a-fini.o)
_fstat                                            src/ASF/sam/utils/syscalls/gcc/syscalls.o
_getpid                                           src/ASF/sam/utils/syscalls/gcc/syscalls.o
_global_impure_ptr                                c:/program files (x86)/7.0/toolchain/arm/arm-gnu-toolchain/bin/../lib/gcc/arm-none-eabi/6.3.1/../../../../arm-none-eabi/lib/thumb/v7e-m\libc.a(lib_a-impure.o)
                                                  c:/program files (x86)/7.0/toolchain/arm/arm-gnu-toolchain/bin/../lib/gcc/arm-none-eabi/6.3.1/../../../../arm-none-eabi/lib/thumb/v7e-m\libc.a(lib_a-__atexit.o)
                                                  c:/program files (x86)/7.0/toolchain/arm/arm-gnu-toolchain/bin/../lib/gcc/arm-none-eabi/6.3.1/../../../../arm-none-eabi/lib/thumb/v7e-m\libc.a(lib_a-__call_atexit.o)
                                                  c:/program files (x86)/7.0/toolchain/arm/arm-gnu-toolchain/bin/../lib/gcc/arm-none-eabi/6.3.1/../../../../arm-none-eabi/lib/thumb/v7e-m\libc.a(lib_a-exit.o)
_impure_ptr                                       c:/program files (x86)/7.0/toolchain/arm/arm-gnu-toolchain/bin/../lib/gcc/arm-none-eabi/6.3.1/../../../../arm-none-eabi/lib/thumb/v7e-m\libc.a(lib_a-impure.o)
_init                                             c:/program files (x86)/7.0/toolchain/arm/arm-gnu-toolchain/bin/../lib/gcc/arm-none-eabi/6.3.1/thumb/v7e-m/crti.o
                                                  c:/program files (x86)/7.0/toolchain/arm/arm-gnu-toolchain/bin/../lib/gcc/arm-none-eabi/6.3.1/../../../../arm-none-eabi/lib/thumb/v7e-m\libc.a(lib_a-init.o)
_isatty                                           src/ASF/sam/utils/syscalls/gcc/syscalls.o
_kill                                             src/ASF/sam/utils/syscalls/gcc/syscalls.o
_lseek                                            src/ASF/sam/utils/syscalls/gcc/syscalls.o
_mainCRTStartup                                   c:/program files (x86)/7.0/toolchain/arm/arm-gnu-toolchain/bin/../lib/gcc/arm-none-eabi/6.3.1/../../../../arm-none-eabi/lib/thumb/v7e-m/crt0.o
_sbrk                                             src/ASF/sam/utils/syscalls/gcc/syscalls.o
_sfixed                                           src/ASF/sam/utils/cmsis/same70/source/templates/gcc/startup_same70.o
_srelocate                                        src/ASF/sam/utils/cmsis/same70/source/templates/gcc/startup_same70.o
_start                                            c:/program files (x86)/7.0/toolchain/arm/arm-gnu-toolchain/bin/../lib/gcc/arm-none-eabi/6.3.1/../../../../arm-none-eabi/lib/thumb/v7e-m/crt0.o
_szero                                            src/ASF/sam/utils/cmsis/same70/source/templates/gcc/startup_same70.o
atexit                                            c:/program files (x86)/7.0/toolchain/arm/arm-gnu-toolchain/bin/../lib/gcc/arm-none-eabi/6.3.1/../../../../arm-none-eabi/lib/thumb/v7e-m\libc.a(lib_a-atexit.o)
                                                  c:/program files (x86)/7.0/toolchain/arm/arm-gnu-toolchain/bin/../lib/gcc/arm-none-eabi/6.3.1/../../../../arm-none-eabi/lib/thumb/v7e-m\libc.a(lib_a-__call_atexit.o)
                                                  c:/program files (x86)/7.0/toolchain/arm/arm-gnu-toolchain/bin/../lib/gcc/arm-none-eabi/6.3.1/../../../../arm-none-eabi/lib/thumb/v7e-m/crt0.o
board_init                                        src/ASF/sam/boards/same70_xplained/init.o
                                                  src/main.o
but1_callback                                     src/main.o
but1_flag                                         src/main.o
config_button                                     src/helpers.o
                                                  src/main.o
cpu_irq_enter_critical                            src/ASF/common/utils/interrupt/interrupt_sam_nvic.o
cpu_irq_leave_critical                            src/ASF/common/utils/interrupt/interrupt_sam_nvic.o
echo_callback                                     src/main.o
echo_flag                                         src/main.o
erase_oled                                        src/main.o
exception_table                                   src/ASF/sam/utils/cmsis/same70/source/templates/gcc/startup_same70.o
exit                                              c:/program files (x86)/7.0/toolchain/arm/arm-gnu-toolchain/bin/../lib/gcc/arm-none-eabi/6.3.1/../../../../arm-none-eabi/lib/thumb/v7e-m\libc.a(lib_a-exit.o)
                                                  c:/program files (x86)/7.0/toolchain/arm/arm-gnu-toolchain/bin/../lib/gcc/arm-none-eabi/6.3.1/../../../../arm-none-eabi/lib/thumb/v7e-m/crt0.o
free                                              c:/program files (x86)/7.0/toolchain/arm/arm-gnu-toolchain/bin/../lib/gcc/arm-none-eabi/6.3.1/../../../../arm-none-eabi/lib/thumb/v7e-m\libc.a(lib_a-__call_atexit.o)
freq                                              src/main.o
g_interrupt_enabled                               src/ASF/common/utils/interrupt/interrupt_sam_nvic.o
                                                  src/ASF/sam/utils/cmsis/same70/source/templates/gcc/startup_same70.o
                                                  src/ASF/sam/drivers/pmc/sleep.o
                                                  src/ASF/sam/drivers/mpu/mpu.o