Archive member included to satisfy reference by file (symbol)

c:/program files (x86)/7.0/toolchain/arm/arm-gnu-toolchain/bin/../lib/gcc/arm-none-eabi/6.3.1/../../../../arm-none-eabi/lib/thumb/v7e-m\libc.a(lib_a-exit.o)
                              c:/program files (x86)/7.0/toolchain/arm/arm-gnu-toolchain/bin/../lib/gcc/arm-none-eabi/6.3.1/../../../../arm-none-eabi/lib/thumb/v7e-m/crt0.o (exit)
c:/program files (x86)/7.0/toolchain/arm/arm-gnu-toolchain/bin/../lib/gcc/arm-none-eabi/6.3.1/../../../../arm-none-eabi/lib/thumb/v7e-m\libc.a(lib_a-impure.o)
                              c:/program files (x86)/7.0/toolchain/arm/arm-gnu-toolchain/bin/../lib/gcc/arm-none-eabi/6.3.1/../../../../arm-none-eabi/lib/thumb/v7e-m\libc.a(lib_a-exit.o) (_global_impure_ptr)
c:/program files (x86)/7.0/toolchain/arm/arm-gnu-toolchain/bin/../lib/gcc/arm-none-eabi/6.3.1/../../../../arm-none-eabi/lib/thumb/v7e-m\libc.a(lib_a-init.o)
                              c:/program files (x86)/7.0/toolchain/arm/arm-gnu-toolchain/bin/../lib/gcc/arm-none-eabi/6.3.1/../../../../arm-none-eabi/lib/thumb/v7e-m/crt0.o (__libc_init_array)
c:/program files (x86)/7.0/toolchain/arm/arm-gnu-toolchain/bin/../lib/gcc/arm-none-eabi/6.3.1/../../../../arm-none-eabi/lib/thumb/v7e-m\libc.a(lib_a-memset.o)
                              c:/program files (x86)/7.0/toolchain/arm/arm-gnu-toolchain/bin/../lib/gcc/arm-none-eabi/6.3.1/../../../../arm-none-eabi/lib/thumb/v7e-m/crt0.o (memset)
c:/program files (x86)/7.0/toolchain/arm/arm-gnu-toolchain/bin/../lib/gcc/arm-none-eabi/6.3.1/../../../../arm-none-eabi/lib/thumb/v7e-m\libc.a(lib_a-__call_atexit.o)
                              c:/program files (x86)/7.0/toolchain/arm/arm-gnu-toolchain/bin/../lib/gcc/arm-none-eabi/6.3.1/../../../../arm-none-eabi/lib/thumb/v7e-m\libc.a(lib_a-exit.o) (__call_exitprocs)
c:/program files (x86)/7.0/toolchain/arm/arm-gnu-toolchain/bin/../lib/gcc/arm-none-eabi/6.3.1/../../../../arm-none-eabi/lib/thumb/v7e-m\libc.a(lib_a-atexit.o)
                              c:/program files (x86)/7.0/toolchain/arm/arm-gnu-toolchain/bin/../lib/gcc/arm-none-eabi/6.3.1/../../../../arm-none-eabi/lib/thumb/v7e-m\libc.a(lib_a-__call_atexit.o) (atexit)
c:/program files (x86)/7.0/toolchain/arm/arm-gnu-toolchain/bin/../lib/gcc/arm-none-eabi/6.3.1/../../../../arm-none-eabi/lib/thumb/v7e-m\libc.a(lib_a-fini.o)
                              c:/program files (x86)/7.0/toolchain/arm/arm-gnu-toolchain/bin/../lib/gcc/arm-none-eabi/6.3.1/../../../../arm-none-eabi/lib/thumb/v7e-m\libc.a(lib_a-__call_atexit.o) (__libc_fini_array)
c:/program files (x86)/7.0/toolchain/arm/arm-gnu-toolchain/bin/../lib/gcc/arm-none-eabi/6.3.1/../../../../arm-none-eabi/lib/thumb/v7e-m\libc.a(lib_a-lock.o)
                              c:/program files (x86)/7.0/toolchain/arm/arm-gnu-toolchain/bin/../lib/gcc/arm-none-eabi/6.3.1/../../../../arm-none-eabi/lib/thumb/v7e-m\libc.a(lib_a-__call_atexit.o) (__retarget_lock_acquire_recursive)
c:/program files (x86)/7.0/toolchain/arm/arm-gnu-toolchain/bin/../lib/gcc/arm-none-eabi/6.3.1/../../../../arm-none-eabi/lib/thumb/v7e-m\libc.a(lib_a-__atexit.o)
                              c:/program files (x86)/7.0/toolchain/arm/arm-gnu-toolchain/bin/../lib/gcc/arm-none-eabi/6.3.1/../../../../arm-none-eabi/lib/thumb/v7e-m\libc.a(lib_a-atexit.o) (__register_exitproc)

Allocating common symbols
Common symbol       size              file

__lock___atexit_recursive_mutex
                    0x1               c:/program files (x86)/7.0/toolchain/arm/arm-gnu-toolchain/bin/../lib/gcc/arm-none-eabi/6.3.1/../../../../arm-none-eabi/lib/thumb/v7e-m\libc.a(lib_a-lock.o)
but1_flag           0x1               src/main.o
__lock___arc4random_mutex
                    0x1               c:/program files (x86)/7.0/toolchain/arm/arm-gnu-toolchain/bin/../lib/gcc/arm-none-eabi/6.3.1/../../../../arm-none-eabi/lib/thumb/v7e-m\libc.a(lib_a-lock.o)
start_counter       0x4               src/main.o
__lock___env_recursive_mutex
                    0x1               c:/program files (x86)/7.0/toolchain/arm/arm-gnu-toolchain/bin/../lib/gcc/arm-none-eabi/6.3.1/../../../../arm-none-eabi/lib/thumb/v7e-m\libc.a(lib_a-lock.o)
__lock___sinit_recursive_mutex
                    0x1               c:/program files (x86)/7.0/toolchain/arm/arm-gnu-toolchain/bin/../lib/gcc/arm-none-eabi/6.3.1/../../../../arm-none-eabi/lib/thumb/v7e-m\libc.a(lib_a-lock.o)
but3_flag           0x1               src/main.o
__lock___malloc_recursive_mutex
                    0x1               c:/program files (x86)/7.0/toolchain/arm/arm-gnu-toolchain/bin/../lib/gcc/arm-none-eabi/6.3.1/../../../../arm-none-eabi/lib/thumb/v7e-m\libc.a(lib_a-lock.o)
pio_capture_enable_flag
                    0x4               src/ASF/sam/drivers/pio/pio.o
but_flag            0x1               src/main.o
but2_flag           0x1               src/main.o
__lock___at_quick_exit_mutex
[...]
Memory Configuration

Name             Origin             Length             Attributes
rom              0x00400000         0x00200000         xr
ram              0x20400000         0x00060000         xrw
*default*        0x00000000         0xffffffff

Linker script and memory map

LOAD c:/program files (x86)/7.0/toolchain/arm/arm-gnu-toolchain/bin/../lib/gcc/arm-none-eabi/6.3.1/thumb/v7e-m/crti.o
LOAD c:/program files (x86)/7.0/toolchain/arm/arm-gnu-toolchain/bin/../lib/gcc/arm-none-eabi/6.3.1/thumb/v7e-m/crtbegin.o
LOAD c:/program files (x86)/7.0/toolchain/arm/arm-gnu-toolchain/bin/../lib/gcc/arm-none-eabi/6.3.1/../../../../arm-none-eabi/lib/thumb/v7e-m/crt0.o
LOAD src/ASF/sam/drivers/rtc/rtc.o
LOAD src/ASF/sam/drivers/rtt/rtt.o
LOAD src/ASF/sam/drivers/spi/spi.o
LOAD src/ASF/sam/drivers/tc/tc.o
LOAD src/helpers.o
LOAD src/oled/gfx_mono_framebuffer.o
LOAD src/oled/gfx_mono_generic.o
LOAD src/oled/gfx_mono_text.o
LOAD src/oled/gfx_mono_ug_2832hsweg04.o
LOAD src/oled/ssd1306.o
LOAD src/oled/sysfont.o
LOAD src/ASF/common/services/delay/sam/cycle_counter.o
LOAD src/ASF/common/services/clock/same70/sysclk.o
LOAD src/ASF/common/utils/interrupt/interrupt_sam_nvic.o
LOAD src/ASF/sam/boards/same70_xplained/init.o
LOAD src/ASF/sam/drivers/mpu/mpu.o
LOAD src/ASF/sam/drivers/pio/pio.o
LOAD src/ASF/sam/drivers/pio/pio_handler.o
LOAD src/ASF/sam/drivers/pmc/pmc.o
LOAD src/ASF/sam/drivers/pmc/sleep.o
LOAD src/ASF/sam/utils/cmsis/same70/source/templates/gcc/startup_same70.o
LOAD src/ASF/sam/utils/cmsis/same70/source/templates/system_same70.o
LOAD src/ASF/sam/utils/syscalls/gcc/syscalls.o
LOAD src/main.o
START GROUP
LOAD ../src/ASF/thirdparty/CMSIS/Lib/GCC\libarm_cortexM7lfsp_math_softfp.a
LOAD c:/program files (x86)/7.0/toolchain/arm/arm-gnu-toolchain/bin/../lib/gcc/arm-none-eabi/6.3.1/../../../../arm-none-eabi/lib/thumb/v7e-m\libm.a
END GROUP
START GROUP
LOAD c:/program files (x86)/7.0/toolchain/arm/arm-gnu-toolchain/bin/../lib/gcc/arm-none-eabi/6.3.1/thumb/v7e-m\libgcc.a
LOAD c:/program files (x86)/7.0/toolchain/arm/arm-gnu-toolchain/bin/../lib/gcc/arm-none-eabi/6.3.1/../../../../arm-none-eabi/lib/thumb/v7e-m\libc.a
END GROUP
LOAD c:/program files (x86)/7.0/toolchain/arm/arm-gnu-toolchain/bin/../lib/gcc/arm-none-eabi/6.3.1/thumb/v7e-m/crtend.o
LOAD c:/program files (x86)/7.0/toolchain/arm/arm-gnu-toolchain/bin/../lib/gcc/arm-none-eabi/6.3.1/thumb/v7e-m/crtn.o
                0x00002000                STACK_SIZE = DEFINED (STACK_SIZE)?STACK_SIZE:0x2000
                0x2045fffc                __ram_end__ = ((ORIGIN (ram) + LENGTH (ram)) - 0x4)
                0x00000200                HEAP_SIZE = DEFINED (HEAP_SIZE)?HEAP_SIZE:0x200

.text           0x00400000     0x1404
                0x00400000                . = ALIGN (0x4)
                0x00400000                _sfixed = .
 *(.vectors .vectors.*)
 .vectors       0x00400000      0x140 src/ASF/sam/utils/cmsis/same70/source/templates/gcc/startup_same70.o
                0x00400000                exception_table
 *(.text .text.* .gnu.linkonce.t.*)
 .text          0x00400140       0x6c c:/program files (x86)/7.0/toolchain/arm/arm-gnu-toolchain/bin/../lib/gcc/arm-none-eabi/6.3.1/thumb/v7e-m/crtbegin.o
 .text.rtt_init
                0x004001ac       0x14 src/ASF/sam/drivers/rtt/rtt.o
                0x004001ac                rtt_init
 .text.rtt_sel_source
                0x004001c0       0x2c src/ASF/sam/drivers/rtt/rtt.o
                0x004001c0                rtt_sel_source
 .text.rtt_enable_interrupt
                0x004001ec       0x14 src/ASF/sam/drivers/rtt/rtt.o
                0x004001ec                rtt_enable_interrupt
 .text.rtt_disable_interrupt
                0x00400200       0x14 src/ASF/sam/drivers/rtt/rtt.o
                0x00400200                rtt_disable_interrupt
 .text.rtt_read_timer_value
                0x00400214       0x14 src/ASF/sam/drivers/rtt/rtt.o
                0x00400214                rtt_read_timer_value
 .text.rtt_get_status
                0x00400228        0x4 src/ASF/sam/drivers/rtt/rtt.o
                0x00400228                rtt_get_status
 .text.rtt_write_alarm_time
                0x0040022c       0x44 src/ASF/sam/drivers/rtt/rtt.o
                0x0040022c                rtt_write_alarm_time
 .text.spi_enable_clock
                0x00400270       0x2c src/ASF/sam/drivers/spi/spi.o
                0x00400270                spi_enable_clock
 .text.spi_set_peripheral_chip_select_value
                0x0040029c       0x16 src/ASF/sam/drivers/spi/spi.o
                0x0040029c                spi_set_peripheral_chip_select_value
 .text.spi_write
                0x004002b2       0x34 src/ASF/sam/drivers/spi/spi.o
                0x004002b2                spi_write
 .text.spi_set_clock_polarity
                0x004002e6       0x1e src/ASF/sam/drivers/spi/spi.o
                0x004002e6                spi_set_clock_polarity
 .text.spi_set_clock_phase
                0x00400304       0x1e src/ASF/sam/drivers/spi/spi.o
                0x00400304                spi_set_clock_phase
 .text.spi_configure_cs_behavior
                0x00400322       0x46 src/ASF/sam/drivers/spi/spi.o
                0x00400322                spi_configure_cs_behavior
 .text.spi_set_bits_per_transfer
                0x00400368       0x14 src/ASF/sam/drivers/spi/spi.o
                0x00400368                spi_set_bits_per_transfer
 .text.spi_calc_baudrate_div
                0x0040037c       0x16 src/ASF/sam/drivers/spi/spi.o
                0x0040037c                spi_calc_baudrate_div
 .text.spi_set_baudrate_div
                0x00400392       0x28 src/ASF/sam/drivers/spi/spi.o
                0x00400392                spi_set_baudrate_div
 *fill*         0x004003ba        0x2 
 .text.RTT_init
                0x004003bc       0xb8 src/helpers.o
                0x004003bc                RTT_init
 .text.config_button
                0x00400474       0xa8 src/helpers.o
                0x00400474                config_button
 .text.gfx_mono_set_framebuffer
                0x0040051c        0xc src/oled/gfx_mono_framebuffer.o
                0x0040051c                gfx_mono_set_framebuffer
 .text.gfx_mono_framebuffer_put_byte
                0x00400528       0x10 src/oled/gfx_mono_framebuffer.o
                0x00400528                gfx_mono_framebuffer_put_byte
 .text.gfx_mono_framebuffer_get_byte
                0x00400538       0x10 src/oled/gfx_mono_framebuffer.o
                0x00400538                gfx_mono_framebuffer_get_byte
 .text.gfx_mono_ssd1306_put_byte
                0x00400548       0x50 src/oled/gfx_mono_ug_2832hsweg04.o
                0x00400548                gfx_mono_ssd1306_put_byte
 .text.gfx_mono_ssd1306_init
                0x00400598       0x50 src/oled/gfx_mono_ug_2832hsweg04.o
                0x00400598                gfx_mono_ssd1306_init
 .text.ssd1306_write_command
                0x004005e8       0x40 src/oled/ssd1306.o
                0x004005e8                ssd1306_write_command
 .text.ssd1306_init
                0x00400628      0x1e0 src/oled/ssd1306.o
                0x00400628                ssd1306_init
 .text.ssd1306_write_data
                0x00400808       0x40 src/oled/ssd1306.o
                0x00400808                ssd1306_write_data
 .text.sysclk_init
                0x00400848       0x70 src/ASF/common/services/clock/same70/sysclk.o
                0x00400848                sysclk_init
 .text.board_init
                0x004008b8      0x140 src/ASF/sam/boards/same70_xplained/init.o
                0x004008b8                board_init
 .text.pio_set_debounce_filter
                0x004009f8       0x1a src/ASF/sam/drivers/pio/pio.o
                0x004009f8                pio_set_debounce_filter
 .text.pio_set  0x00400a12        0x4 src/ASF/sam/drivers/pio/pio.o
                0x00400a12                pio_set
 .text.pio_clear
                0x00400a16        0x4 src/ASF/sam/drivers/pio/pio.o
                0x00400a16                pio_clear
 .text.pio_set_peripheral
                0x00400a1a       0x92 src/ASF/sam/drivers/pio/pio.o
                0x00400a1a                pio_set_peripheral
 .text.pio_set_input
                0x00400aac       0x36 src/ASF/sam/drivers/pio/pio.o
                0x00400aac                pio_set_input
 .text.pio_set_output
                0x00400ae2       0x28 src/ASF/sam/drivers/pio/pio.o
                0x00400ae2                pio_set_output
 *fill*         0x00400b0a        0x2 
 .text.pio_configure
                0x00400b0c       0x90 src/ASF/sam/drivers/pio/pio.o
                0x00400b0c                pio_configure
 .text.pio_get_output_data_status
                0x00400b9c        0xc src/ASF/sam/drivers/pio/pio.o
                0x00400b9c                pio_get_output_data_status
 .text.pio_configure_interrupt
                0x00400ba8       0x32 src/ASF/sam/drivers/pio/pio.o
                0x00400ba8                pio_configure_interrupt
 .text.pio_enable_interrupt
                0x00400bda        0x4 src/ASF/sam/drivers/pio/pio.o
                0x00400bda                pio_enable_interrupt
 .text.pio_get_interrupt_status
                0x00400bde        0x4 src/ASF/sam/drivers/pio/pio.o
                0x00400bde                pio_get_interrupt_status
 .text.pio_get_interrupt_mask
                0x00400be2        0x4 src/ASF/sam/drivers/pio/pio.o
                0x00400be2                pio_get_interrupt_mask
 *fill*         0x00400be6        0x2 
 .text.pio_handler_process
                0x00400be8       0x50 src/ASF/sam/drivers/pio/pio_handler.o
                0x00400be8                pio_handler_process
 .text.pio_handler_set
                0x00400c38       0x70 src/ASF/sam/drivers/pio/pio_handler.o
                0x00400c38                pio_handler_set
 .text.PIOA_Handler
                0x00400ca8       0x14 src/ASF/sam/drivers/pio/pio_handler.o
                0x00400ca8                PIOA_Handler
 .text.PIOB_Handler
                0x00400cbc       0x14 src/ASF/sam/drivers/pio/pio_handler.o
                0x00400cbc                PIOB_Handler
 .text.PIOC_Handler
                0x00400cd0       0x14 src/ASF/sam/drivers/pio/pio_handler.o
                0x00400cd0                PIOC_Handler
 .text.PIOD_Handler
                0x00400ce4       0x14 src/ASF/sam/drivers/pio/pio_handler.o
                0x00400ce4                PIOD_Handler
 .text.PIOE_Handler
                0x00400cf8       0x14 src/ASF/sam/drivers/pio/pio_handler.o
                0x00400cf8                PIOE_Handler
 .text.pmc_mck_set_division
                0x00400d0c       0x38 src/ASF/sam/drivers/pmc/pmc.o
                0x00400d0c                pmc_mck_set_division
 .text.pmc_switch_mck_to_pllack
                0x00400d44       0x64 src/ASF/sam/drivers/pmc/pmc.o
                0x00400d44                pmc_switch_mck_to_pllack
 .text.pmc_switch_mainck_to_xtal
                0x00400da8       0x54 src/ASF/sam/drivers/pmc/pmc.o
                0x00400da8                pmc_switch_mainck_to_xtal
 .text.pmc_osc_is_ready_mainck
                0x00400dfc       0x10 src/ASF/sam/drivers/pmc/pmc.o
                0x00400dfc                pmc_osc_is_ready_mainck
 .text.pmc_disable_pllack
                0x00400e0c       0x10 src/ASF/sam/drivers/pmc/pmc.o
                0x00400e0c                pmc_disable_pllack
 .text.pmc_is_locked_pllack
                0x00400e1c       0x10 src/ASF/sam/drivers/pmc/pmc.o
                0x00400e1c                pmc_is_locked_pllack
 .text.pmc_enable_periph_clk
                0x00400e2c       0x54 src/ASF/sam/drivers/pmc/pmc.o
                0x00400e2c                pmc_enable_periph_clk
 .text.Dummy_Handler
                0x00400e80        0x2 src/ASF/sam/utils/cmsis/same70/source/templates/gcc/startup_same70.o
                0x00400e80                DACC_Handler
                0x00400e80                DebugMon_Handler
                0x00400e80                UART3_Handler
                0x00400e80                UART2_Handler
                0x00400e80                TRNG_Handler
                0x00400e80                HardFault_Handler
                0x00400e80                TC2_Handler
                0x00400e80                SysTick_Handler
                0x00400e80                AFEC1_Handler
                0x00400e80                PendSV_Handler
                0x00400e80                NMI_Handler
                0x00400e80                TC7_Handler
                0x00400e80                QSPI_Handler
                0x00400e80                ISI_Handler
                0x00400e80                TC9_Handler
                0x00400e80                RSWDT_Handler
                0x00400e80                MCAN1_Handler
                0x00400e80                USART0_Handler
                0x00400e80                USBHS_Handler
                0x00400e80                RTC_Handler
                0x00400e80                UsageFault_Handler
                0x00400e80                TC6_Handler
                0x00400e80                WDT_Handler
                0x00400e80                TC4_Handler
                0x00400e80                TC1_Handler
                0x00400e80                HSMCI_Handler
                0x00400e80                UART1_Handler
                0x00400e80                TC3_Handler
                0x00400e80                Dummy_Handler
                0x00400e80                TWIHS1_Handler
                0x00400e80                XDMAC_Handler
                0x00400e80                UART4_Handler
                0x00400e80                PWM1_Handler
                0x00400e80                USART1_Handler
                0x00400e80                PWM0_Handler
                0x00400e80                AFEC0_Handler
                0x00400e80                SSC_Handler
                0x00400e80                TC11_Handler
                0x00400e80                ACC_Handler
                0x00400e80                PMC_Handler
                0x00400e80                GMAC_Handler
                0x00400e80                MemManage_Handler
                0x00400e80                SUPC_Handler
                0x00400e80                SVC_Handler
                0x00400e80                TC8_Handler
                0x00400e80                EFC_Handler
                0x00400e80                USART2_Handler
                0x00400e80                SDRAMC_Handler
                0x00400e80                SPI1_Handler
                0x00400e80                MCAN0_Handler
                0x00400e80                TC10_Handler
                0x00400e80                TWIHS2_Handler
                0x00400e80                UART0_Handler
                0x00400e80                BusFault_Handler
                0x00400e80                RSTC_Handler
                0x00400e80                TC0_Handler
                0x00400e80                TC5_Handler
                0x00400e80                ICM_Handler
                0x00400e80                AES_Handler
                0x00400e80                TWIHS0_Handler
                0x00400e80                SPI0_Handler
 *fill*         0x00400e82        0x2 
 .text.Reset_Handler
                0x00400e84       0xc8 src/ASF/sam/utils/cmsis/same70/source/templates/gcc/startup_same70.o
                0x00400e84                Reset_Handler
 .text.SystemCoreClockUpdate
                0x00400f4c      0x10c src/ASF/sam/utils/cmsis/same70/source/templates/system_same70.o
                0x00400f4c                SystemCoreClockUpdate
 .text.system_init_flash
                0x00401058       0x8c src/ASF/sam/utils/cmsis/same70/source/templates/system_same70.o
                0x00401058                system_init_flash
 .text.but_callback
                0x004010e4        0xc src/main.o
                0x004010e4                but_callback
 .text.but1_callback
                0x004010f0        0xc src/main.o
                0x004010f0                but1_callback
 .text.but2_callback
                0x004010fc        0xc src/main.o
                0x004010fc                but2_callback
 .text.pin_toggle
                0x00401108       0x2c src/main.o
                0x00401108                pin_toggle
 .text.RTT_Handler
                0x00401134       0x48 src/main.o
                0x00401134                RTT_Handler
 .text.io_init  0x0040117c       0xb8 src/main.o
                0x0040117c                io_init
 .text.main     0x00401234       0x38 src/main.o
                0x00401234                main
 .text.__libc_init_array
                0x0040126c       0x50 c:/program files (x86)/7.0/toolchain/arm/arm-gnu-toolchain/bin/../lib/gcc/arm-none-eabi/6.3.1/../../../../arm-none-eabi/lib/thumb/v7e-m\libc.a(lib_a-init.o)
                0x0040126c                __libc_init_array
 .text.startup.register_fini
                0x004012bc       0x14 c:/program files (x86)/7.0/toolchain/arm/arm-gnu-toolchain/bin/../lib/gcc/arm-none-eabi/6.3.1/../../../../arm-none-eabi/lib/thumb/v7e-m\libc.a(lib_a-__call_atexit.o)
 .text.atexit   0x004012d0        0xc c:/program files (x86)/7.0/toolchain/arm/arm-gnu-toolchain/bin/../lib/gcc/arm-none-eabi/6.3.1/../../../../arm-none-eabi/lib/thumb/v7e-m\libc.a(lib_a-atexit.o)
                0x004012d0                atexit
 .text.__libc_fini_array
                0x004012dc       0x34 c:/program files (x86)/7.0/toolchain/arm/arm-gnu-toolchain/bin/../lib/gcc/arm-none-eabi/6.3.1/../../../../arm-none-eabi/lib/thumb/v7e-m\libc.a(lib_a-fini.o)
                0x004012dc                __libc_fini_array
 .text.__retarget_lock_acquire_recursive
                0x00401310        0x4 c:/program files (x86)/7.0/toolchain/arm/arm-gnu-toolchain/bin/../lib/gcc/arm-none-eabi/6.3.1/../../../../arm-none-eabi/lib/thumb/v7e-m\libc.a(lib_a-lock.o)
                0x00401310                __retarget_lock_acquire_recursive
 .text.__retarget_lock_release_recursive
                0x00401314        0x4 c:/program files (x86)/7.0/toolchain/arm/arm-gnu-toolchain/bin/../lib/gcc/arm-none-eabi/6.3.1/../../../../arm-none-eabi/lib/thumb/v7e-m\libc.a(lib_a-lock.o)
                0x00401314                __retarget_lock_release_recursive
 .text.__register_exitproc
                0x00401318       0xc4 c:/program files (x86)/7.0/toolchain/arm/arm-gnu-toolchain/bin/../lib/gcc/arm-none-eabi/6.3.1/../../../../arm-none-eabi/lib/thumb/v7e-m\libc.a(lib_a-__atexit.o)
                0x00401318                __register_exitproc
 *(.glue_7t)
 .glue_7t       0x004013dc        0x0 linker stubs
 *(.glue_7)
 .glue_7        0x004013dc        0x0 linker stubs
 *(.rodata .rodata* .gnu.linkonce.r.*)
 .rodata._global_impure_ptr
                0x004013dc        0x4 c:/program files (x86)/7.0/toolchain/arm/arm-gnu-toolchain/bin/../lib/gcc/arm-none-eabi/6.3.1/../../../../arm-none-eabi/lib/thumb/v7e-m\libc.a(lib_a-impure.o)
                0x004013dc                _global_impure_ptr
 *(.ARM.extab* .gnu.linkonce.armextab.*)
                0x004013e0                . = ALIGN (0x4)
 *(.init)
 .init          0x004013e0        0x4 c:/program files (x86)/7.0/toolchain/arm/arm-gnu-toolchain/bin/../lib/gcc/arm-none-eabi/6.3.1/thumb/v7e-m/crti.o
                0x004013e0                _init
 .init          0x004013e4        0x8 c:/program files (x86)/7.0/toolchain/arm/arm-gnu-toolchain/bin/../lib/gcc/arm-none-eabi/6.3.1/thumb/v7e-m/crtn.o
                0x004013ec                . = ALIGN (0x4)
                0x004013ec                __preinit_array_start = .
 *(.preinit_array)
                0x004013ec                __preinit_array_end = .
                0x004013ec                . = ALIGN (0x4)
                0x004013ec                __init_array_start = .
 *(SORT(.init_array.*))
 .init_array.00000
                0x004013ec        0x4 c:/program files (x86)/7.0/toolchain/arm/arm-gnu-toolchain/bin/../lib/gcc/arm-none-eabi/6.3.1/../../../../arm-none-eabi/lib/thumb/v7e-m\libc.a(lib_a-__call_atexit.o)
 *(.init_array)
 .init_array    0x004013f0        0x4 c:/program files (x86)/7.0/toolchain/arm/arm-gnu-toolchain/bin/../lib/gcc/arm-none-eabi/6.3.1/thumb/v7e-m/crtbegin.o
                0x004013f4                __init_array_end = .
                0x004013f4                . = ALIGN (0x4)
 *crtbegin.o(.ctors)
 *(EXCLUDE_FILE(*crtend.o) .ctors)
 *(SORT(.ctors.*))
 *crtend.o(.ctors)
                0x004013f4                . = ALIGN (0x4)
 *(.fini)
 .fini          0x004013f4        0x4 c:/program files (x86)/7.0/toolchain/arm/arm-gnu-toolchain/bin/../lib/gcc/arm-none-eabi/6.3.1/thumb/v7e-m/crti.o
                0x004013f4                _fini
 .fini          0x004013f8        0x8 c:/program files (x86)/7.0/toolchain/arm/arm-gnu-toolchain/bin/../lib/gcc/arm-none-eabi/6.3.1/thumb/v7e-m/crtn.o
                0x00401400                . = ALIGN (0x4)
                0x00401400                __fini_array_start = .
 *(.fini_array)
 .fini_array    0x00401400        0x4 c:/program files (x86)/7.0/toolchain/arm/arm-gnu-toolchain/bin/../lib/gcc/arm-none-eabi/6.3.1/thumb/v7e-m/crtbegin.o
 *(SORT(.fini_array.*))
                0x00401404                __fini_array_end = .
 *crtbegin.o(.dtors)
 *(EXCLUDE_FILE(*crtend.o) .dtors)
 *(SORT(.dtors.*))
 *crtend.o(.dtors)
                0x00401404                . = ALIGN (0x4)
                0x00401404                _efixed = .
                [!provide]                PROVIDE (__exidx_start, .)

.vfp11_veneer   0x00401404        0x0
 .vfp11_veneer  0x00401404        0x0 linker stubs

.v4_bx          0x00401404        0x0
 .v4_bx         0x00401404        0x0 linker stubs

.iplt           0x00401404        0x0
 .iplt          0x00401404        0x0 c:/program files (x86)/7.0/toolchain/arm/arm-gnu-toolchain/bin/../lib/gcc/arm-none-eabi/6.3.1/thumb/v7e-m/crtbegin.o

.eh_frame       0x00401404        0x0
 .eh_frame      0x00401404        0x0 c:/program files (x86)/7.0/toolchain/arm/arm-gnu-toolchain/bin/../lib/gcc/arm-none-eabi/6.3.1/thumb/v7e-m/crtbegin.o

.rel.dyn        0x00401404        0x0
 .rel.iplt      0x00401404        0x0 c:/program files (x86)/7.0/toolchain/arm/arm-gnu-toolchain/bin/../lib/gcc/arm-none-eabi/6.3.1/thumb/v7e-m/crtbegin.o

.jcr            0x00401404        0x0
 .jcr           0x00401404        0x0 c:/program files (x86)/7.0/toolchain/arm/arm-gnu-toolchain/bin/../lib/gcc/arm-none-eabi/6.3.1/thumb/v7e-m/crtbegin.o

.igot.plt       0x00401404        0x0
 .igot.plt      0x00401404        0x0 c:/program files (x86)/7.0/toolchain/arm/arm-gnu-toolchain/bin/../lib/gcc/arm-none-eabi/6.3.1/thumb/v7e-m/crtbegin.o

.ARM.exidx
 *(.ARM.exidx* .gnu.linkonce.armexidx.*)
                [!provide]                PROVIDE (__exidx_end, .)
                0x00401404                . = ALIGN (0x4)
                0x00401404                _etext = .

.relocate       0x20400000      0x43c load address 0x00401404
                0x20400000                . = ALIGN (0x4)
                0x20400000                _srelocate = .
 *(.ramfunc .ramfunc.*)
 .ramfunc       0x20400000        0xa src/ASF/common/services/delay/sam/cycle_counter.o
                0x20400000                portable_delay_cycles
 *(.data .data.*)
 .data.g_interrupt_enabled
                0x2040000a        0x1 src/ASF/common/utils/interrupt/interrupt_sam_nvic.o
                0x2040000a                g_interrupt_enabled
 *fill*         0x2040000b        0x1 
 .data.SystemCoreClock
                0x2040000c        0x4 src/ASF/sam/utils/cmsis/same70/source/templates/system_same70.o
                0x2040000c                SystemCoreClock
 .data.impure_data
                0x20400010      0x428 c:/program files (x86)/7.0/toolchain/arm/arm-gnu-toolchain/bin/../lib/gcc/arm-none-eabi/6.3.1/../../../../arm-none-eabi/lib/thumb/v7e-m\libc.a(lib_a-impure.o)
 .data.__atexit_recursive_mutex
                0x20400438        0x4 c:/program files (x86)/7.0/toolchain/arm/arm-gnu-toolchain/bin/../lib/gcc/arm-none-eabi/6.3.1/../../../../arm-none-eabi/lib/thumb/v7e-m\libc.a(lib_a-__call_atexit.o)
                0x20400438                __atexit_recursive_mutex
                0x2040043c                . = ALIGN (0x4)
                0x2040043c                _erelocate = .

.bss            0x2040043c      0x2c8 load address 0x00401840
                0x2040043c                . = ALIGN (0x4)
                0x2040043c                _sbss = .
                0x2040043c                _szero = .
 *(.bss .bss.*)
 .bss           0x2040043c       0x1c c:/program files (x86)/7.0/toolchain/arm/arm-gnu-toolchain/bin/../lib/gcc/arm-none-eabi/6.3.1/thumb/v7e-m/crtbegin.o
 .bss.g_wobits_in_rtt_mr
                0x20400458        0x4 src/ASF/sam/drivers/rtt/rtt.o
 .bss.fbpointer
                0x2040045c        0x4 src/oled/gfx_mono_framebuffer.o
 .bss.framebuffer
                0x20400460      0x200 src/oled/gfx_mono_ug_2832hsweg04.o
 .bss.gs_interrupt_sources
                0x20400660       0x70 src/ASF/sam/drivers/pio/pio_handler.o
 .bss.gs_ul_nb_sources
                0x204006d0        0x4 src/ASF/sam/drivers/pio/pio_handler.o
 *(COMMON)
 COMMON         0x204006d4        0xb src/main.o
                0x204006d4                but1_flag
                0x204006d8                start_counter
                0x204006dc                but3_flag
                0x204006dd                but_flag
                0x204006de                but2_flag
 *fill*         0x204006df        0x1 
 COMMON         0x204006e0       0x21 c:/program files (x86)/7.0/toolchain/arm/arm-gnu-toolchain/bin/../lib/gcc/arm-none-eabi/6.3.1/../../../../arm-none-eabi/lib/thumb/v7e-m\libc.a(lib_a-lock.o)
                0x204006e0                __lock___atexit_recursive_mutex
                0x204006e4                __lock___arc4random_mutex
                0x204006e8                __lock___env_recursive_mutex
                0x204006ec                __lock___sinit_recursive_mutex
                0x204006f0                __lock___malloc_recursive_mutex
                0x204006f4                __lock___at_quick_exit_mutex
                0x204006f8                __lock___dd_hash_mutex
                0x204006fc                __lock___tz_mutex
                0x20400700                __lock___sfp_recursive_mutex
                0x20400704                . = ALIGN (0x4)
 *fill*         0x20400701        0x3 
                0x20400704                _ebss = .
                0x20400704                _ezero = .

.stack          0x20400704     0x2004 load address 0x00401b08
                0x20400708                . = ALIGN (0x8)
 *fill*         0x20400704        0x4 
                0x20400708                _sstack = .
                0x20402708                . = (. + STACK_SIZE)
 *fill*         0x20400708     0x2000 
                0x20402708                . = ALIGN (0x8)
                0x20402708                _estack = .

.heap           0x20402708      0x200 load address 0x00403b0c
                0x20402708                . = ALIGN (0x8)
                0x20402708                _sheap = .
                0x20402908                . = (. + HEAP_SIZE)
 *fill*         0x20402708      0x200 
                0x20402908                . = ALIGN (0x8)
                0x20402908                _eheap = .
                0x20402908                . = ALIGN (0x4)
                0x20402908                _end = .
                0x2045ffff                _ram_end_ = ((ORIGIN (ram) + LENGTH (ram)) - 0x1)
OUTPUT(OLED1.elf elf32-littlearm)

.ARM.attributes
                0x00000000       0x2e
 .ARM.attributes
                0x00000000       0x1e c:/program files (x86)/7.0/toolchain/arm/arm-gnu-toolchain/bin/../lib/gcc/arm-none-eabi/6.3.1/thumb/v7e-m/crti.o
 .ARM.attributes
                0x0000001e       0x2e c:/program files (x86)/7.0/toolchain/arm/arm-gnu-toolchain/bin/../lib/gcc/arm-none-eabi/6.3.1/thumb/v7e-m/crtbegin.o
 .ARM.attributes
                0x0000004c       0x37 src/ASF/sam/drivers/rtt/rtt.o
 .ARM.attributes
                0x00000083       0x37 src/ASF/sam/drivers/spi/spi.o
 .ARM.attributes
                0x000000ba       0x37 src/helpers.o
 .ARM.attributes
                0x000000f1       0x37 src/oled/gfx_mono_framebuffer.o
 .ARM.attributes
                0x00000128       0x37 src/oled/gfx_mono_ug_2832hsweg04.o
 .ARM.attributes
                0x0000015f       0x37 src/oled/ssd1306.o
 .ARM.attributes
                0x00000196       0x37 src/ASF/common/services/delay/sam/cycle_counter.o
 .ARM.attributes
                0x000001cd       0x37 src/ASF/common/services/clock/same70/sysclk.o
 .ARM.attributes
                0x00000204       0x37 src/ASF/common/utils/interrupt/interrupt_sam_nvic.o
 .ARM.attributes
                0x0000023b       0x37 src/ASF/sam/boards/same70_xplained/init.o
 .ARM.attributes
                0x00000272       0x37 src/ASF/sam/drivers/pio/pio.o
 .ARM.attributes
                0x000002a9       0x37 src/ASF/sam/drivers/pio/pio_handler.o
 .ARM.attributes
                0x000002e0       0x37 src/ASF/sam/drivers/pmc/pmc.o
 .ARM.attributes
                0x00000317       0x37 src/ASF/sam/utils/cmsis/same70/source/templates/gcc/startup_same70.o
 .ARM.attributes
                0x0000034e       0x37 src/ASF/sam/utils/cmsis/same70/source/templates/system_same70.o
 .ARM.attributes
                0x00000385       0x37 src/main.o
 .ARM.attributes
                0x000003bc       0x2e c:/program files (x86)/7.0/toolchain/arm/arm-gnu-toolchain/bin/../lib/gcc/arm-none-eabi/6.3.1/../../../../arm-none-eabi/lib/thumb/v7e-m\libc.a(lib_a-impure.o)
 .ARM.attributes
                0x000003ea       0x2e c:/program files (x86)/7.0/toolchain/arm/arm-gnu-toolchain/bin/../lib/gcc/arm-none-eabi/6.3.1/../../../../arm-none-eabi/lib/thumb/v7e-m\libc.a(lib_a-init.o)
 .ARM.attributes
                0x00000418       0x2e c:/program files (x86)/7.0/toolchain/arm/arm-gnu-toolchain/bin/../lib/gcc/arm-none-eabi/6.3.1/../../../../arm-none-eabi/lib/thumb/v7e-m\libc.a(lib_a-__call_atexit.o)
 .ARM.attributes
                0x00000446       0x2e c:/program files (x86)/7.0/toolchain/arm/arm-gnu-toolchain/bin/../lib/gcc/arm-none-eabi/6.3.1/../../../../arm-none-eabi/lib/thumb/v7e-m\libc.a(lib_a-atexit.o)
 .ARM.attributes
                0x00000474       0x2e c:/program files (x86)/7.0/toolchain/arm/arm-gnu-toolchain/bin/../lib/gcc/arm-none-eabi/6.3.1/../../../../arm-none-eabi/lib/thumb/v7e-m\libc.a(lib_a-fini.o)
 .ARM.attributes
                0x000004a2       0x2e c:/program files (x86)/7.0/toolchain/arm/arm-gnu-toolchain/bin/../lib/gcc/arm-none-eabi/6.3.1/../../../../arm-none-eabi/lib/thumb/v7e-m\libc.a(lib_a-lock.o)
 .ARM.attributes
                0x000004d0       0x2e c:/program files (x86)/7.0/toolchain/arm/arm-gnu-toolchain/bin/../lib/gcc/arm-none-eabi/6.3.1/../../../../arm-none-eabi/lib/thumb/v7e-m\libc.a(lib_a-__atexit.o)
 .ARM.attributes
                0x000004fe       0x1e c:/program files (x86)/7.0/toolchain/arm/arm-gnu-toolchain/bin/../lib/gcc/arm-none-eabi/6.3.1/thumb/v7e-m/crtn.o

.comment        0x00000000       0x59
 .comment       0x00000000       0x59 src/ASF/sam/drivers/rtt/rtt.o
                                 0x5a (size before relaxing)
 .comment       0x00000059       0x5a src/ASF/sam/drivers/spi/spi.o
 .comment       0x00000059       0x5a src/helpers.o
 .comment       0x00000059       0x5a src/oled/gfx_mono_framebuffer.o
 .comment       0x00000059       0x5a src/oled/gfx_mono_ug_2832hsweg04.o
 .comment       0x00000059       0x5a src/oled/ssd1306.o
 .comment       0x00000059       0x5a src/ASF/common/services/delay/sam/cycle_counter.o
 .comment       0x00000059       0x5a src/ASF/common/services/clock/same70/sysclk.o
 .comment       0x00000059       0x5a src/ASF/common/utils/interrupt/interrupt_sam_nvic.o
 .comment       0x00000059       0x5a src/ASF/sam/boards/same70_xplained/init.o
 .comment       0x00000059       0x5a src/ASF/sam/drivers/pio/pio.o
 .comment       0x00000059       0x5a src/ASF/sam/drivers/pio/pio_handler.o
 .comment       0x00000059       0x5a src/ASF/sam/drivers/pmc/pmc.o
 .comment       0x00000059       0x5a src/ASF/sam/utils/cmsis/same70/source/templates/gcc/startup_same70.o
 .comment       0x00000059       0x5a src/ASF/sam/utils/cmsis/same70/source/templates/system_same70.o
 .comment       0x00000059       0x5a src/main.o

.debug_info     0x00000000    0x14b2a
 .debug_info    0x00000000      0xcd1 src/ASF/sam/drivers/rtt/rtt.o
 .debug_info    0x00000cd1     0x115d src/ASF/sam/drivers/spi/spi.o
 .debug_info    0x00001e2e     0x20d7 src/helpers.o
 .debug_info    0x00003f05      0xdd2 src/oled/gfx_mono_framebuffer.o
 .debug_info    0x00004cd7     0x11a0 src/oled/gfx_mono_ug_2832hsweg04.o
 .debug_info    0x00005e77     0x1fae src/oled/ssd1306.o
 .debug_info    0x00007e25      0xa45 src/ASF/common/services/delay/sam/cycle_counter.o
 .debug_info    0x0000886a     0x1267 src/ASF/common/services/clock/same70/sysclk.o
 .debug_info    0x00009ad1      0xb01 src/ASF/common/utils/interrupt/interrupt_sam_nvic.o
 .debug_info    0x0000a5d2     0x1bd7 src/ASF/sam/boards/same70_xplained/init.o
 .debug_info    0x0000c1a9     0x2150 src/ASF/sam/drivers/pio/pio.o
 .debug_info    0x0000e2f9     0x1b22 src/ASF/sam/drivers/pio/pio_handler.o
 .debug_info    0x0000fe1b     0x1e0e src/ASF/sam/drivers/pmc/pmc.o
 .debug_info    0x00011c29     0x156a src/ASF/sam/utils/cmsis/same70/source/templates/gcc/startup_same70.o
 .debug_info    0x00013193      0x55b src/ASF/sam/utils/cmsis/same70/source/templates/system_same70.o
 .debug_info    0x000136ee     0x143c src/main.o

.debug_abbrev   0x00000000     0x2dee
 .debug_abbrev  0x00000000      0x256 src/ASF/sam/drivers/rtt/rtt.o
 .debug_abbrev  0x00000256      0x3a5 src/ASF/sam/drivers/spi/spi.o
 .debug_abbrev  0x000005fb      0x330 src/helpers.o
 .debug_abbrev  0x0000092b      0x284 src/oled/gfx_mono_framebuffer.o
 .debug_abbrev  0x00000baf      0x34b src/oled/gfx_mono_ug_2832hsweg04.o
 .debug_abbrev  0x00000efa      0x35e src/oled/ssd1306.o
 .debug_abbrev  0x00001258      0x1b3 src/ASF/common/services/delay/sam/cycle_counter.o
 .debug_abbrev  0x0000140b      0x31f src/ASF/common/services/clock/same70/sysclk.o
 .debug_abbrev  0x0000172a      0x212 src/ASF/common/utils/interrupt/interrupt_sam_nvic.o
 .debug_abbrev  0x0000193c      0x368 src/ASF/sam/boards/same70_xplained/init.o
 .debug_abbrev  0x00001ca4      0x410 src/ASF/sam/drivers/pio/pio.o
 .debug_abbrev  0x000020b4      0x32f src/ASF/sam/drivers/pio/pio_handler.o
 .debug_abbrev  0x000023e3      0x369 src/ASF/sam/drivers/pmc/pmc.o
 .debug_abbrev  0x0000274c      0x2e4 src/ASF/sam/utils/cmsis/same70/source/templates/gcc/startup_same70.o
 .debug_abbrev  0x00002a30      0x102 src/ASF/sam/utils/cmsis/same70/source/templates/system_same70.o
 .debug_abbrev  0x00002b32      0x2bc src/main.o

.debug_loc      0x00000000     0x4338
 .debug_loc     0x00000000      0x1c7 src/ASF/sam/drivers/rtt/rtt.o
 .debug_loc     0x000001c7      0x610 src/ASF/sam/drivers/spi/spi.o
 .debug_loc     0x000007d7      0x5f4 src/helpers.o
 .debug_loc     0x00000dcb      0x506 src/oled/gfx_mono_framebuffer.o
 .debug_loc     0x000012d1      0x6ee src/oled/gfx_mono_ug_2832hsweg04.o
 .debug_loc     0x000019bf      0x365 src/oled/ssd1306.o
 .debug_loc     0x00001d24      0x183 src/ASF/common/services/clock/same70/sysclk.o
 .debug_loc     0x00001ea7      0x1e7 src/ASF/sam/boards/same70_xplained/init.o
 .debug_loc     0x0000208e      0xea4 src/ASF/sam/drivers/pio/pio.o
 .debug_loc     0x00002f32      0x588 src/ASF/sam/drivers/pio/pio_handler.o
 .debug_loc     0x000034ba      0xce3 src/ASF/sam/drivers/pmc/pmc.o
 .debug_loc     0x0000419d       0x77 src/ASF/sam/utils/cmsis/same70/source/templates/gcc/startup_same70.o
 .debug_loc     0x00004214      0x124 src/main.o

.debug_aranges  0x00000000      0x7c0
 .debug_aranges
                0x00000000       0x60 src/ASF/sam/drivers/rtt/rtt.o
 .debug_aranges
                0x00000060       0x90 src/ASF/sam/drivers/spi/spi.o
 .debug_aranges
                0x000000f0       0x38 src/helpers.o
 .debug_aranges
                0x00000128       0x58 src/oled/gfx_mono_framebuffer.o
 .debug_aranges
                0x00000180       0x60 src/oled/gfx_mono_ug_2832hsweg04.o
 .debug_aranges
                0x000001e0       0x30 src/oled/ssd1306.o
 .debug_aranges
                0x00000210       0x20 src/ASF/common/services/delay/sam/cycle_counter.o
 .debug_aranges
                0x00000230       0x40 src/ASF/common/services/clock/same70/sysclk.o
 .debug_aranges
                0x00000270       0x28 src/ASF/common/utils/interrupt/interrupt_sam_nvic.o
 .debug_aranges
                0x00000298       0x20 src/ASF/sam/boards/same70_xplained/init.o
 .debug_aranges
                0x000002b8      0x1a8 src/ASF/sam/drivers/pio/pio.o
 .debug_aranges
                0x00000460       0x60 src/ASF/sam/drivers/pio/pio_handler.o
 .debug_aranges
                0x000004c0      0x250 src/ASF/sam/drivers/pmc/pmc.o
 .debug_aranges
                0x00000710       0x28 src/ASF/sam/utils/cmsis/same70/source/templates/gcc/startup_same70.o
 .debug_aranges
                0x00000738       0x30 src/ASF/sam/utils/cmsis/same70/source/templates/system_same70.o
 .debug_aranges
                0x00000768       0x58 src/main.o

.debug_ranges   0x00000000      0x858
 .debug_ranges  0x00000000       0x50 src/ASF/sam/drivers/rtt/rtt.o
 .debug_ranges  0x00000050       0x80 src/ASF/sam/drivers/spi/spi.o
 .debug_ranges  0x000000d0       0x70 src/helpers.o
 .debug_ranges  0x00000140       0x48 src/oled/gfx_mono_framebuffer.o
 .debug_ranges  0x00000188       0x80 src/oled/gfx_mono_ug_2832hsweg04.o
 .debug_ranges  0x00000208       0x20 src/oled/ssd1306.o
 .debug_ranges  0x00000228       0x10 src/ASF/common/services/delay/sam/cycle_counter.o
 .debug_ranges  0x00000238       0x30 src/ASF/common/services/clock/same70/sysclk.o
 .debug_ranges  0x00000268       0x18 src/ASF/common/utils/interrupt/interrupt_sam_nvic.o
 .debug_ranges  0x00000280       0x10 src/ASF/sam/boards/same70_xplained/init.o
 .debug_ranges  0x00000290      0x2a0 src/ASF/sam/drivers/pio/pio.o
 .debug_ranges  0x00000530       0x68 src/ASF/sam/drivers/pio/pio_handler.o
 .debug_ranges  0x00000598      0x240 src/ASF/sam/drivers/pmc/pmc.o
 .debug_ranges  0x000007d8       0x18 src/ASF/sam/utils/cmsis/same70/source/templates/gcc/startup_same70.o
 .debug_ranges  0x000007f0       0x20 src/ASF/sam/utils/cmsis/same70/source/templates/system_same70.o
 .debug_ranges  0x00000810       0x48 src/main.o

.debug_macro    0x00000000     0x8868
 .debug_macro   0x00000000      0x660 src/ASF/sam/drivers/rtt/rtt.o
 .debug_macro   0x00000660      0x6d9 src/ASF/sam/drivers/spi/spi.o
 .debug_macro   0x00000d39       0x10 src/ASF/sam/drivers/spi/spi.o
 .debug_macro   0x00000d49       0x3a src/ASF/sam/drivers/spi/spi.o
 .debug_macro   0x00000d83      0x2c6 src/ASF/sam/drivers/spi/spi.o
 .debug_macro   0x00001049      0xa96 src/ASF/sam/drivers/spi/spi.o
 .debug_macro   0x00001adf       0x70 src/ASF/sam/drivers/spi/spi.o
 .debug_macro   0x00001b4f       0x64 src/ASF/sam/drivers/spi/spi.o
 .debug_macro   0x00001bb3       0x5f src/ASF/sam/drivers/spi/spi.o
 .debug_macro   0x00001c12       0xac src/ASF/sam/drivers/spi/spi.o
 .debug_macro   0x00001cbe      0x799 src/helpers.o
 .debug_macro   0x00002457       0x50 src/helpers.o
 .debug_macro   0x000024a7       0x28 src/helpers.o
 .debug_macro   0x000024cf       0x23 src/helpers.o
 .debug_macro   0x000024f2       0x94 src/helpers.o
 .debug_macro   0x00002586       0x40 src/helpers.o
 .debug_macro   0x000025c6       0x88 src/helpers.o
 .debug_macro   0x0000264e      0x1ce src/helpers.o
 .debug_macro   0x0000281c       0x34 src/helpers.o
 .debug_macro   0x00002850       0x16 src/helpers.o
 .debug_macro   0x00002866       0x1c src/helpers.o
 .debug_macro   0x00002882       0x16 src/helpers.o
 .debug_macro   0x00002898      0x7e6 src/oled/gfx_mono_framebuffer.o
 .debug_macro   0x0000307e       0x22 src/oled/gfx_mono_framebuffer.o
 .debug_macro   0x000030a0       0x7b src/oled/gfx_mono_framebuffer.o
 .debug_macro   0x0000311b       0x28 src/oled/gfx_mono_framebuffer.o
 .debug_macro   0x00003143       0xd1 src/oled/gfx_mono_framebuffer.o
 .debug_macro   0x00003214       0x8b src/oled/gfx_mono_framebuffer.o
 .debug_macro   0x0000329f      0x7ea src/oled/gfx_mono_ug_2832hsweg04.o
 .debug_macro   0x00003a89       0x28 src/oled/gfx_mono_ug_2832hsweg04.o
 .debug_macro   0x00003ab1      0x7c0 src/oled/ssd1306.o
 .debug_macro   0x00004271      0x665 src/ASF/common/services/delay/sam/cycle_counter.o
 .debug_macro   0x000048d6       0x22 src/ASF/common/services/delay/sam/cycle_counter.o
 .debug_macro   0x000048f8      0x6d1 src/ASF/common/services/clock/same70/sysclk.o
 .debug_macro   0x00004fc9      0x2c0 src/ASF/common/services/clock/same70/sysclk.o
 .debug_macro   0x00005289      0x655 src/ASF/common/utils/interrupt/interrupt_sam_nvic.o
 .debug_macro   0x000058de      0x70b src/ASF/sam/boards/same70_xplained/init.o
 .debug_macro   0x00005fe9       0x82 src/ASF/sam/boards/same70_xplained/init.o
 .debug_macro   0x0000606b      0x66b src/ASF/sam/drivers/pio/pio.o
 .debug_macro   0x000066d6       0x8e src/ASF/sam/drivers/pio/pio.o
 .debug_macro   0x00006764      0x676 src/ASF/sam/drivers/pio/pio_handler.o
 .debug_macro   0x00006dda      0x66b src/ASF/sam/drivers/pmc/pmc.o
 .debug_macro   0x00007445       0x6a src/ASF/sam/drivers/pmc/pmc.o
 .debug_macro   0x000074af      0x664 src/ASF/sam/utils/cmsis/same70/source/templates/gcc/startup_same70.o
 .debug_macro   0x00007b13       0x10 src/ASF/sam/utils/cmsis/same70/source/templates/gcc/startup_same70.o
 .debug_macro   0x00007b23      0x455 src/ASF/sam/utils/cmsis/same70/source/templates/system_same70.o
 .debug_macro   0x00007f78      0x826 src/main.o
 .debug_macro   0x0000879e       0xca src/main.o

.debug_line     0x00000000     0xc3b2
 .debug_line    0x00000000      0xa3e src/ASF/sam/drivers/rtt/rtt.o
 .debug_line    0x00000a3e      0xc0d src/ASF/sam/drivers/spi/spi.o
 .debug_line    0x0000164b      0xdcb src/helpers.o
 .debug_line    0x00002416      0xe53 src/oled/gfx_mono_framebuffer.o
 .debug_line    0x00003269      0xedb src/oled/gfx_mono_ug_2832hsweg04.o
 .debug_line    0x00004144      0xe30 src/oled/ssd1306.o
 .debug_line    0x00004f74      0x9b9 src/ASF/common/services/delay/sam/cycle_counter.o
 .debug_line    0x0000592d      0xb1b src/ASF/common/services/clock/same70/sysclk.o
 .debug_line    0x00006448      0x9cd src/ASF/common/utils/interrupt/interrupt_sam_nvic.o
 .debug_line    0x00006e15      0xbd0 src/ASF/sam/boards/same70_xplained/init.o
 .debug_line    0x000079e5      0xeaf src/ASF/sam/drivers/pio/pio.o
 .debug_line    0x00008894      0xa8b src/ASF/sam/drivers/pio/pio_handler.o
 .debug_line    0x0000931f     0x1037 src/ASF/sam/drivers/pmc/pmc.o
 .debug_line    0x0000a356      0xa3f src/ASF/sam/utils/cmsis/same70/source/templates/gcc/startup_same70.o
 .debug_line    0x0000ad95      0x7b5 src/ASF/sam/utils/cmsis/same70/source/templates/system_same70.o
 .debug_line    0x0000b54a      0xe68 src/main.o

.debug_str      0x00000000    0x8f828
 .debug_str     0x00000000    0x81986 src/ASF/sam/drivers/rtt/rtt.o
                              0x81ff9 (size before relaxing)
 .debug_str     0x00081986     0x4610 src/ASF/sam/drivers/spi/spi.o
                              0x8650e (size before relaxing)
 .debug_str     0x00085f96     0x23f8 src/helpers.o
                              0x88658 (size before relaxing)
 .debug_str     0x0008838e     0x119e src/oled/gfx_mono_framebuffer.o
                              0x88c0a (size before relaxing)
 .debug_str     0x0008952c      0x16d src/oled/gfx_mono_ug_2832hsweg04.o
                              0x88cea (size before relaxing)
 .debug_str     0x00089699      0x2d0 src/oled/ssd1306.o
                              0x88922 (size before relaxing)
 .debug_str     0x00089969       0x35 src/ASF/common/services/delay/sam/cycle_counter.o
                              0x82074 (size before relaxing)
 .debug_str     0x0008999e      0x3ea src/ASF/common/services/clock/same70/sysclk.o
                              0x86592 (size before relaxing)
 .debug_str     0x00089d88       0x94 src/ASF/common/utils/interrupt/interrupt_sam_nvic.o
                              0x81f44 (size before relaxing)
 .debug_str     0x00089e1c      0x3a5 src/ASF/sam/boards/same70_xplained/init.o
                              0x87082 (size before relaxing)
 .debug_str     0x0008a1c1      0x527 src/ASF/sam/drivers/pio/pio.o
                              0x82a9a (size before relaxing)
 .debug_str     0x0008a6e8       0xe7 src/ASF/sam/drivers/pio/pio_handler.o
                              0x82bbc (size before relaxing)
 .debug_str     0x0008a7cf      0x68e src/ASF/sam/drivers/pmc/pmc.o
                              0x82bfe (size before relaxing)
 .debug_str     0x0008ae5d      0x64c src/ASF/sam/utils/cmsis/same70/source/templates/gcc/startup_same70.o
                              0x82711 (size before relaxing)
 .debug_str     0x0008b4a9      0x137 src/ASF/sam/utils/cmsis/same70/source/templates/system_same70.o
                              0x7281d (size before relaxing)
 .debug_str     0x0008b5e0     0x4248 src/main.o
                              0x8d038 (size before relaxing)

.debug_frame    0x00000000     0x1260
 .debug_frame   0x00000000       0xac src/ASF/sam/drivers/rtt/rtt.o
 .debug_frame   0x000000ac      0x140 src/ASF/sam/drivers/spi/spi.o
 .debug_frame   0x000001ec       0xd0 src/helpers.o
 .debug_frame   0x000002bc       0xdc src/oled/gfx_mono_framebuffer.o
 .debug_frame   0x00000398      0x124 src/oled/gfx_mono_ug_2832hsweg04.o
 .debug_frame   0x000004bc       0x6c src/oled/ssd1306.o
 .debug_frame   0x00000528       0x20 src/ASF/common/services/delay/sam/cycle_counter.o
 .debug_frame   0x00000548       0x88 src/ASF/common/services/clock/same70/sysclk.o
 .debug_frame   0x000005d0       0x30 src/ASF/common/utils/interrupt/interrupt_sam_nvic.o
 .debug_frame   0x00000600       0x30 src/ASF/sam/boards/same70_xplained/init.o
 .debug_frame   0x00000630      0x390 src/ASF/sam/drivers/pio/pio.o
 .debug_frame   0x000009c0      0x110 src/ASF/sam/drivers/pio/pio_handler.o
 .debug_frame   0x00000ad0      0x494 src/ASF/sam/drivers/pmc/pmc.o
 .debug_frame   0x00000f64       0x38 src/ASF/sam/utils/cmsis/same70/source/templates/gcc/startup_same70.o
 .debug_frame   0x00000f9c       0x40 src/ASF/sam/utils/cmsis/same70/source/templates/system_same70.o
 .debug_frame   0x00000fdc       0xc4 src/main.o
 .debug_frame   0x000010a0       0x2c c:/program files (x86)/7.0/toolchain/arm/arm-gnu-toolchain/bin/../lib/gcc/arm-none-eabi/6.3.1/../../../../arm-none-eabi/lib/thumb/v7e-m\libc.a(lib_a-init.o)
 .debug_frame   0x000010cc       0x5c c:/program files (x86)/7.0/toolchain/arm/arm-gnu-toolchain/bin/../lib/gcc/arm-none-eabi/6.3.1/../../../../arm-none-eabi/lib/thumb/v7e-m\libc.a(lib_a-__call_atexit.o)
 .debug_frame   0x00001128       0x20 c:/program files (x86)/7.0/toolchain/arm/arm-gnu-toolchain/bin/../lib/gcc/arm-none-eabi/6.3.1/../../../../arm-none-eabi/lib/thumb/v7e-m\libc.a(lib_a-atexit.o)
 .debug_frame   0x00001148       0x34 c:/program files (x86)/7.0/toolchain/arm/arm-gnu-toolchain/bin/../lib/gcc/arm-none-eabi/6.3.1/../../../../arm-none-eabi/lib/thumb/v7e-m\libc.a(lib_a-fini.o)
 .debug_frame   0x0000117c       0xb0 c:/program files (x86)/7.0/toolchain/arm/arm-gnu-toolchain/bin/../lib/gcc/arm-none-eabi/6.3.1/../../../../arm-none-eabi/lib/thumb/v7e-m\libc.a(lib_a-lock.o)
 .debug_frame   0x0000122c       0x34 c:/program files (x86)/7.0/toolchain/arm/arm-gnu-toolchain/bin/../lib/gcc/arm-none-eabi/6.3.1/../../../../arm-none-eabi/lib/thumb/v7e-m\libc.a(lib_a-__atexit.o)

Cross Reference Table

Symbol                                            File
ACC_Handler                                       src/ASF/sam/utils/cmsis/same70/source/templates/gcc/startup_same70.o
AES_Handler                                       src/ASF/sam/utils/cmsis/same70/source/templates/gcc/startup_same70.o
AFEC0_Handler                                     src/ASF/sam/utils/cmsis/same70/source/templates/gcc/startup_same70.o
AFEC1_Handler                                     src/ASF/sam/utils/cmsis/same70/source/templates/gcc/startup_same70.o
BusFault_Handler                                  src/ASF/sam/utils/cmsis/same70/source/templates/gcc/startup_same70.o
DACC_Handler                                      src/ASF/sam/utils/cmsis/same70/source/templates/gcc/startup_same70.o
DebugMon_Handler                                  src/ASF/sam/utils/cmsis/same70/source/templates/gcc/startup_same70.o
Dummy_Handler                                     src/ASF/sam/utils/cmsis/same70/source/templates/gcc/startup_same70.o
EFC_Handler                                       src/ASF/sam/utils/cmsis/same70/source/templates/gcc/startup_same70.o
GMAC_Handler                                      src/ASF/sam/utils/cmsis/same70/source/templates/gcc/startup_same70.o
HSMCI_Handler                                     src/ASF/sam/utils/cmsis/same70/source/templates/gcc/startup_same70.o
HardFault_Handler                                 src/ASF/sam/utils/cmsis/same70/source/templates/gcc/startup_same70.o
ICM_Handler                                       src/ASF/sam/utils/cmsis/same70/source/templates/gcc/startup_same70.o
ISI_Handler                                       src/ASF/sam/utils/cmsis/same70/source/templates/gcc/startup_same70.o
MCAN0_Handler                                     src/ASF/sam/utils/cmsis/same70/source/templates/gcc/startup_same70.o
MCAN1_Handler                                     src/ASF/sam/utils/cmsis/same70/source/templates/gcc/startup_same70.o
MemManage_Handler                                 src/ASF/sam/utils/cmsis/same70/source/templates/gcc/startup_same70.o
NMI_Handler                                       src/ASF/sam/utils/cmsis/same70/source/templates/gcc/startup_same70.o
PIOA_Handler                                      src/ASF/sam/drivers/pio/pio_handler.o
PIOB_Handler                                      src/ASF/sam/drivers/pio/pio_handler.o
PIOC_Handler                                      src/ASF/sam/drivers/pio/pio_handler.o
PIOD_Handler                                      src/ASF/sam/drivers/pio/pio_handler.o
PIOE_Handler                                      src/ASF/sam/drivers/pio/pio_handler.o
PMC_Handler                                       src/ASF/sam/utils/cmsis/same70/source/templates/gcc/startup_same70.o
PWM0_Handler                                      src/ASF/sam/utils/cmsis/same70/source/templates/gcc/startup_same70.o
PWM1_Handler                                      src/ASF/sam/utils/cmsis/same70/source/templates/gcc/startup_same70.o
PendSV_Handler                                    src/ASF/sam/utils/cmsis/same70/source/templates/gcc/startup_same70.o
QSPI_Handler                                      src/ASF/sam/utils/cmsis/same70/source/templates/gcc/startup_same70.o
RSTC_Handler                                      src/ASF/sam/utils/cmsis/same70/source/templates/gcc/startup_same70.o
RSWDT_Handler                                     src/ASF/sam/utils/cmsis/same70/source/templates/gcc/startup_same70.o
RTC_Handler                                       src/ASF/sam/utils/cmsis/same70/source/templates/gcc/startup_same70.o
RTC_init                                          src/helpers.o
RTT_Handler                                       src/main.o
                                                  src/ASF/sam/utils/cmsis/same70/source/templates/gcc/startup_same70.o
RTT_init                                          src/helpers.o
                                                  src/main.o
Reset_Handler                                     src/ASF/sam/utils/cmsis/same70/source/templates/gcc/startup_same70.o
SDRAMC_Handler                                    src/ASF/sam/utils/cmsis/same70/source/templates/gcc/startup_same70.o
SPI0_Handler                                      src/ASF/sam/utils/cmsis/same70/source/templates/gcc/startup_same70.o
SPI1_Handler                                      src/ASF/sam/utils/cmsis/same70/source/templates/gcc/startup_same70.o
SSC_Handler                                       src/ASF/sam/utils/cmsis/same70/source/templates/gcc/startup_same70.o
SUPC_Handler                                      src/ASF/sam/utils/cmsis/same70/source/templates/gcc/startup_same70.o
SVC_Handler                                       src/ASF/sam/utils/cmsis/same70/source/templates/gcc/startup_same70.o
SysTick_Handler                                   src/ASF/sam/utils/cmsis/same70/source/templates/gcc/startup_same70.o
SystemCoreClock                                   src/ASF/sam/utils/cmsis/same70/source/templates/system_same70.o
SystemCoreClockUpdate                             src/ASF/sam/utils/cmsis/same70/source/templates/system_same70.o
                                                  src/ASF/common/services/clock/same70/sysclk.o
SystemInit                                        src/ASF/sam/utils/cmsis/same70/source/templates/system_same70.o
TC0_Handler                                       src/ASF/sam/utils/cmsis/same70/source/templates/gcc/startup_same70.o
TC10_Handler                                      src/ASF/sam/utils/cmsis/same70/source/templates/gcc/startup_same70.o
TC11_Handler                                      src/ASF/sam/utils/cmsis/same70/source/templates/gcc/startup_same70.o
TC1_Handler                                       src/ASF/sam/utils/cmsis/same70/source/templates/gcc/startup_same70.o
TC2_Handler                                       src/ASF/sam/utils/cmsis/same70/source/templates/gcc/startup_same70.o
TC3_Handler                                       src/ASF/sam/utils/cmsis/same70/source/templates/gcc/startup_same70.o
TC4_Handler                                       src/ASF/sam/utils/cmsis/same70/source/templates/gcc/startup_same70.o
TC5_Handler                                       src/ASF/sam/utils/cmsis/same70/source/templates/gcc/startup_same70.o
TC6_Handler                                       src/ASF/sam/utils/cmsis/same70/source/templates/gcc/startup_same70.o
TC7_Handler                                       src/ASF/sam/utils/cmsis/same70/source/templates/gcc/startup_same70.o
TC8_Handler                                       src/ASF/sam/utils/cmsis/same70/source/templates/gcc/startup_same70.o
TC9_Handler                                       src/ASF/sam/utils/cmsis/same70/source/templates/gcc/startup_same70.o
TC_init                                           src/helpers.o
TRNG_Handler                                      src/ASF/sam/utils/cmsis/same70/source/templates/gcc/startup_same70.o
TWIHS0_Handler                                    src/ASF/sam/utils/cmsis/same70/source/templates/gcc/startup_same70.o
TWIHS1_Handler                                    src/ASF/sam/utils/cmsis/same70/source/templates/gcc/startup_same70.o
TWIHS2_Handler                                    src/ASF/sam/utils/cmsis/same70/source/templates/gcc/startup_same70.o
UART0_Handler                                     src/ASF/sam/utils/cmsis/same70/source/templates/gcc/startup_same70.o
UART1_Handler                                     src/ASF/sam/utils/cmsis/same70/source/templates/gcc/startup_same70.o
UART2_Handler                                     src/ASF/sam/utils/cmsis/same70/source/templates/gcc/startup_same70.o
UART3_Handler                                     src/ASF/sam/utils/cmsis/same70/source/templates/gcc/startup_same70.o
UART4_Handler                                     src/ASF/sam/utils/cmsis/same70/source/templates/gcc/startup_same70.o
USART0_Handler                                    src/ASF/sam/utils/cmsis/same70/source/templates/gcc/startup_same70.o
USART1_Handler                                    src/ASF/sam/utils/cmsis/same70/source/templates/gcc/startup_same70.o
USART2_Handler                                    src/ASF/sam/utils/cmsis/same70/source/templates/gcc/startup_same70.o
USBHS_Handler                                     src/ASF/sam/utils/cmsis/same70/source/templates/gcc/startup_same70.o
UsageFault_Handler                                src/ASF/sam/utils/cmsis/same70/source/templates/gcc/startup_same70.o
WDT_Handler                                       src/ASF/sam/utils/cmsis/same70/source/templates/gcc/startup_same70.o
XDMAC_Handler                                     src/ASF/sam/utils/cmsis/same70/source/templates/gcc/startup_same70.o
_Jv_RegisterClasses                               c:/program files (x86)/7.0/toolchain/arm/arm-gnu-toolchain/bin/../lib/gcc/arm-none-eabi/6.3.1/thumb/v7e-m/crtbegin.o
__atexit_recursive_mutex                          c:/program files (x86)/7.0/toolchain/arm/arm-gnu-toolchain/bin/../lib/gcc/arm-none-eabi/6.3.1/../../../../arm-none-eabi/lib/thumb/v7e-m\libc.a(lib_a-__call_atexit.o)
                                                  c:/program files (x86)/7.0/toolchain/arm/arm-gnu-toolchain/bin/../lib/gcc/arm-none-eabi/6.3.1/../../../../arm-none-eabi/lib/thumb/v7e-m\libc.a(lib_a-__atexit.o)
__bss_end__                                       c:/program files (x86)/7.0/toolchain/arm/arm-gnu-toolchain/bin/../lib/gcc/arm-none-eabi/6.3.1/../../../../arm-none-eabi/lib/thumb/v7e-m/crt0.o
__bss_start__                                     c:/program files (x86)/7.0/toolchain/arm/arm-gnu-toolchain/bin/../lib/gcc/arm-none-eabi/6.3.1/../../../../arm-none-eabi/lib/thumb/v7e-m/crt0.o
__call_exitprocs                                  c:/program files (x86)/7.0/toolchain/arm/arm-gnu-toolchain/bin/../lib/gcc/arm-none-eabi/6.3.1/../../../../arm-none-eabi/lib/thumb/v7e-m\libc.a(lib_a-__call_atexit.o)
                                                  c:/program files (x86)/7.0/toolchain/arm/arm-gnu-toolchain/bin/../lib/gcc/arm-none-eabi/6.3.1/../../../../arm-none-eabi/lib/thumb/v7e-m\libc.a(lib_a-exit.o)
__deregister_frame_info                           c:/program files (x86)/7.0/toolchain/arm/arm-gnu-toolchain/bin/../lib/gcc/arm-none-eabi/6.3.1/thumb/v7e-m/crtbegin.o
__dso_handle                                      c:/program files (x86)/7.0/toolchain/arm/arm-gnu-toolchain/bin/../lib/gcc/arm-none-eabi/6.3.1/thumb/v7e-m/crtbegin.o
__fini_array_end                                  c:/program files (x86)/7.0/toolchain/arm/arm-gnu-toolchain/bin/../lib/gcc/arm-none-eabi/6.3.1/../../../../arm-none-eabi/lib/thumb/v7e-m\libc.a(lib_a-fini.o)
__fini_array_start                                c:/program files (x86)/7.0/toolchain/arm/arm-gnu-toolchain/bin/../lib/gcc/arm-none-eabi/6.3.1/../../../../arm-none-eabi/lib/thumb/v7e-m\libc.a(lib_a-fini.o)
__init_array_end                                  c:/program files (x86)/7.0/toolchain/arm/arm-gnu-toolchain/bin/../lib/gcc/arm-none-eabi/6.3.1/../../../../arm-none-eabi/lib/thumb/v7e-m\libc.a(lib_a-init.o)
__init_array_start                                c:/program files (x86)/7.0/toolchain/arm/arm-gnu-toolchain/bin/../lib/gcc/arm-none-eabi/6.3.1/../../../../arm-none-eabi/lib/thumb/v7e-m\libc.a(lib_a-init.o)
__libc_fini                                       c:/program files (x86)/7.0/toolchain/arm/arm-gnu-toolchain/bin/../lib/gcc/arm-none-eabi/6.3.1/../../../../arm-none-eabi/lib/thumb/v7e-m\libc.a(lib_a-__call_atexit.o)
__libc_fini_array                                 c:/program files (x86)/7.0/toolchain/arm/arm-gnu-toolchain/bin/../lib/gcc/arm-none-eabi/6.3.1/../../../../arm-none-eabi/lib/thumb/v7e-m\libc.a(lib_a-fini.o)
                                                  c:/program files (x86)/7.0/toolchain/arm/arm-gnu-toolchain/bin/../lib/gcc/arm-none-eabi/6.3.1/../../../../arm-none-eabi/lib/thumb/v7e-m\libc.a(lib_a-__call_atexit.o)
                                                  c:/program files (x86)/7.0/toolchain/arm/arm-gnu-toolchain/bin/../lib/gcc/arm-none-eabi/6.3.1/../../../../arm-none-eabi/lib/thumb/v7e-m/crt0.o
__libc_init_array                                 c:/program files (x86)/7.0/toolchain/arm/arm-gnu-toolchain/bin/../lib/gcc/arm-none-eabi/6.3.1/../../../../arm-none-eabi/lib/thumb/v7e-m\libc.a(lib_a-init.o)
                                                  src/ASF/sam/utils/cmsis/same70/source/templates/gcc/startup_same70.o
                                                  c:/program files (x86)/7.0/toolchain/arm/arm-gnu-toolchain/bin/../lib/gcc/arm-none-eabi/6.3.1/../../../../arm-none-eabi/lib/thumb/v7e-m/crt0.o
__lock___arc4random_mutex                         c:/program files (x86)/7.0/toolchain/arm/arm-gnu-toolchain/bin/../lib/gcc/arm-none-eabi/6.3.1/../../../../arm-none-eabi/lib/thumb/v7e-m\libc.a(lib_a-lock.o)
__lock___at_quick_exit_mutex                      c:/program files (x86)/7.0/toolchain/arm/arm-gnu-toolchain/bin/../lib/gcc/arm-none-eabi/6.3.1/../../../../arm-none-eabi/lib/thumb/v7e-m\libc.a(lib_a-lock.o)
__lock___atexit_recursive_mutex                   c:/program files (x86)/7.0/toolchain/arm/arm-gnu-toolchain/bin/../lib/gcc/arm-none-eabi/6.3.1/../../../../arm-none-eabi/lib/thumb/v7e-m\libc.a(lib_a-lock.o)
                                                  c:/program files (x86)/7.0/toolchain/arm/arm-gnu-toolchain/bin/../lib/gcc/arm-none-eabi/6.3.1/../../../../arm-none-eabi/lib/thumb/v7e-m\libc.a(lib_a-__call_atexit.o)
__lock___dd_hash_mutex                            c:/program files (x86)/7.0/toolchain/arm/arm-gnu-toolchain/bin/../lib/gcc/arm-none-eabi/6.3.1/../../../../arm-none-eabi/lib/thumb/v7e-m\libc.a(lib_a-lock.o)
__lock___env_recursive_mutex                      c:/program files (x86)/7.0/toolchain/arm/arm-gnu-toolchain/bin/../lib/gcc/arm-none-eabi/6.3.1/../../../../arm-none-eabi/lib/thumb/v7e-m\libc.a(lib_a-lock.o)
__lock___malloc_recursive_mutex                   c:/program files (x86)/7.0/toolchain/arm/arm-gnu-toolchain/bin/../lib/gcc/arm-none-eabi/6.3.1/../../../../arm-none-eabi/lib/thumb/v7e-m\libc.a(lib_a-lock.o)
__lock___sfp_recursive_mutex                      c:/program files (x86)/7.0/toolchain/arm/arm-gnu-toolchain/bin/../lib/gcc/arm-none-eabi/6.3.1/../../../../arm-none-eabi/lib/thumb/v7e-m\libc.a(lib_a-lock.o)
__lock___sinit_recursive_mutex                    c:/program files (x86)/7.0/toolchain/arm/arm-gnu-toolchain/bin/../lib/gcc/arm-none-eabi/6.3.1/../../../../arm-none-eabi/lib/thumb/v7e-m\libc.a(lib_a-lock.o)
__lock___tz_mutex                                 c:/program files (x86)/7.0/toolchain/arm/arm-gnu-toolchain/bin/../lib/gcc/arm-none-eabi/6.3.1/../../../../arm-none-eabi/lib/thumb/v7e-m\libc.a(lib_a-lock.o)
__preinit_array_end                               c:/program files (x86)/7.0/toolchain/arm/arm-gnu-toolchain/bin/../lib/gcc/arm-none-eabi/6.3.1/../../../../arm-none-eabi/lib/thumb/v7e-m\libc.a(lib_a-init.o)
__preinit_array_start                             c:/program files (x86)/7.0/toolchain/arm/arm-gnu-toolchain/bin/../lib/gcc/arm-none-eabi/6.3.1/../../../../arm-none-eabi/lib/thumb/v7e-m\libc.a(lib_a-init.o)
__ram_end__                                       src/ASF/sam/utils/syscalls/gcc/syscalls.o
__register_exitproc                               c:/program files (x86)/7.0/toolchain/arm/arm-gnu-toolchain/bin/../lib/gcc/arm-none-eabi/6.3.1/../../../../arm-none-eabi/lib/thumb/v7e-m\libc.a(lib_a-__atexit.o)
                                                  c:/program files (x86)/7.0/toolchain/arm/arm-gnu-toolchain/bin/../lib/gcc/arm-none-eabi/6.3.1/../../../../arm-none-eabi/lib/thumb/v7e-m\libc.a(lib_a-atexit.o)
__register_frame_info                             c:/program files (x86)/7.0/toolchain/arm/arm-gnu-toolchain/bin/../lib/gcc/arm-none-eabi/6.3.1/thumb/v7e-m/crtbegin.o
__retarget_lock_acquire                           c:/program files (x86)/7.0/toolchain/arm/arm-gnu-toolchain/bin/../lib/gcc/arm-none-eabi/6.3.1/../../../../arm-none-eabi/lib/thumb/v7e-m\libc.a(lib_a-lock.o)
__retarget_lock_acquire_recursive                 c:/program files (x86)/7.0/toolchain/arm/arm-gnu-toolchain/bin/../lib/gcc/arm-none-eabi/6.3.1/../../../../arm-none-eabi/lib/thumb/v7e-m\libc.a(lib_a-lock.o)
                                                  c:/program files (x86)/7.0/toolchain/arm/arm-gnu-toolchain/bin/../lib/gcc/arm-none-eabi/6.3.1/../../../../arm-none-eabi/lib/thumb/v7e-m\libc.a(lib_a-__atexit.o)
                                                  c:/program files (x86)/7.0/toolchain/arm/arm-gnu-toolchain/bin/../lib/gcc/arm-none-eabi/6.3.1/../../../../arm-none-eabi/lib/thumb/v7e-m\libc.a(lib_a-__call_atexit.o)
__retarget_lock_close                             c:/program files (x86)/7.0/toolchain/arm/arm-gnu-toolchain/bin/../lib/gcc/arm-none-eabi/6.3.1/../../../../arm-none-eabi/lib/thumb/v7e-m\libc.a(lib_a-lock.o)
__retarget_lock_close_recursive                   c:/program files (x86)/7.0/toolchain/arm/arm-gnu-toolchain/bin/../lib/gcc/arm-none-eabi/6.3.1/../../../../arm-none-eabi/lib/thumb/v7e-m\libc.a(lib_a-lock.o)
__retarget_lock_init                              c:/program files (x86)/7.0/toolchain/arm/arm-gnu-toolchain/bin/../lib/gcc/arm-none-eabi/6.3.1/../../../../arm-none-eabi/lib/thumb/v7e-m\libc.a(lib_a-lock.o)
__retarget_lock_init_recursive                    c:/program files (x86)/7.0/toolchain/arm/arm-gnu-toolchain/bin/../lib/gcc/arm-none-eabi/6.3.1/../../../../arm-none-eabi/lib/thumb/v7e-m\libc.a(lib_a-lock.o)
__retarget_lock_release                           c:/program files (x86)/7.0/toolchain/arm/arm-gnu-toolchain/bin/../lib/gcc/arm-none-eabi/6.3.1/../../../../arm-none-eabi/lib/thumb/v7e-m\libc.a(lib_a-lock.o)
__retarget_lock_release_recursive                 c:/program files (x86)/7.0/toolchain/arm/arm-gnu-toolchain/bin/../lib/gcc/arm-none-eabi/6.3.1/../../../../arm-none-eabi/lib/thumb/v7e-m\libc.a(lib_a-lock.o)
                                                  c:/program files (x86)/7.0/toolchain/arm/arm-gnu-toolchain/bin/../lib/gcc/arm-none-eabi/6.3.1/../../../../arm-none-eabi/lib/thumb/v7e-m\libc.a(lib_a-__atexit.o)
                                                  c:/program files (x86)/7.0/toolchain/arm/arm-gnu-toolchain/bin/../lib/gcc/arm-none-eabi/6.3.1/../../../../arm-none-eabi/lib/thumb/v7e-m\libc.a(lib_a-__call_atexit.o)
__retarget_lock_try_acquire                       c:/program files (x86)/7.0/toolchain/arm/arm-gnu-toolchain/bin/../lib/gcc/arm-none-eabi/6.3.1/../../../../arm-none-eabi/lib/thumb/v7e-m\libc.a(lib_a-lock.o)
__retarget_lock_try_acquire_recursive             c:/program files (x86)/7.0/toolchain/arm/arm-gnu-toolchain/bin/../lib/gcc/arm-none-eabi/6.3.1/../../../../arm-none-eabi/lib/thumb/v7e-m\libc.a(lib_a-lock.o)
__stack                                           c:/program files (x86)/7.0/toolchain/arm/arm-gnu-toolchain/bin/../lib/gcc/arm-none-eabi/6.3.1/../../../../arm-none-eabi/lib/thumb/v7e-m/crt0.o
_close                                            src/ASF/sam/utils/syscalls/gcc/syscalls.o
_end                                              src/ASF/sam/utils/syscalls/gcc/syscalls.o
_erelocate                                        src/ASF/sam/utils/cmsis/same70/source/templates/gcc/startup_same70.o
_estack                                           src/ASF/sam/utils/cmsis/same70/source/templates/gcc/startup_same70.o
_etext                                            src/ASF/sam/utils/cmsis/same70/source/templates/gcc/startup_same70.o
_exit                                             src/ASF/sam/utils/syscalls/gcc/syscalls.o
                                                  c:/program files (x86)/7.0/toolchain/arm/arm-gnu-toolchain/bin/../lib/gcc/arm-none-eabi/6.3.1/../../../../arm-none-eabi/lib/thumb/v7e-m\libc.a(lib_a-exit.o)
_ezero                                            src/ASF/sam/utils/cmsis/same70/source/templates/gcc/startup_same70.o
_fini                                             c:/program files (x86)/7.0/toolchain/arm/arm-gnu-toolchain/bin/../lib/gcc/arm-none-eabi/6.3.1/thumb/v7e-m/crti.o
                                                  c:/program files (x86)/7.0/toolchain/arm/arm-gnu-toolchain/bin/../lib/gcc/arm-none-eabi/6.3.1/../../../../arm-none-eabi/lib/thumb/v7e-m\libc.a(lib_a-fini.o)
_fstat                                            src/ASF/sam/utils/syscalls/gcc/syscalls.o
_getpid                                           src/ASF/sam/utils/syscalls/gcc/syscalls.o
_global_impure_ptr                                c:/program files (x86)/7.0/toolchain/arm/arm-gnu-toolchain/bin/../lib/gcc/arm-none-eabi/6.3.1/../../../../arm-none-eabi/lib/thumb/v7e-m\libc.a(lib_a-impure.o)
                                                  c:/program files (x86)/7.0/toolchain/arm/arm-gnu-toolchain/bin/../lib/gcc/arm-none-eabi/6.3.1/../../../../arm-none-eabi/lib/thumb/v7e-m\libc.a(lib_a-__atexit.o)
                                                  c:/program files (x86)/7.0/toolchain/arm/arm-gnu-toolchain/bin/../lib/gcc/arm-none-eabi/6.3.1/../../../../arm-none-eabi/lib/thumb/v7e-m\libc.a(lib_a-__call_atexit.o)
                                                  c:/program files (x86)/7.0/toolchain/arm/arm-gnu-toolchain/bin/../lib/gcc/arm-none-eabi/6.3.1/../../../../arm-none-eabi/lib/thumb/v7e-m\libc.a(lib_a-exit.o)
_impure_ptr                                       c:/program files (x86)/7.0/toolchain/arm/arm-gnu-toolchain/bin/../lib/gcc/arm-none-eabi/6.3.1/../../../../arm-none-eabi/lib/thumb/v7e-m\libc.a(lib_a-impure.o)
_init                                             c:/program files (x86)/7.0/toolchain/arm/arm-gnu-toolchain/bin/../lib/gcc/arm-none-eabi/6.3.1/thumb/v7e-m/crti.o
                                                  c:/program files (x86)/7.0/toolchain/arm/arm-gnu-toolchain/bin/../lib/gcc/arm-none-eabi/6.3.1/../../../../arm-none-eabi/lib/thumb/v7e-m\libc.a(lib_a-init.o)
_isatty                                           src/ASF/sam/utils/syscalls/gcc/syscalls.o
_kill                                             src/ASF/sam/utils/syscalls/gcc/syscalls.o
_lseek                                            src/ASF/sam/utils/syscalls/gcc/syscalls.o
_mainCRTStartup                                   c:/program files (x86)/7.0/toolchain/arm/arm-gnu-toolchain/bin/../lib/gcc/arm-none-eabi/6.3.1/../../../../arm-none-eabi/lib/thumb/v7e-m/crt0.o
_sbrk                                             src/ASF/sam/utils/syscalls/gcc/syscalls.o
_sfixed                                           src/ASF/sam/utils/cmsis/same70/source/templates/gcc/startup_same70.o
_srelocate                                        src/ASF/sam/utils/cmsis/same70/source/templates/gcc/startup_same70.o
_start                                            c:/program files (x86)/7.0/toolchain/arm/arm-gnu-toolchain/bin/../lib/gcc/arm-none-eabi/6.3.1/../../../../arm-none-eabi/lib/thumb/v7e-m/crt0.o
_szero                                            src/ASF/sam/utils/cmsis/same70/source/templates/gcc/startup_same70.o
atexit                                            c:/program files (x86)/7.0/toolchain/arm/arm-gnu-toolchain/bin/../lib/gcc/arm-none-eabi/6.3.1/../../../../arm-none-eabi/lib/thumb/v7e-m\libc.a(lib_a-atexit.o)
                                                  c:/program files (x86)/7.0/toolchain/arm/arm-gnu-toolchain/bin/../lib/gcc/arm-none-eabi/6.3.1/../../../../arm-none-eabi/lib/thumb/v7e-m\libc.a(lib_a-__call_atexit.o)
                                                  c:/program files (x86)/7.0/toolchain/arm/arm-gnu-toolchain/bin/../lib/gcc/arm-none-eabi/6.3.1/../../../../arm-none-eabi/lib/thumb/v7e-m/crt0.o
board_init                                        src/ASF/sam/boards/same70_xplained/init.o
                                                  src/main.o
but1_callback                                     src/main.o
but1_flag                                         src/main.o
but2_callback                                     src/main.o
but2_flag                                         src/main.o
but3_callback                                     src/main.o
but3_flag                                         src/main.o
but_callback                                      src/main.o
but_flag                                          src/main.o
config_button                                     src/helpers.o
                                                  src/main.o
cpu_irq_enter_critical                            src/ASF/common/utils/interrupt/interrupt_sam_nvic.o
cpu_irq_leave_critical                            src/ASF/common/utils/interrupt/interrupt_sam_nvic.o
exception_table                                   src/ASF/sam/utils/cmsis/same70/source/templates/gcc/startup_same70.o
exit                                              c:/program files (x86)/7.0/toolchain/arm/arm-gnu-toolchain/bin/../lib/gcc/arm-none-eabi/6.3.1/../../../../arm-none-eabi/lib/thumb/v7e-m\libc.a(lib_a-exit.o)
                                                  c:/program files (x86)/7.0/toolchain/arm/arm-gnu-toolchain/bin/../lib/gcc/arm-none-eabi/6.3.1/../../../../arm-none-eabi/lib/thumb/v7e-m/crt0.o
free                                              c:/program files (x86)/7.0/toolchain/arm/arm-gnu-toolchain/bin/../lib/gcc/arm-none-eabi/6.3.1/../../../../arm-none-eabi/lib/thumb/v7e-m\libc.a(lib_a-__call_atexit.o)
g_interrupt_enabled                               src/ASF/common/utils/interrupt/interrupt_sam_nvic.o
                                                  src/ASF/sam/utils/cmsis/same70/source/templates/gcc/startup_same70.o
                                                  src/ASF/sam/drivers/pmc/sleep.o
                                                  src/ASF/sam/drivers/mpu/mpu.o
gfx_mono_draw_char                                src/oled/gfx_mono_text.o
gfx_mono_draw_progmem_string                      src/oled/gfx_mono_text.o
gfx_mono_draw_string                              src/oled/gfx_mono_text.o
gfx_mono_framebuffer_draw_pixel                   src/oled/gfx_mono_framebuffer.o
gfx_mono_framebuffer_get_byte                     src/oled/gfx_mono_framebuffer.o
                                                  src/oled/gfx_mono_ug_2832hsweg04.o
gfx_mono_framebuffer_get_page                     src/oled/gfx_mono_framebuffer.o
                                                  src/oled/gfx_mono_ug_2832hsweg04.o
gfx_mono_framebuffer_get_pixel                    src/oled/gfx_mono_framebuffer.o
gfx_mono_framebuffer_mask_byte                    src/oled/gfx_mono_framebuffer.o
gfx_mono_framebuffer_put_byte                     src/oled/gfx_mono_framebuffer.o
                                                  src/oled/gfx_mono_ug_2832hsweg04.o
gfx_mono_framebuffer_put_page                     src/oled/gfx_mono_framebuffer.o
                                                  src/oled/gfx_mono_ug_2832hsweg04.o
gfx_mono_generic_draw_circle                      src/oled/gfx_mono_generic.o
gfx_mono_generic_draw_filled_circle               src/oled/gfx_mono_generic.o
gfx_mono_generic_draw_filled_rect                 src/oled/gfx_mono_generic.o
                                                  src/oled/gfx_mono_text.o
gfx_mono_generic_draw_horizontal_line             src/oled/gfx_mono_generic.o
gfx_mono_generic_draw_line                        src/oled/gfx_mono_generic.o
gfx_mono_generic_draw_rect                        src/oled/gfx_mono_generic.o
gfx_mono_generic_draw_vertical_line               src/oled/gfx_mono_generic.o
gfx_mono_generic_put_bitmap                       src/oled/gfx_mono_generic.o
gfx_mono_get_progmem_string_bounding_box          src/oled/gfx_mono_text.o
gfx_mono_get_string_bounding_box                  src/oled/gfx_mono_text.o
gfx_mono_set_framebuffer                          src/oled/gfx_mono_framebuffer.o
                                                  src/oled/gfx_mono_ug_2832hsweg04.o
gfx_mono_ssd1306_draw_pixel                       src/oled/gfx_mono_ug_2832hsweg04.o
                                                  src/oled/gfx_mono_text.o
                                                  src/oled/gfx_mono_generic.o
gfx_mono_ssd1306_get_byte                         src/oled/gfx_mono_ug_2832hsweg04.o
                                                  src/oled/gfx_mono_generic.o
                                                  src/oled/gfx_mono_framebuffer.o
gfx_mono_ssd1306_get_page                         src/oled/gfx_mono_ug_2832hsweg04.o
gfx_mono_ssd1306_get_pixel                        src/oled/gfx_mono_ug_2832hsweg04.o
gfx_mono_ssd1306_init                             src/oled/gfx_mono_ug_2832hsweg04.o
                                                  src/main.o
gfx_mono_ssd1306_mask_byte                        src/oled/gfx_mono_ug_2832hsweg04.o
                                                  src/oled/gfx_mono_generic.o
gfx_mono_ssd1306_put_byte                         src/oled/gfx_mono_ug_2832hsweg04.o
                                                  src/oled/gfx_mono_generic.o
                                                  src/oled/gfx_mono_framebuffer.o
gfx_mono_ssd1306_put_framebuffer                  src/oled/gfx_mono_ug_2832hsweg04.o
gfx_mono_ssd1306_put_page                         src/oled/gfx_mono_ug_2832hsweg04.o
                                                  src/oled/gfx_mono_generic.o
hardware_init_hook                                c:/program files (x86)/7.0/toolchain/arm/arm-gnu-toolchain/bin/../lib/gcc/arm-none-eabi/6.3.1/../../../../arm-none-eabi/lib/thumb/v7e-m/crt0.o
io_init                                           src/main.o
link                                              src/ASF/sam/utils/syscalls/gcc/syscalls.o
main                                              src/main.o
                                                  src/ASF/sam/utils/cmsis/same70/source/templates/gcc/startup_same70.o
                                                  c:/program files (x86)/7.0/toolchain/arm/arm-gnu-toolchain/bin/../lib/gcc/arm-none-eabi/6.3.1/../../../../arm-none-eabi/lib/thumb/v7e-m/crt0.o
malloc                                            c:/program files (x86)/7.0/toolchain/arm/arm-gnu-toolchain/bin/../lib/gcc/arm-none-eabi/6.3.1/../../../../arm-none-eabi/lib/thumb/v7e-m\libc.a(lib_a-__atexit.o)
memset                                            c:/program files (x86)/7.0/toolchain/arm/arm-gnu-toolchain/bin/../lib/gcc/arm-none-eabi/6.3.1/../../../../arm-none-eabi/lib/thumb/v7e-m\libc.a(lib_a-memset.o)
                                                  c:/program files (x86)/7.0/toolchain/arm/arm-gnu-toolchain/bin/../lib/gcc/arm-none-eabi/6.3.1/../../../../arm-none-eabi/lib/thumb/v7e-m/crt0.o
mpu_cal_mpu_region_size                           src/ASF/sam/drivers/mpu/mpu.o
mpu_disable_region                                src/ASF/sam/drivers/mpu/mpu.o
mpu_enable                                        src/ASF/sam/drivers/mpu/mpu.o
mpu_set_region                                    src/ASF/sam/drivers/mpu/mpu.o
mpu_set_region_num                                src/ASF/sam/drivers/mpu/mpu.o
mpu_update_regions                                src/ASF/sam/drivers/mpu/mpu.o
pin_toggle                                        src/main.o
pio_capture_disable                               src/ASF/sam/drivers/pio/pio.o
pio_capture_disable_interrupt                     src/ASF/sam/drivers/pio/pio.o
pio_capture_enable                                src/ASF/sam/drivers/pio/pio.o
pio_capture_enable_flag                           src/ASF/sam/drivers/pio/pio.o
pio_capture_enable_interrupt                      src/ASF/sam/drivers/pio/pio.o
pio_capture_get_interrupt_mask                    src/ASF/sam/drivers/pio/pio.o
pio_capture_get_interrupt_status                  src/ASF/sam/drivers/pio/pio.o
pio_capture_read                                  src/ASF/sam/drivers/pio/pio.o
pio_capture_set_mode                              src/ASF/sam/drivers/pio/pio.o
pio_clear                                         src/ASF/sam/drivers/pio/pio.o
                                                  src/main.o
pio_configure                                     src/ASF/sam/drivers/pio/pio.o
                                                  src/main.o
                                                  src/oled/ssd1306.o
                                                  src/helpers.o
pio_configure_interrupt                           src/ASF/sam/drivers/pio/pio.o
                                                  src/ASF/sam/drivers/pio/pio_handler.o
pio_configure_pin                                 src/ASF/sam/drivers/pio/pio.o
pio_configure_pin_group                           src/ASF/sam/drivers/pio/pio.o
pio_disable_interrupt                             src/ASF/sam/drivers/pio/pio.o
                                                  src/ASF/sam/drivers/pio/pio_handler.o
pio_disable_output_write                          src/ASF/sam/drivers/pio/pio.o
pio_disable_pin_interrupt                         src/ASF/sam/drivers/pio/pio.o
pio_enable_interrupt                              src/ASF/sam/drivers/pio/pio.o
                                                  src/ASF/sam/drivers/pio/pio_handler.o
                                                  src/helpers.o
pio_enable_output_write                           src/ASF/sam/drivers/pio/pio.o
pio_enable_pin_interrupt                          src/ASF/sam/drivers/pio/pio.o
pio_get                                           src/ASF/sam/drivers/pio/pio.o
pio_get_interrupt_mask                            src/ASF/sam/drivers/pio/pio.o
                                                  src/ASF/sam/drivers/pio/pio_handler.o
pio_get_interrupt_status                          src/ASF/sam/drivers/pio/pio.o
                                                  src/ASF/sam/drivers/pio/pio_handler.o
                                                  src/helpers.o
pio_get_multi_driver_status                       src/ASF/sam/drivers/pio/pio.o
pio_get_output_data_status                        src/ASF/sam/drivers/pio/pio.o
                                                  src/main.o
pio_get_output_write_status                       src/ASF/sam/drivers/pio/pio.o
pio_get_pin_group                                 src/ASF/sam/drivers/pio/pio.o
                                                  src/ASF/sam/drivers/pio/pio_handler.o
pio_get_pin_group_id                              src/ASF/sam/drivers/pio/pio.o
                                                  src/ASF/sam/drivers/pio/pio_handler.o
pio_get_pin_group_mask                            src/ASF/sam/drivers/pio/pio.o
                                                  src/ASF/sam/drivers/pio/pio_handler.o
pio_get_pin_value                                 src/ASF/sam/drivers/pio/pio.o
pio_get_schmitt_trigger                           src/ASF/sam/drivers/pio/pio.o
pio_get_writeprotect_status                       src/ASF/sam/drivers/pio/pio.o
pio_handler_process                               src/ASF/sam/drivers/pio/pio_handler.o
pio_handler_set                                   src/ASF/sam/drivers/pio/pio_handler.o
                                                  src/helpers.o
pio_handler_set_pin                               src/ASF/sam/drivers/pio/pio_handler.o
pio_handler_set_priority                          src/ASF/sam/drivers/pio/pio_handler.o
pio_pull_down                                     src/ASF/sam/drivers/pio/pio.o
pio_pull_up                                       src/ASF/sam/drivers/pio/pio.o
pio_set                                           src/ASF/sam/drivers/pio/pio.o
                                                  src/main.o
pio_set_additional_interrupt_mode                 src/ASF/sam/drivers/pio/pio.o
pio_set_debounce_filter                           src/ASF/sam/drivers/pio/pio.o
                                                  src/helpers.o
pio_set_input                                     src/ASF/sam/drivers/pio/pio.o
pio_set_io_drive                                  src/ASF/sam/drivers/pio/pio.o
pio_set_multi_driver                              src/ASF/sam/drivers/pio/pio.o
pio_set_output                                    src/ASF/sam/drivers/pio/pio.o
pio_set_peripheral                                src/ASF/sam/drivers/pio/pio.o
pio_set_pin_group_high                            src/ASF/sam/drivers/pio/pio.o
pio_set_pin_group_low                             src/ASF/sam/drivers/pio/pio.o
pio_set_pin_high                                  src/ASF/sam/drivers/pio/pio.o
pio_set_pin_low                                   src/ASF/sam/drivers/pio/pio.o
pio_set_schmitt_trigger                           src/ASF/sam/drivers/pio/pio.o
pio_set_writeprotect                              src/ASF/sam/drivers/pio/pio.o
pio_sync_output_write                             src/ASF/sam/drivers/pio/pio.o
pio_toggle_pin                                    src/ASF/sam/drivers/pio/pio.o
pio_toggle_pin_group                              src/ASF/sam/drivers/pio/pio.o
pmc_clr_fast_startup_input                        src/ASF/sam/drivers/pmc/pmc.o
pmc_disable_all_pck                               src/ASF/sam/drivers/pmc/pmc.o
pmc_disable_all_periph_clk                        src/ASF/sam/drivers/pmc/pmc.o
pmc_disable_clock_failure_detector                src/ASF/sam/drivers/pmc/pmc.o
pmc_disable_interrupt                             src/ASF/sam/drivers/pmc/pmc.o
pmc_disable_pck                                   src/ASF/sam/drivers/pmc/pmc.o
pmc_disable_periph_clk                            src/ASF/sam/drivers/pmc/pmc.o
                                                  src/ASF/sam/drivers/spi/spi.o
pmc_disable_pllack                                src/ASF/sam/drivers/pmc/pmc.o
                                                  src/ASF/sam/drivers/pmc/sleep.o
                                                  src/ASF/common/services/clock/same70/sysclk.o
pmc_disable_sclk_osc_freq_monitor                 src/ASF/sam/drivers/pmc/pmc.o
pmc_disable_sleepwalking                          src/ASF/sam/drivers/pmc/pmc.o
pmc_disable_udpck                                 src/ASF/sam/drivers/pmc/pmc.o
                                                  src/ASF/common/services/clock/same70/sysclk.o
pmc_disable_upll_clock                            src/ASF/sam/drivers/pmc/pmc.o
pmc_enable_all_pck                                src/ASF/sam/drivers/pmc/pmc.o
pmc_enable_all_periph_clk                         src/ASF/sam/drivers/pmc/pmc.o
pmc_enable_backupmode                             src/ASF/sam/drivers/pmc/pmc.o
pmc_enable_clock_failure_detector                 src/ASF/sam/drivers/pmc/pmc.o
pmc_enable_interrupt                              src/ASF/sam/drivers/pmc/pmc.o
pmc_enable_pck                                    src/ASF/sam/drivers/pmc/pmc.o
pmc_enable_periph_clk                             src/ASF/sam/drivers/pmc/pmc.o
                                                  src/main.o
                                                  src/ASF/sam/boards/same70_xplained/init.o
                                                  src/helpers.o
                                                  src/ASF/sam/drivers/spi/spi.o
pmc_enable_pllack                                 src/ASF/sam/drivers/pmc/pmc.o
pmc_enable_sclk_osc_freq_monitor                  src/ASF/sam/drivers/pmc/pmc.o
pmc_enable_sleepmode                              src/ASF/sam/drivers/pmc/pmc.o
pmc_enable_sleepwalking                           src/ASF/sam/drivers/pmc/pmc.o
pmc_enable_udpck                                  src/ASF/sam/drivers/pmc/pmc.o
                                                  src/ASF/common/services/clock/same70/sysclk.o
pmc_enable_upll_clock                             src/ASF/sam/drivers/pmc/pmc.o
                                                  src/ASF/common/services/clock/same70/sysclk.o
pmc_enable_waitmode                               src/ASF/sam/drivers/pmc/pmc.o
                                                  src/ASF/sam/drivers/pmc/sleep.o
pmc_get_active_status0                            src/ASF/sam/drivers/pmc/pmc.o
pmc_get_active_status1                            src/ASF/sam/drivers/pmc/pmc.o
pmc_get_interrupt_mask                            src/ASF/sam/drivers/pmc/pmc.o
pmc_get_sleepwalking_status0                      src/ASF/sam/drivers/pmc/pmc.o
pmc_get_sleepwalking_status1                      src/ASF/sam/drivers/pmc/pmc.o
pmc_get_status                                    src/ASF/sam/drivers/pmc/pmc.o
pmc_get_writeprotect_status                       src/ASF/sam/drivers/pmc/pmc.o
pmc_is_locked_pllack                              src/ASF/sam/drivers/pmc/pmc.o
                                                  src/ASF/common/services/clock/same70/sysclk.o
pmc_is_locked_upll                                src/ASF/sam/drivers/pmc/pmc.o
pmc_is_pck_enabled                                src/ASF/sam/drivers/pmc/pmc.o
pmc_is_periph_clk_enabled                         src/ASF/sam/drivers/pmc/pmc.o
pmc_is_wakeup_clocks_restored                     src/ASF/sam/drivers/pmc/sleep.o
pmc_mainck_osc_select                             src/ASF/sam/drivers/pmc/pmc.o
pmc_mck_set_division                              src/ASF/sam/drivers/pmc/pmc.o
                                                  src/ASF/common/services/clock/same70/sysclk.o
pmc_mck_set_prescaler                             src/ASF/sam/drivers/pmc/pmc.o
                                                  src/ASF/common/services/clock/same70/sysclk.o
pmc_mck_set_source                                src/ASF/sam/drivers/pmc/pmc.o
                                                  src/ASF/common/services/clock/same70/sysclk.o
pmc_osc_bypass_main_xtal                          src/ASF/sam/drivers/pmc/pmc.o
pmc_osc_disable_fastrc                            src/ASF/sam/drivers/pmc/pmc.o
pmc_osc_disable_main_xtal                         src/ASF/sam/drivers/pmc/pmc.o
pmc_osc_disable_xtal                              src/ASF/sam/drivers/pmc/pmc.o
pmc_osc_enable_fastrc                             src/ASF/sam/drivers/pmc/pmc.o
pmc_osc_enable_main_xtal                          src/ASF/sam/drivers/pmc/pmc.o
pmc_osc_is_bypassed_main_xtal                     src/ASF/sam/drivers/pmc/pmc.o
pmc_osc_is_ready_32kxtal                          src/ASF/sam/drivers/pmc/pmc.o
pmc_osc_is_ready_fastrc                           src/ASF/sam/drivers/pmc/pmc.o
pmc_osc_is_ready_main_xtal                        src/ASF/sam/drivers/pmc/pmc.o
pmc_osc_is_ready_mainck                           src/ASF/sam/drivers/pmc/pmc.o
                                                  src/ASF/common/services/clock/same70/sysclk.o
pmc_pck_set_prescaler                             src/ASF/sam/drivers/pmc/pmc.o
pmc_pck_set_source                                src/ASF/sam/drivers/pmc/pmc.o
pmc_set_fast_startup_input                        src/ASF/sam/drivers/pmc/pmc.o
pmc_set_flash_in_wait_mode                        src/ASF/sam/drivers/pmc/pmc.o
                                                  src/ASF/sam/drivers/pmc/sleep.o
pmc_set_writeprotect                              src/ASF/sam/drivers/pmc/pmc.o
pmc_sleep                                         src/ASF/sam/drivers/pmc/sleep.o
pmc_switch_mainck_to_fastrc                       src/ASF/sam/drivers/pmc/pmc.o
pmc_switch_mainck_to_xtal                         src/ASF/sam/drivers/pmc/pmc.o
                                                  src/ASF/common/services/clock/same70/sysclk.o
pmc_switch_mck_to_mainck                          src/ASF/sam/drivers/pmc/pmc.o
pmc_switch_mck_to_pllack                          src/ASF/sam/drivers/pmc/pmc.o
                                                  src/ASF/common/services/clock/same70/sysclk.o
pmc_switch_mck_to_sclk                            src/ASF/sam/drivers/pmc/pmc.o
pmc_switch_mck_to_upllck                          src/ASF/sam/drivers/pmc/pmc.o
pmc_switch_pck_to_mainck                          src/ASF/sam/drivers/pmc/pmc.o
pmc_switch_pck_to_mck                             src/ASF/sam/drivers/pmc/pmc.o
pmc_switch_pck_to_pllack                          src/ASF/sam/drivers/pmc/pmc.o
pmc_switch_pck_to_sclk                            src/ASF/sam/drivers/pmc/pmc.o
pmc_switch_pck_to_upllck                          src/ASF/sam/drivers/pmc/pmc.o
pmc_switch_sclk_to_32kxtal                        src/ASF/sam/drivers/pmc/pmc.o
pmc_switch_udpck_to_pllack                        src/ASF/sam/drivers/pmc/pmc.o
pmc_switch_udpck_to_upllck                        src/ASF/sam/drivers/pmc/pmc.o
                                                  src/ASF/common/services/clock/same70/sysclk.o
pmc_wait_wakeup_clocks_restore                    src/ASF/sam/drivers/pmc/sleep.o
portable_delay_cycles                             src/ASF/common/services/delay/sam/cycle_counter.o
                                                  src/oled/ssd1306.o
rtc_clear_date_alarm                              src/ASF/sam/drivers/rtc/rtc.o
rtc_clear_status                                  src/ASF/sam/drivers/rtc/rtc.o
rtc_clear_time_alarm                              src/ASF/sam/drivers/rtc/rtc.o
rtc_disable_interrupt                             src/ASF/sam/drivers/rtc/rtc.o
rtc_enable_interrupt                              src/ASF/sam/drivers/rtc/rtc.o
                                                  src/helpers.o
rtc_get_date                                      src/ASF/sam/drivers/rtc/rtc.o
rtc_get_hour_mode                                 src/ASF/sam/drivers/rtc/rtc.o
rtc_get_interrupt_mask                            src/ASF/sam/drivers/rtc/rtc.o
rtc_get_status                                    src/ASF/sam/drivers/rtc/rtc.o
rtc_get_time                                      src/ASF/sam/drivers/rtc/rtc.o
rtc_get_valid_entry                               src/ASF/sam/drivers/rtc/rtc.o
rtc_set_calendar_event                            src/ASF/sam/drivers/rtc/rtc.o
rtc_set_date                                      src/ASF/sam/drivers/rtc/rtc.o
                                                  src/helpers.o
rtc_set_date_alarm                                src/ASF/sam/drivers/rtc/rtc.o
rtc_set_hour_mode                                 src/ASF/sam/drivers/rtc/rtc.o
                                                  src/helpers.o
rtc_set_pulse_parameter                           src/ASF/sam/drivers/rtc/rtc.o
rtc_set_time                                      src/ASF/sam/drivers/rtc/rtc.o
                                                  src/helpers.o
rtc_set_time_alarm                                src/ASF/sam/drivers/rtc/rtc.o
rtc_set_time_event                                src/ASF/sam/drivers/rtc/rtc.o
rtc_set_waveform                                  src/ASF/sam/drivers/rtc/rtc.o
rtt_disable                                       src/ASF/sam/drivers/rtt/rtt.o
rtt_disable_interrupt                             src/ASF/sam/drivers/rtt/rtt.o
                                                  src/helpers.o
rtt_enable                                        src/ASF/sam/drivers/rtt/rtt.o
rtt_enable_interrupt                              src/ASF/sam/drivers/rtt/rtt.o